Archive member included to satisfy reference by file (symbol)

/user/HS400/ba01081/com1031/arm-toolchain/bin/../lib/gcc/arm-none-eabi/12.3.1/thumb/v6-m/nofp/libgcc.a(_dvmd_tls.o)
                              CMakeFiles/out.dir/user/HS400/ba01081/com1031/pico-sdk/src/rp2_common/pico_divider/divider.S.obj (__aeabi_idiv0)
/user/HS400/ba01081/com1031/arm-toolchain/bin/../lib/gcc/arm-none-eabi/12.3.1/../../../../arm-none-eabi/lib/thumb/v6-m/nofp/libg.a(libc_a-malloc.o)
                              CMakeFiles/out.dir/user/HS400/ba01081/com1031/pico-sdk/src/rp2_common/pico_malloc/pico_malloc.c.obj (malloc)
/user/HS400/ba01081/com1031/arm-toolchain/bin/../lib/gcc/arm-none-eabi/12.3.1/../../../../arm-none-eabi/lib/thumb/v6-m/nofp/libg.a(libc_a-mallocr.o)
                              /user/HS400/ba01081/com1031/arm-toolchain/bin/../lib/gcc/arm-none-eabi/12.3.1/../../../../arm-none-eabi/lib/thumb/v6-m/nofp/libg.a(libc_a-malloc.o) (_malloc_r)
/user/HS400/ba01081/com1031/arm-toolchain/bin/../lib/gcc/arm-none-eabi/12.3.1/../../../../arm-none-eabi/lib/thumb/v6-m/nofp/libg.a(libc_a-init.o)
                              /user/HS400/ba01081/com1031/arm-toolchain/bin/../lib/gcc/arm-none-eabi/12.3.1/../../../../arm-none-eabi/lib/thumb/v6-m/nofp/crt0.o (__libc_init_array)
/user/HS400/ba01081/com1031/arm-toolchain/bin/../lib/gcc/arm-none-eabi/12.3.1/../../../../arm-none-eabi/lib/thumb/v6-m/nofp/libg.a(libc_a-sysconf.o)
                              /user/HS400/ba01081/com1031/arm-toolchain/bin/../lib/gcc/arm-none-eabi/12.3.1/../../../../arm-none-eabi/lib/thumb/v6-m/nofp/libg.a(libc_a-mallocr.o) (sysconf)
/user/HS400/ba01081/com1031/arm-toolchain/bin/../lib/gcc/arm-none-eabi/12.3.1/../../../../arm-none-eabi/lib/thumb/v6-m/nofp/libg.a(libc_a-mlock.o)
                              /user/HS400/ba01081/com1031/arm-toolchain/bin/../lib/gcc/arm-none-eabi/12.3.1/../../../../arm-none-eabi/lib/thumb/v6-m/nofp/libg.a(libc_a-mallocr.o) (__malloc_lock)
/user/HS400/ba01081/com1031/arm-toolchain/bin/../lib/gcc/arm-none-eabi/12.3.1/../../../../arm-none-eabi/lib/thumb/v6-m/nofp/libg.a(libc_a-calloc.o)
                              CMakeFiles/out.dir/user/HS400/ba01081/com1031/pico-sdk/src/rp2_common/pico_malloc/pico_malloc.c.obj (calloc)
/user/HS400/ba01081/com1031/arm-toolchain/bin/../lib/gcc/arm-none-eabi/12.3.1/../../../../arm-none-eabi/lib/thumb/v6-m/nofp/libg.a(libc_a-callocr.o)
                              /user/HS400/ba01081/com1031/arm-toolchain/bin/../lib/gcc/arm-none-eabi/12.3.1/../../../../arm-none-eabi/lib/thumb/v6-m/nofp/libg.a(libc_a-calloc.o) (_calloc_r)
/user/HS400/ba01081/com1031/arm-toolchain/bin/../lib/gcc/arm-none-eabi/12.3.1/../../../../arm-none-eabi/lib/thumb/v6-m/nofp/libg.a(libc_a-realloc.o)
                              CMakeFiles/out.dir/user/HS400/ba01081/com1031/pico-sdk/src/rp2_common/pico_malloc/pico_malloc.c.obj (realloc)
/user/HS400/ba01081/com1031/arm-toolchain/bin/../lib/gcc/arm-none-eabi/12.3.1/../../../../arm-none-eabi/lib/thumb/v6-m/nofp/libg.a(libc_a-impure.o)
                              /user/HS400/ba01081/com1031/arm-toolchain/bin/../lib/gcc/arm-none-eabi/12.3.1/../../../../arm-none-eabi/lib/thumb/v6-m/nofp/libg.a(libc_a-malloc.o) (_impure_ptr)
/user/HS400/ba01081/com1031/arm-toolchain/bin/../lib/gcc/arm-none-eabi/12.3.1/../../../../arm-none-eabi/lib/thumb/v6-m/nofp/libg.a(libc_a-findfp.o)
                              /user/HS400/ba01081/com1031/arm-toolchain/bin/../lib/gcc/arm-none-eabi/12.3.1/../../../../arm-none-eabi/lib/thumb/v6-m/nofp/libg.a(libc_a-impure.o) (__sf)
/user/HS400/ba01081/com1031/arm-toolchain/bin/../lib/gcc/arm-none-eabi/12.3.1/../../../../arm-none-eabi/lib/thumb/v6-m/nofp/libg.a(libc_a-strlen-stub.o)
                              CMakeFiles/out.dir/user/HS400/ba01081/com1031/pico-sdk/src/rp2_common/pico_stdio/stdio.c.obj (strlen)
/user/HS400/ba01081/com1031/arm-toolchain/bin/../lib/gcc/arm-none-eabi/12.3.1/../../../../arm-none-eabi/lib/thumb/v6-m/nofp/libg.a(libc_a-reallocr.o)
                              /user/HS400/ba01081/com1031/arm-toolchain/bin/../lib/gcc/arm-none-eabi/12.3.1/../../../../arm-none-eabi/lib/thumb/v6-m/nofp/libg.a(libc_a-realloc.o) (_realloc_r)
/user/HS400/ba01081/com1031/arm-toolchain/bin/../lib/gcc/arm-none-eabi/12.3.1/../../../../arm-none-eabi/lib/thumb/v6-m/nofp/libg.a(libc_a-freer.o)
                              /user/HS400/ba01081/com1031/arm-toolchain/bin/../lib/gcc/arm-none-eabi/12.3.1/../../../../arm-none-eabi/lib/thumb/v6-m/nofp/libg.a(libc_a-malloc.o) (_free_r)
/user/HS400/ba01081/com1031/arm-toolchain/bin/../lib/gcc/arm-none-eabi/12.3.1/../../../../arm-none-eabi/lib/thumb/v6-m/nofp/libg.a(libc_a-stdio.o)
                              /user/HS400/ba01081/com1031/arm-toolchain/bin/../lib/gcc/arm-none-eabi/12.3.1/../../../../arm-none-eabi/lib/thumb/v6-m/nofp/libg.a(libc_a-findfp.o) (__sread)
/user/HS400/ba01081/com1031/arm-toolchain/bin/../lib/gcc/arm-none-eabi/12.3.1/../../../../arm-none-eabi/lib/thumb/v6-m/nofp/libg.a(libc_a-sbrkr.o)
[...]
Memory Configuration

Name             Origin             Length             Attributes
FLASH            0x10000000         0x00200000         xr
RAM              0x20000000         0x00040000         xrw
SCRATCH_X        0x20040000         0x00001000         xrw
SCRATCH_Y        0x20041000         0x00001000         xrw
*default*        0x00000000         0xffffffff

Linker script and memory map

LOAD /user/HS400/ba01081/com1031/arm-toolchain/bin/../lib/gcc/arm-none-eabi/12.3.1/thumb/v6-m/nofp/crti.o
LOAD /user/HS400/ba01081/com1031/arm-toolchain/bin/../lib/gcc/arm-none-eabi/12.3.1/thumb/v6-m/nofp/crtbegin.o
LOAD /user/HS400/ba01081/com1031/arm-toolchain/bin/../lib/gcc/arm-none-eabi/12.3.1/../../../../arm-none-eabi/lib/thumb/v6-m/nofp/crt0.o

.flash_begin    0x10000000        0x0
                0x10000000                        __flash_binary_start = .

.boot2          0x10000000      0x100
                0x10000000                        __boot2_start__ = .
 *(.boot2)
 .boot2         0x10000000      0x100 /tmp/cc8ohawp.o
                0x10000100                        __boot2_end__ = .
                0x00000001                        ASSERT (((__boot2_end__ - __boot2_start__) == 0x100), ERROR: Pico second stage bootloader must be 256 bytes in size)

.text           0x10000100     0x4540
                0x10000100                        __logical_binary_start = .
 *(.vectors)
 .vectors       0x10000100       0xd4 CMakeFiles/out.dir/user/HS400/ba01081/com1031/pico-sdk/src/rp2_common/pico_standard_link/crt0.S.obj
                0x10000100                __vectors
                0x10000100                __VECTOR_TABLE
                0x100001c0                isr_invalid
                0x100001c0                __default_isrs_start
                0x100001c2                isr_nmi
                0x100001c4                isr_hardfault
                0x100001c6                isr_svcall
                0x100001c8                isr_pendsv
                0x100001ca                isr_systick
                0x100001cc                isr_irq30
                0x100001cc                __unhandled_user_irq
                0x100001cc                isr_irq13
                0x100001cc                isr_irq27
                0x100001cc                isr_irq31
                0x100001cc                isr_irq5
                0x100001cc                isr_irq11
                0x100001cc                isr_irq23
                0x100001cc                isr_irq18
                0x100001cc                isr_irq28
                0x100001cc                isr_irq19
                0x100001cc                isr_irq0
                0x100001cc                isr_irq6
                0x100001cc                isr_irq22
                0x100001cc                isr_irq17
                0x100001cc                isr_irq14
                0x100001cc                isr_irq2
                0x100001cc                isr_irq10
                0x100001cc                isr_irq8
                0x100001cc                isr_irq24
                0x100001cc                isr_irq1
                0x100001cc                isr_irq7
                0x100001cc                isr_irq21
                0x100001cc                isr_irq20
                0x100001cc                isr_irq15
                0x100001cc                isr_irq25
                0x100001cc                isr_irq4
                0x100001cc                isr_irq16
                0x100001cc                isr_irq29
                0x100001cc                isr_irq26
                0x100001cc                __default_isrs_end
                0x100001cc                isr_irq3
                0x100001cc                isr_irq12
                0x100001cc                isr_irq9
                0x100001d2                unhandled_user_irq_num_in_r0
 *(.binary_info_header)
 .binary_info_header
                0x100001d4       0x14 CMakeFiles/out.dir/user/HS400/ba01081/com1031/pico-sdk/src/rp2_common/pico_standard_link/crt0.S.obj
                0x100001e8                        __binary_info_header_end = .
 *(.reset)
 .reset         0x100001e8       0xa0 CMakeFiles/out.dir/user/HS400/ba01081/com1031/pico-sdk/src/rp2_common/pico_standard_link/crt0.S.obj
                0x100001e8                _entry_point
 .reset         0x10000288       0x24 CMakeFiles/out.dir/user/HS400/ba01081/com1031/pico-sdk/src/rp2_common/pico_standard_link/binary_info.c.obj
 *(.init)
 .init          0x100002ac        0x4 /user/HS400/ba01081/com1031/arm-toolchain/bin/../lib/gcc/arm-none-eabi/12.3.1/thumb/v6-m/nofp/crti.o
                0x100002ac                _init
 *(EXCLUDE_FILE(*libm.a: *libc.a:*lib_a-mem*.o *libgcc.a:) .text*)
 .text.register_tm_clones
                0x100002b0       0x28 /user/HS400/ba01081/com1031/arm-toolchain/bin/../lib/gcc/arm-none-eabi/12.3.1/thumb/v6-m/nofp/crtbegin.o
 .text.frame_dummy
                0x100002d8       0x24 /user/HS400/ba01081/com1031/arm-toolchain/bin/../lib/gcc/arm-none-eabi/12.3.1/thumb/v6-m/nofp/crtbegin.o
 .text.seven_segment_show
                0x100002fc       0x40 CMakeFiles/out.dir/morse_code.c.obj
                0x100002fc                seven_segment_show
 .text.seven_segment_init
                0x1000033c       0x38 CMakeFiles/out.dir/morse_code.c.obj
                0x1000033c                seven_segment_init
 .text.seven_segment_off
                0x10000374       0x20 CMakeFiles/out.dir/morse_code.c.obj
                0x10000374                seven_segment_off
 .text.checkButton
                0x10000394       0x34 CMakeFiles/out.dir/morse_code.c.obj
                0x10000394                checkButton
 .text.main     0x100003c8       0x5c CMakeFiles/out.dir/morse_code.c.obj
                0x100003c8                main
 .text.gpio_set_function
                0x10000424       0x30 CMakeFiles/out.dir/user/HS400/ba01081/com1031/pico-sdk/src/rp2_common/hardware_gpio/gpio.c.obj
                0x10000424                gpio_set_function
 .text.gpio_set_pulls
                0x10000454       0x34 CMakeFiles/out.dir/user/HS400/ba01081/com1031/pico-sdk/src/rp2_common/hardware_gpio/gpio.c.obj
                0x10000454                gpio_set_pulls
 .text.gpio_init
                0x10000488       0x16 CMakeFiles/out.dir/user/HS400/ba01081/com1031/pico-sdk/src/rp2_common/hardware_gpio/gpio.c.obj
                0x10000488                gpio_init
 *fill*         0x1000049e        0x2 
 .text.running_on_fpga
                0x100004a0       0x14 CMakeFiles/out.dir/user/HS400/ba01081/com1031/pico-sdk/src/rp2_common/pico_platform/platform.c.obj
                0x100004a0                running_on_fpga
 .text.hw_claim_lock
                0x100004b4       0x18 CMakeFiles/out.dir/user/HS400/ba01081/com1031/pico-sdk/src/rp2_common/hardware_claim/claim.c.obj
                0x100004b4                hw_claim_lock
 .text.hw_claim_unlock
                0x100004cc       0x14 CMakeFiles/out.dir/user/HS400/ba01081/com1031/pico-sdk/src/rp2_common/hardware_claim/claim.c.obj
                0x100004cc                hw_claim_unlock
 .text.hw_claim_or_assert
                0x100004e0       0x32 CMakeFiles/out.dir/user/HS400/ba01081/com1031/pico-sdk/src/rp2_common/hardware_claim/claim.c.obj
                0x100004e0                hw_claim_or_assert
 *fill*         0x10000512        0x2 
 .text.spin_locks_reset
                0x10000514       0x20 CMakeFiles/out.dir/user/HS400/ba01081/com1031/pico-sdk/src/rp2_common/hardware_sync/sync.c.obj
                0x10000514                spin_locks_reset
 .text.next_striped_spin_lock_num
                0x10000534       0x1c CMakeFiles/out.dir/user/HS400/ba01081/com1031/pico-sdk/src/rp2_common/hardware_sync/sync.c.obj
                0x10000534                next_striped_spin_lock_num
 .text.set_raw_irq_handler_and_unlock
                0x10000550       0x28 CMakeFiles/out.dir/user/HS400/ba01081/com1031/pico-sdk/src/rp2_common/hardware_irq/irq.c.obj
 .text.resolve_branch
                0x10000578       0x30 CMakeFiles/out.dir/user/HS400/ba01081/com1031/pico-sdk/src/rp2_common/hardware_irq/irq.c.obj
 .text.make_branch
                0x100005a8       0x48 CMakeFiles/out.dir/user/HS400/ba01081/com1031/pico-sdk/src/rp2_common/hardware_irq/irq.c.obj
 .text.insert_branch_and_link
                0x100005f0       0x40 CMakeFiles/out.dir/user/HS400/ba01081/com1031/pico-sdk/src/rp2_common/hardware_irq/irq.c.obj
 .text.irq_is_enabled
                0x10000630       0x18 CMakeFiles/out.dir/user/HS400/ba01081/com1031/pico-sdk/src/rp2_common/hardware_irq/irq.c.obj
                0x10000630                irq_is_enabled
 .text.irq_set_mask_enabled
                0x10000648       0x20 CMakeFiles/out.dir/user/HS400/ba01081/com1031/pico-sdk/src/rp2_common/hardware_irq/irq.c.obj
                0x10000648                irq_set_mask_enabled
 .text.irq_set_enabled
                0x10000668        0xe CMakeFiles/out.dir/user/HS400/ba01081/com1031/pico-sdk/src/rp2_common/hardware_irq/irq.c.obj
                0x10000668                irq_set_enabled
 *fill*         0x10000676        0x2 
 .text.irq_get_vtable_handler
                0x10000678       0x10 CMakeFiles/out.dir/user/HS400/ba01081/com1031/pico-sdk/src/rp2_common/hardware_irq/irq.c.obj
                0x10000678                irq_get_vtable_handler
 .text.irq_set_exclusive_handler
                0x10000688       0x54 CMakeFiles/out.dir/user/HS400/ba01081/com1031/pico-sdk/src/rp2_common/hardware_irq/irq.c.obj
                0x10000688                irq_set_exclusive_handler
 .text.irq_remove_handler
                0x100006dc      0x188 CMakeFiles/out.dir/user/HS400/ba01081/com1031/pico-sdk/src/rp2_common/hardware_irq/irq.c.obj
                0x100006dc                irq_remove_handler
 .text.irq_add_tail_to_free_list
                0x10000864       0xf0 CMakeFiles/out.dir/user/HS400/ba01081/com1031/pico-sdk/src/rp2_common/hardware_irq/irq.c.obj
                0x10000864                irq_add_tail_to_free_list
 .text.irq_init_priorities
                0x10000954       0x1c CMakeFiles/out.dir/user/HS400/ba01081/com1031/pico-sdk/src/rp2_common/hardware_irq/irq.c.obj
                0x10000954                irq_init_priorities
 .text.lock_init
                0x10000970       0x10 CMakeFiles/out.dir/user/HS400/ba01081/com1031/pico-sdk/src/common/pico_sync/lock_core.c.obj
                0x10000970                lock_init
 .text.mutex_init
                0x10000980       0x1a CMakeFiles/out.dir/user/HS400/ba01081/com1031/pico-sdk/src/common/pico_sync/mutex.c.obj
                0x10000980                mutex_init
 .text.recursive_mutex_init
                0x1000099a       0x1e CMakeFiles/out.dir/user/HS400/ba01081/com1031/pico-sdk/src/common/pico_sync/mutex.c.obj
                0x1000099a                recursive_mutex_init
 .text.time_reached
                0x100009b8       0x28 CMakeFiles/out.dir/user/HS400/ba01081/com1031/pico-sdk/src/common/pico_time/time.c.obj
 .text.get_entry
                0x100009e0       0x38 CMakeFiles/out.dir/user/HS400/ba01081/com1031/pico-sdk/src/common/pico_time/time.c.obj
 .text.timer_pool_entry_comparator
                0x10000a18       0x2e CMakeFiles/out.dir/user/HS400/ba01081/com1031/pico-sdk/src/common/pico_time/time.c.obj
                0x10000a18                timer_pool_entry_comparator
 *fill*         0x10000a46        0x2 
 .text.update_us_since_boot
                0x10000a48       0x24 CMakeFiles/out.dir/user/HS400/ba01081/com1031/pico-sdk/src/common/pico_time/time.c.obj
 .text.delayed_by_us
                0x10000a6c       0x34 CMakeFiles/out.dir/user/HS400/ba01081/com1031/pico-sdk/src/common/pico_time/time.c.obj
 .text.ph_get_node
                0x10000aa0       0x30 CMakeFiles/out.dir/user/HS400/ba01081/com1031/pico-sdk/src/common/pico_time/time.c.obj
 .text.ph_contains_node
                0x10000ad0       0x1e CMakeFiles/out.dir/user/HS400/ba01081/com1031/pico-sdk/src/common/pico_time/time.c.obj
 .text.ph_new_node
                0x10000aee       0x28 CMakeFiles/out.dir/user/HS400/ba01081/com1031/pico-sdk/src/common/pico_time/time.c.obj
 *fill*         0x10000b16        0x2 
 .text.ph_add_child_node
                0x10000b18       0x6c CMakeFiles/out.dir/user/HS400/ba01081/com1031/pico-sdk/src/common/pico_time/time.c.obj
 .text.ph_merge_nodes
                0x10000b84       0x3e CMakeFiles/out.dir/user/HS400/ba01081/com1031/pico-sdk/src/common/pico_time/time.c.obj
 *fill*         0x10000bc2        0x2 
 .text.ph_insert_node
                0x10000bc4       0x3c CMakeFiles/out.dir/user/HS400/ba01081/com1031/pico-sdk/src/common/pico_time/time.c.obj
 .text.ph_free_node
                0x10000c00       0x5c CMakeFiles/out.dir/user/HS400/ba01081/com1031/pico-sdk/src/common/pico_time/time.c.obj
 .text.get_entry_id_high
                0x10000c5c       0x30 CMakeFiles/out.dir/user/HS400/ba01081/com1031/pico-sdk/src/common/pico_time/time.c.obj
 .text.alarm_pool_post_alloc_init
                0x10000c8c       0x40 CMakeFiles/out.dir/user/HS400/ba01081/com1031/pico-sdk/src/common/pico_time/time.c.obj
 .text.sleep_until_callback
                0x10000ccc       0x30 CMakeFiles/out.dir/user/HS400/ba01081/com1031/pico-sdk/src/common/pico_time/time.c.obj
 .text.get_absolute_time
                0x10000cfc       0x22 CMakeFiles/out.dir/user/HS400/ba01081/com1031/pico-sdk/src/common/pico_time/time.c.obj
 .text.make_timeout_time_us
                0x10000d1e       0x24 CMakeFiles/out.dir/user/HS400/ba01081/com1031/pico-sdk/src/common/pico_time/time.c.obj
 *fill*         0x10000d42        0x2 
 .text.add_alarm_under_lock
                0x10000d44       0x94 CMakeFiles/out.dir/user/HS400/ba01081/com1031/pico-sdk/src/common/pico_time/time.c.obj
 .text.alarm_pool_alarm_callback
                0x10000dd8      0x210 CMakeFiles/out.dir/user/HS400/ba01081/com1031/pico-sdk/src/common/pico_time/time.c.obj
 .text.alarm_pool_init_default
                0x10000fe8       0x40 CMakeFiles/out.dir/user/HS400/ba01081/com1031/pico-sdk/src/common/pico_time/time.c.obj
                0x10000fe8                alarm_pool_init_default
 .text.alarm_pool_get_default
                0x10001028       0x2c CMakeFiles/out.dir/user/HS400/ba01081/com1031/pico-sdk/src/common/pico_time/time.c.obj
                0x10001028                alarm_pool_get_default
 .text.alarm_pool_add_alarm_at
                0x10001054      0x10e CMakeFiles/out.dir/user/HS400/ba01081/com1031/pico-sdk/src/common/pico_time/time.c.obj
                0x10001054                alarm_pool_add_alarm_at
 .text.add_alarm_at
                0x10001162       0x2e CMakeFiles/out.dir/user/HS400/ba01081/com1031/pico-sdk/src/common/pico_time/time.c.obj
 .text.alarm_pool_cancel_alarm
                0x10001190       0xa8 CMakeFiles/out.dir/user/HS400/ba01081/com1031/pico-sdk/src/common/pico_time/time.c.obj
                0x10001190                alarm_pool_cancel_alarm
 .text.cancel_alarm
                0x10001238       0x10 CMakeFiles/out.dir/user/HS400/ba01081/com1031/pico-sdk/src/common/pico_time/time.c.obj
 .text.sleep_until
                0x10001248       0xb0 CMakeFiles/out.dir/user/HS400/ba01081/com1031/pico-sdk/src/common/pico_time/time.c.obj
                0x10001248                sleep_until
 .text.sleep_us
                0x100012f8       0x1a CMakeFiles/out.dir/user/HS400/ba01081/com1031/pico-sdk/src/common/pico_time/time.c.obj
                0x100012f8                sleep_us
 .text.sleep_ms
                0x10001312       0x14 CMakeFiles/out.dir/user/HS400/ba01081/com1031/pico-sdk/src/common/pico_time/time.c.obj
                0x10001312                sleep_ms
 *fill*         0x10001326        0x2 
 .text.best_effort_wfe_or_timeout
                0x10001328       0x44 CMakeFiles/out.dir/user/HS400/ba01081/com1031/pico-sdk/src/common/pico_time/time.c.obj
                0x10001328                best_effort_wfe_or_timeout
 .text.update_us_since_boot
                0x1000136c       0x24 CMakeFiles/out.dir/user/HS400/ba01081/com1031/pico-sdk/src/rp2_common/hardware_timer/timer.c.obj
 .text.hardware_alarm_irq_handler
                0x10001390       0x8c CMakeFiles/out.dir/user/HS400/ba01081/com1031/pico-sdk/src/rp2_common/hardware_timer/timer.c.obj
 .text.hardware_alarm_claim
                0x1000141c       0x18 CMakeFiles/out.dir/user/HS400/ba01081/com1031/pico-sdk/src/rp2_common/hardware_timer/timer.c.obj
                0x1000141c                hardware_alarm_claim
 .text.time_us_64
                0x10001434       0x18 CMakeFiles/out.dir/user/HS400/ba01081/com1031/pico-sdk/src/rp2_common/hardware_timer/timer.c.obj
                0x10001434                time_us_64
 .text.busy_wait_until
                0x1000144c       0x28 CMakeFiles/out.dir/user/HS400/ba01081/com1031/pico-sdk/src/rp2_common/hardware_timer/timer.c.obj
                0x1000144c                busy_wait_until
 .text.busy_wait_us
                0x10001474       0x3a CMakeFiles/out.dir/user/HS400/ba01081/com1031/pico-sdk/src/rp2_common/hardware_timer/timer.c.obj
                0x10001474                busy_wait_us
 *fill*         0x100014ae        0x2 
 .text.hardware_alarm_set_callback
                0x100014b0       0x90 CMakeFiles/out.dir/user/HS400/ba01081/com1031/pico-sdk/src/rp2_common/hardware_timer/timer.c.obj
                0x100014b0                hardware_alarm_set_callback
 .text.hardware_alarm_set_target
                0x10001540       0xe8 CMakeFiles/out.dir/user/HS400/ba01081/com1031/pico-sdk/src/rp2_common/hardware_timer/timer.c.obj
                0x10001540                hardware_alarm_set_target
 .text.hardware_alarm_cancel
                0x10001628       0x40 CMakeFiles/out.dir/user/HS400/ba01081/com1031/pico-sdk/src/rp2_common/hardware_timer/timer.c.obj
                0x10001628                hardware_alarm_cancel
 .text.ph_get_node
                0x10001668       0x30 CMakeFiles/out.dir/user/HS400/ba01081/com1031/pico-sdk/src/common/pico_util/pheap.c.obj
 .text.ph_add_child_node
                0x10001698       0x6c CMakeFiles/out.dir/user/HS400/ba01081/com1031/pico-sdk/src/common/pico_util/pheap.c.obj
 .text.ph_merge_nodes
                0x10001704       0x3e CMakeFiles/out.dir/user/HS400/ba01081/com1031/pico-sdk/src/common/pico_util/pheap.c.obj
 .text.ph_clear
                0x10001742       0x34 CMakeFiles/out.dir/user/HS400/ba01081/com1031/pico-sdk/src/common/pico_util/pheap.c.obj
                0x10001742                ph_clear
 .text.ph_post_alloc_init
                0x10001776        0xe CMakeFiles/out.dir/user/HS400/ba01081/com1031/pico-sdk/src/common/pico_util/pheap.c.obj
                0x10001776                ph_post_alloc_init
 .text.ph_merge_two_pass
                0x10001784       0x5c CMakeFiles/out.dir/user/HS400/ba01081/com1031/pico-sdk/src/common/pico_util/pheap.c.obj
                0x10001784                ph_merge_two_pass
 .text.ph_remove_any_head
                0x100017e0       0xc0 CMakeFiles/out.dir/user/HS400/ba01081/com1031/pico-sdk/src/common/pico_util/pheap.c.obj
 .text.ph_remove_head
                0x100018a0       0x14 CMakeFiles/out.dir/user/HS400/ba01081/com1031/pico-sdk/src/common/pico_util/pheap.c.obj
                0x100018a0                ph_remove_head
 .text.ph_remove_and_free_node
                0x100018b4       0xa0 CMakeFiles/out.dir/user/HS400/ba01081/com1031/pico-sdk/src/common/pico_util/pheap.c.obj
                0x100018b4                ph_remove_and_free_node
 .text.uart_disable_before_lcr_write
                0x10001954       0x48 CMakeFiles/out.dir/user/HS400/ba01081/com1031/pico-sdk/src/rp2_common/hardware_uart/uart.c.obj
 .text.uart_write_lcr_bits_masked
                0x1000199c       0x22 CMakeFiles/out.dir/user/HS400/ba01081/com1031/pico-sdk/src/rp2_common/hardware_uart/uart.c.obj
 *fill*         0x100019be        0x2 
 .text.uart_set_baudrate
                0x100019c0       0x5c CMakeFiles/out.dir/user/HS400/ba01081/com1031/pico-sdk/src/rp2_common/hardware_uart/uart.c.obj
                0x100019c0                uart_set_baudrate
 .text.uart_set_format
                0x10001a1c       0x2c CMakeFiles/out.dir/user/HS400/ba01081/com1031/pico-sdk/src/rp2_common/hardware_uart/uart.c.obj
                0x10001a1c                uart_set_format
 .text.uart_set_translate_crlf
                0x10001a48       0x28 CMakeFiles/out.dir/user/HS400/ba01081/com1031/pico-sdk/src/rp2_common/hardware_uart/uart.c.obj
                0x10001a48                uart_set_translate_crlf
 .text.uart_init
                0x10001a70       0x80 CMakeFiles/out.dir/user/HS400/ba01081/com1031/pico-sdk/src/rp2_common/hardware_uart/uart.c.obj
                0x10001a70                uart_init
 .text.clock_configure
                0x10001af0      0x108 CMakeFiles/out.dir/user/HS400/ba01081/com1031/pico-sdk/src/rp2_common/hardware_clocks/clocks.c.obj
                0x10001af0                clock_configure
 .text.clocks_init
                0x10001bf8      0x100 CMakeFiles/out.dir/user/HS400/ba01081/com1031/pico-sdk/src/rp2_common/hardware_clocks/clocks.c.obj
                0x10001bf8                clocks_init
 .text.clock_get_hz
                0x10001cf8        0xc CMakeFiles/out.dir/user/HS400/ba01081/com1031/pico-sdk/src/rp2_common/hardware_clocks/clocks.c.obj
                0x10001cf8                clock_get_hz
 .text.pll_init
                0x10001d04      0x120 CMakeFiles/out.dir/user/HS400/ba01081/com1031/pico-sdk/src/rp2_common/hardware_pll/pll.c.obj
                0x10001d04                pll_init
 .text.watchdog_start_tick
                0x10001e24       0x10 CMakeFiles/out.dir/user/HS400/ba01081/com1031/pico-sdk/src/rp2_common/hardware_watchdog/watchdog.c.obj
                0x10001e24                watchdog_start_tick
 .text.xosc_init
                0x10001e34       0x28 CMakeFiles/out.dir/user/HS400/ba01081/com1031/pico-sdk/src/rp2_common/hardware_xosc/xosc.c.obj
                0x10001e34                xosc_init
 .text._exit    0x10001e5c        0x4 CMakeFiles/out.dir/user/HS400/ba01081/com1031/pico-sdk/src/rp2_common/pico_runtime/runtime.c.obj
                0x10001e5c                _exit
 .text.exit     0x10001e60        0x6 CMakeFiles/out.dir/user/HS400/ba01081/com1031/pico-sdk/src/rp2_common/pico_runtime/runtime.c.obj
                0x10001e60                exit
 *fill*         0x10001e66        0x2 
 .text.__assert_func
                0x10001e68       0x38 CMakeFiles/out.dir/user/HS400/ba01081/com1031/pico-sdk/src/rp2_common/pico_runtime/runtime.c.obj
                0x10001e68                __assert_func
 .text.runtime_init
                0x10001ea0       0xf8 CMakeFiles/out.dir/user/HS400/ba01081/com1031/pico-sdk/src/rp2_common/pico_runtime/runtime.c.obj
                0x10001ea0                runtime_init
 .text.panic    0x10001f98       0x30 CMakeFiles/out.dir/user/HS400/ba01081/com1031/pico-sdk/src/rp2_common/pico_runtime/runtime.c.obj
                0x10001f98                panic
 .text._out_null
                0x10001fc8        0x2 CMakeFiles/out.dir/user/HS400/ba01081/com1031/pico-sdk/src/rp2_common/pico_printf/printf.c.obj
 .text._out_fct
                0x10001fca        0xe CMakeFiles/out.dir/user/HS400/ba01081/com1031/pico-sdk/src/rp2_common/pico_printf/printf.c.obj
 .text._atoi    0x10001fd8       0x24 CMakeFiles/out.dir/user/HS400/ba01081/com1031/pico-sdk/src/rp2_common/pico_printf/printf.c.obj
 .text._out_rev
                0x10001ffc       0xae CMakeFiles/out.dir/user/HS400/ba01081/com1031/pico-sdk/src/rp2_common/pico_printf/printf.c.obj
 .text._ntoa_format
                0x100020aa      0x110 CMakeFiles/out.dir/user/HS400/ba01081/com1031/pico-sdk/src/rp2_common/pico_printf/printf.c.obj
 .text._ntoa_long
                0x100021ba       0xbc CMakeFiles/out.dir/user/HS400/ba01081/com1031/pico-sdk/src/rp2_common/pico_printf/printf.c.obj
 .text._ntoa_long_long
                0x10002276      0x10e CMakeFiles/out.dir/user/HS400/ba01081/com1031/pico-sdk/src/rp2_common/pico_printf/printf.c.obj
 .text._etoa    0x10002384      0x420 CMakeFiles/out.dir/user/HS400/ba01081/com1031/pico-sdk/src/rp2_common/pico_printf/printf.c.obj
 .text._ftoa    0x100027a4      0x354 CMakeFiles/out.dir/user/HS400/ba01081/com1031/pico-sdk/src/rp2_common/pico_printf/printf.c.obj
 .text._vsnprintf
                0x10002af8      0x65c CMakeFiles/out.dir/user/HS400/ba01081/com1031/pico-sdk/src/rp2_common/pico_printf/printf.c.obj
 .text.vfctprintf
                0x10003154       0x20 CMakeFiles/out.dir/user/HS400/ba01081/com1031/pico-sdk/src/rp2_common/pico_printf/printf.c.obj
                0x10003154                vfctprintf
 .text          0x10003174       0x10 CMakeFiles/out.dir/user/HS400/ba01081/com1031/pico-sdk/src/rp2_common/pico_bit_ops/bit_ops_aeabi.S.obj
 .text.rom_func_lookup
                0x10003184       0x10 CMakeFiles/out.dir/user/HS400/ba01081/com1031/pico-sdk/src/rp2_common/pico_bootrom/bootrom.c.obj
                0x10003184                rom_func_lookup
 .text.rom_data_lookup
                0x10003194       0x10 CMakeFiles/out.dir/user/HS400/ba01081/com1031/pico-sdk/src/rp2_common/pico_bootrom/bootrom.c.obj
                0x10003194                rom_data_lookup
 .text.rom_funcs_lookup
                0x100031a4       0x36 CMakeFiles/out.dir/user/HS400/ba01081/com1031/pico-sdk/src/rp2_common/pico_bootrom/bootrom.c.obj
                0x100031a4                rom_funcs_lookup
 *fill*         0x100031da        0x2 
 .text.__wrap___aeabi_idiv
                0x100031dc       0x50 CMakeFiles/out.dir/user/HS400/ba01081/com1031/pico-sdk/src/rp2_common/pico_divider/divider.S.obj
                0x100031dc                __wrap___aeabi_idivmod
                0x100031dc                divmod_s32s32
                0x100031dc                div_s32s32
                0x100031dc                __wrap___aeabi_idiv
                0x100031e4                divmod_s32s32_unsafe
                0x10003210                divmod_s32s32_savestate
 .text.__wrap___aeabi_uidiv
                0x1000322c       0x4c CMakeFiles/out.dir/user/HS400/ba01081/com1031/pico-sdk/src/rp2_common/pico_divider/divider.S.obj
                0x1000322c                __wrap___aeabi_uidiv
                0x1000322c                __wrap___aeabi_uidivmod
                0x1000322c                div_u32u32
                0x1000322c                divmod_u32u32
                0x10003234                divmod_u32u32_unsafe
                0x1000325c                divmod_u32u32_savestate
 .text.__wrap___aeabi_ldiv
                0x10003278      0x424 CMakeFiles/out.dir/user/HS400/ba01081/com1031/pico-sdk/src/rp2_common/pico_divider/divider.S.obj
                0x10003278                div_s64s64
                0x10003278                divmod_s64s64
                0x10003278                __wrap___aeabi_ldivmod
                0x100032a8                div_u64u64
                0x100032a8                divmod_u64u64
                0x100032a8                __wrap___aeabi_uldivmod
                0x100032b8                divmod_u64u64_savestate
                0x100032d8                divmod_s64s64_unsafe
                0x10003360                divmod_u64u64_unsafe
 .text.__wrap___aeabi_darithmetic
                0x1000369c       0x80 CMakeFiles/out.dir/user/HS400/ba01081/com1031/pico-sdk/src/rp2_common/pico_double/double_aeabi.S.obj
                0x1000369c                __wrap___aeabi_drsub
                0x100036a2                __wrap___aeabi_dsub
                0x100036b4                __wrap___aeabi_dadd
                0x100036c6                __wrap___aeabi_ddiv
                0x10003702                __wrap___aeabi_dmul
 .text.__wrap___aeabi_cdcmple
                0x1000371c       0x6c CMakeFiles/out.dir/user/HS400/ba01081/com1031/pico-sdk/src/rp2_common/pico_double/double_aeabi.S.obj
                0x1000371c                __wrap___aeabi_cdrcmple
                0x1000372c                __wrap___aeabi_cdcmple
                0x1000372c                __wrap___aeabi_cdcmpeq
 .text.__wrap___aeabi_dcmplt
                0x10003788        0xc CMakeFiles/out.dir/user/HS400/ba01081/com1031/pico-sdk/src/rp2_common/pico_double/double_aeabi.S.obj
                0x10003788                __wrap___aeabi_dcmplt
 .text.__wrap___aeabi_dcmple
                0x10003794       0x10 CMakeFiles/out.dir/user/HS400/ba01081/com1031/pico-sdk/src/rp2_common/pico_double/double_aeabi.S.obj
                0x10003794                __wrap___aeabi_dcmple
 .text.__wrap___aeabi_dcmpge
                0x100037a4       0x10 CMakeFiles/out.dir/user/HS400/ba01081/com1031/pico-sdk/src/rp2_common/pico_double/double_aeabi.S.obj
                0x100037a4                __wrap___aeabi_dcmpge
 .text.__wrap___aeabi_dcmpgt
                0x100037b4        0xa CMakeFiles/out.dir/user/HS400/ba01081/com1031/pico-sdk/src/rp2_common/pico_double/double_aeabi.S.obj
                0x100037b4                __wrap___aeabi_dcmpgt
 .text.__wrap___aeabi_dcmpun
                0x100037be       0x1c CMakeFiles/out.dir/user/HS400/ba01081/com1031/pico-sdk/src/rp2_common/pico_double/double_aeabi.S.obj
                0x100037be                __wrap___aeabi_dcmpun
 *fill*         0x100037da        0x2 
 .text.__wrap___aeabi_i2d
                0x100037dc       0x38 CMakeFiles/out.dir/user/HS400/ba01081/com1031/pico-sdk/src/rp2_common/pico_double/double_aeabi.S.obj
                0x100037dc                __wrap___aeabi_ui2d
                0x100037e4                __wrap___aeabi_i2d
 .text.__wrap___aeabi_d2iz
                0x10003814       0x48 CMakeFiles/out.dir/user/HS400/ba01081/com1031/pico-sdk/src/rp2_common/pico_double/double_aeabi.S.obj
                0x10003814                __wrap___aeabi_d2iz
                0x10003814                double2int_z
 .text.__wrap___aeabi_d2uiz
                0x1000385c       0x18 CMakeFiles/out.dir/user/HS400/ba01081/com1031/pico-sdk/src/rp2_common/pico_double/double_aeabi.S.obj
                0x1000385c                double2uint
                0x1000385c                __wrap___aeabi_d2uiz
 .text.__aeabi_double_init
                0x10003874       0xcc CMakeFiles/out.dir/user/HS400/ba01081/com1031/pico-sdk/src/rp2_common/pico_double/double_init_rom.c.obj
                0x10003874                __aeabi_double_init
 .text.double_table_shim_on_use_helper
                0x10003940       0x34 CMakeFiles/out.dir/user/HS400/ba01081/com1031/pico-sdk/src/rp2_common/pico_double/double_v1_rom_shim.S.obj
                0x10003940                double_table_shim_on_use_helper
 .text.__wrap___aeabi_dsub
                0x10003974       0x10 CMakeFiles/out.dir/user/HS400/ba01081/com1031/pico-sdk/src/rp2_common/pico_double/double_v1_rom_shim.S.obj
                0x10003974                drsub_shim
                0x1000397a                dsub_shim
 .text.dadd_shim
                0x10003984      0x15c CMakeFiles/out.dir/user/HS400/ba01081/com1031/pico-sdk/src/rp2_common/pico_double/double_v1_rom_shim.S.obj
                0x10003984                dadd_shim
 .text.dmul_shim
                0x10003ae0      0x15c CMakeFiles/out.dir/user/HS400/ba01081/com1031/pico-sdk/src/rp2_common/pico_double/double_v1_rom_shim.S.obj
                0x10003ae0                dmul_shim
 .text.ddiv_shim
                0x10003c3c      0x1b0 CMakeFiles/out.dir/user/HS400/ba01081/com1031/pico-sdk/src/rp2_common/pico_double/double_v1_rom_shim.S.obj
                0x10003c3c                ddiv_shim
 .text.double2uint_shim
                0x10003dec        0xe CMakeFiles/out.dir/user/HS400/ba01081/com1031/pico-sdk/src/rp2_common/pico_double/double_v1_rom_shim.S.obj
                0x10003dec                double2uint_shim
                0x10003dee                double2ufix_shim
 *fill*         0x10003dfa        0x2 
 .text.double2uint64_shim
                0x10003dfc       0x70 CMakeFiles/out.dir/user/HS400/ba01081/com1031/pico-sdk/src/rp2_common/pico_double/double_v1_rom_shim.S.obj
                0x10003dfc                double2uint64_shim
                0x10003dfe                double2ufix64_shim
                0x10003e1e                d2fix_a
 .text.dunpacks
                0x10003e6c       0x3c CMakeFiles/out.dir/user/HS400/ba01081/com1031/pico-sdk/src/rp2_common/pico_double/double_v1_rom_shim.S.obj
                0x10003e6c                dunpacks
 .text.__aeabi_lmul
                0x10003ea8       0x32 CMakeFiles/out.dir/user/HS400/ba01081/com1031/pico-sdk/src/rp2_common/pico_int64_ops/pico_int64_ops_aeabi.S.obj
                0x10003ea8                __wrap___aeabi_lmul
 *fill*         0x10003eda        0x2 
 .text.__aeabi_float_init
                0x10003edc       0xfc CMakeFiles/out.dir/user/HS400/ba01081/com1031/pico-sdk/src/rp2_common/pico_float/float_init_rom.c.obj
                0x10003edc                __aeabi_float_init
 .text.float_table_shim_on_use_helper
                0x10003fd8       0x34 CMakeFiles/out.dir/user/HS400/ba01081/com1031/pico-sdk/src/rp2_common/pico_float/float_v1_rom_shim.S.obj
                0x10003fd8                float_table_shim_on_use_helper
 .text          0x1000400c       0x10 CMakeFiles/out.dir/user/HS400/ba01081/com1031/pico-sdk/src/rp2_common/pico_mem_ops/mem_ops_aeabi.S.obj
                0x1000400c                __aeabi_mem_init
 .text.memcpy   0x1000401c        0xc CMakeFiles/out.dir/user/HS400/ba01081/com1031/pico-sdk/src/rp2_common/pico_mem_ops/mem_ops_aeabi.S.obj
                0x1000401c                __wrap___aeabi_memcpy
                0x1000401c                __wrap_memcpy
 .text.stdio_out_chars_no_crlf
                0x10004028        0xe CMakeFiles/out.dir/user/HS400/ba01081/com1031/pico-sdk/src/rp2_common/pico_stdio/stdio.c.obj
 *fill*         0x10004036        0x2 
 .text.stdio_out_chars_crlf
                0x10004038       0x80 CMakeFiles/out.dir/user/HS400/ba01081/com1031/pico-sdk/src/rp2_common/pico_stdio/stdio.c.obj
 .text.stdio_stack_buffer_flush
                0x100040b8       0x44 CMakeFiles/out.dir/user/HS400/ba01081/com1031/pico-sdk/src/rp2_common/pico_stdio/stdio.c.obj
 .text.stdio_buffered_printer
                0x100040fc       0x20 CMakeFiles/out.dir/user/HS400/ba01081/com1031/pico-sdk/src/rp2_common/pico_stdio/stdio.c.obj
 .text.update_us_since_boot
                0x1000411c       0x24 CMakeFiles/out.dir/user/HS400/ba01081/com1031/pico-sdk/src/rp2_common/pico_stdio/stdio.c.obj
 .text.get_absolute_time
                0x10004140       0x22 CMakeFiles/out.dir/user/HS400/ba01081/com1031/pico-sdk/src/rp2_common/pico_stdio/stdio.c.obj
 *fill*         0x10004162        0x2 
 .text.delayed_by_ms
                0x10004164       0x44 CMakeFiles/out.dir/user/HS400/ba01081/com1031/pico-sdk/src/rp2_common/pico_stdio/stdio.c.obj
 .text.make_timeout_time_ms
                0x100041a8       0x20 CMakeFiles/out.dir/user/HS400/ba01081/com1031/pico-sdk/src/rp2_common/pico_stdio/stdio.c.obj
 .text.stdout_serialize_begin
                0x100041c8       0x20 CMakeFiles/out.dir/user/HS400/ba01081/com1031/pico-sdk/src/rp2_common/pico_stdio/stdio.c.obj
                0x100041c8                stdout_serialize_begin
 .text.stdout_serialize_end
                0x100041e8       0x10 CMakeFiles/out.dir/user/HS400/ba01081/com1031/pico-sdk/src/rp2_common/pico_stdio/stdio.c.obj
                0x100041e8                stdout_serialize_end
 .text.stdio_put_string
                0x100041f8       0x98 CMakeFiles/out.dir/user/HS400/ba01081/com1031/pico-sdk/src/rp2_common/pico_stdio/stdio.c.obj
 .text.__wrap_putchar
                0x10004290       0x1c CMakeFiles/out.dir/user/HS400/ba01081/com1031/pico-sdk/src/rp2_common/pico_stdio/stdio.c.obj
                0x10004290                __wrap_putchar
 .text.stdio_set_driver_enabled
                0x100042ac       0x2c CMakeFiles/out.dir/user/HS400/ba01081/com1031/pico-sdk/src/rp2_common/pico_stdio/stdio.c.obj
                0x100042ac                stdio_set_driver_enabled
 .text.stdio_flush
                0x100042d8       0x20 CMakeFiles/out.dir/user/HS400/ba01081/com1031/pico-sdk/src/rp2_common/pico_stdio/stdio.c.obj
                0x100042d8                stdio_flush
 .text.__wrap_puts
                0x100042f8       0x1e CMakeFiles/out.dir/user/HS400/ba01081/com1031/pico-sdk/src/rp2_common/pico_stdio/stdio.c.obj
                0x100042f8                __wrap_puts
 *fill*         0x10004316        0x2 
 .text.__wrap_vprintf
                0x10004318       0x40 CMakeFiles/out.dir/user/HS400/ba01081/com1031/pico-sdk/src/rp2_common/pico_stdio/stdio.c.obj
                0x10004318                __wrap_vprintf
 .text.__wrap_printf
                0x10004358       0x18 CMakeFiles/out.dir/user/HS400/ba01081/com1031/pico-sdk/src/rp2_common/pico_stdio/stdio.c.obj
                0x10004358                __wrap_printf
 .text.stdio_init_all
                0x10004370        0xa CMakeFiles/out.dir/user/HS400/ba01081/com1031/pico-sdk/src/rp2_common/pico_stdio/stdio.c.obj
                0x10004370                stdio_init_all
 *fill*         0x1000437a        0x2 
 .text.uart_putc
                0x1000437c       0x60 CMakeFiles/out.dir/user/HS400/ba01081/com1031/pico-sdk/src/rp2_common/pico_stdio_uart/stdio_uart.c.obj
 .text.uart_getc
                0x100043dc       0x24 CMakeFiles/out.dir/user/HS400/ba01081/com1031/pico-sdk/src/rp2_common/pico_stdio_uart/stdio_uart.c.obj
 .text.stdio_uart_out_chars
                0x10004400       0x20 CMakeFiles/out.dir/user/HS400/ba01081/com1031/pico-sdk/src/rp2_common/pico_stdio_uart/stdio_uart.c.obj
 .text.stdio_uart_in_chars
                0x10004420       0x5c CMakeFiles/out.dir/user/HS400/ba01081/com1031/pico-sdk/src/rp2_common/pico_stdio_uart/stdio_uart.c.obj
                0x10004420                stdio_uart_in_chars
 .text.on_uart_rx
                0x1000447c       0x28 CMakeFiles/out.dir/user/HS400/ba01081/com1031/pico-sdk/src/rp2_common/pico_stdio_uart/stdio_uart.c.obj
 .text.stdio_uart_set_chars_available_callback
                0x100044a4       0x8c CMakeFiles/out.dir/user/HS400/ba01081/com1031/pico-sdk/src/rp2_common/pico_stdio_uart/stdio_uart.c.obj
 .text.stdio_uart_init_full
                0x10004530       0x44 CMakeFiles/out.dir/user/HS400/ba01081/com1031/pico-sdk/src/rp2_common/pico_stdio_uart/stdio_uart.c.obj
                0x10004530                stdio_uart_init_full
 .text.stdio_uart_init
                0x10004574       0x28 CMakeFiles/out.dir/user/HS400/ba01081/com1031/pico-sdk/src/rp2_common/pico_stdio_uart/stdio_uart.c.obj
                0x10004574                stdio_uart_init
 .text.strlen   0x1000459c       0x5c /user/HS400/ba01081/com1031/arm-toolchain/bin/../lib/gcc/arm-none-eabi/12.3.1/../../../../arm-none-eabi/lib/thumb/v6-m/nofp/libg.a(libc_a-strlen-stub.o)
                0x1000459c                strlen
 *(.fini)
 .fini          0x100045f8        0x4 /user/HS400/ba01081/com1031/arm-toolchain/bin/../lib/gcc/arm-none-eabi/12.3.1/thumb/v6-m/nofp/crti.o
                0x100045f8                _fini
 *fill*         0x100045fc        0x4 
 .fini.__stub   0x10004600       0x40 linker stubs
 *crtbegin.o(.ctors)
 *crtbegin?.o(.ctors)
 *(EXCLUDE_FILE(*crtend.o *crtend?.o) .ctors)
 *(SORT_BY_NAME(.ctors.*))
 *(.ctors)
 *crtbegin.o(.dtors)
 *crtbegin?.o(.dtors)
 *(EXCLUDE_FILE(*crtend.o *crtend?.o) .dtors)
 *(SORT_BY_NAME(.dtors.*))
 *(.dtors)
 *(.eh_frame*)
 .eh_frame      0x10004640        0x0 /user/HS400/ba01081/com1031/arm-toolchain/bin/../lib/gcc/arm-none-eabi/12.3.1/thumb/v6-m/nofp/crtbegin.o
                0x10004640                        . = ALIGN (0x4)

.glue_7         0x10004640        0x0
 .glue_7        0x10004640        0x0 linker stubs

.glue_7t        0x10004640        0x0
 .glue_7t       0x10004640        0x0 linker stubs

.vfp11_veneer   0x10004640        0x0
 .vfp11_veneer  0x10004640        0x0 linker stubs

.v4_bx          0x10004640        0x0
 .v4_bx         0x10004640        0x0 linker stubs

.iplt           0x10004640        0x0
 .iplt          0x10004640        0x0 /user/HS400/ba01081/com1031/arm-toolchain/bin/../lib/gcc/arm-none-eabi/12.3.1/thumb/v6-m/nofp/crtbegin.o

.rodata         0x10004640      0xed0
 *(EXCLUDE_FILE(*libm.a: *libc.a:*lib_a-mem*.o *libgcc.a:) .rodata*)
 .rodata.seven_segment_init.str1.4
                0x10004640       0x23 CMakeFiles/out.dir/morse_code.c.obj
 *fill*         0x10004663        0x1 
 .rodata.ALL_SEGMENTS
                0x10004664       0x1c CMakeFiles/out.dir/morse_code.c.obj
 .rodata.resolve_branch.str1.4
                0x10004680       0x5f CMakeFiles/out.dir/user/HS400/ba01081/com1031/pico-sdk/src/rp2_common/hardware_irq/irq.c.obj
 *fill*         0x100046df        0x1 
 .rodata.make_branch.str1.4
                0x100046e0       0x30 CMakeFiles/out.dir/user/HS400/ba01081/com1031/pico-sdk/src/rp2_common/hardware_irq/irq.c.obj
 .rodata.insert_branch_and_link.str1.4
                0x10004710       0x10 CMakeFiles/out.dir/user/HS400/ba01081/com1031/pico-sdk/src/rp2_common/hardware_irq/irq.c.obj
 .rodata.irq_set_exclusive_handler.str1.4
                0x10004720       0x36 CMakeFiles/out.dir/user/HS400/ba01081/com1031/pico-sdk/src/rp2_common/hardware_irq/irq.c.obj
 *fill*         0x10004756        0x2 
 .rodata.irq_remove_handler.str1.4
                0x10004758       0x3a CMakeFiles/out.dir/user/HS400/ba01081/com1031/pico-sdk/src/rp2_common/hardware_irq/irq.c.obj
 *fill*         0x10004792        0x2 
 .rodata.irq_add_tail_to_free_list.str1.4
                0x10004794       0x3a CMakeFiles/out.dir/user/HS400/ba01081/com1031/pico-sdk/src/rp2_common/hardware_irq/irq.c.obj
 *fill*         0x100047ce        0x2 
 .rodata.__func__.0
                0x100047d0       0x1a CMakeFiles/out.dir/user/HS400/ba01081/com1031/pico-sdk/src/rp2_common/hardware_irq/irq.c.obj
 *fill*         0x100047ea        0x2 
 .rodata.__func__.1
                0x100047ec       0x17 CMakeFiles/out.dir/user/HS400/ba01081/com1031/pico-sdk/src/rp2_common/hardware_irq/irq.c.obj
 *fill*         0x10004803        0x1 
 .rodata.__func__.2
                0x10004804       0x13 CMakeFiles/out.dir/user/HS400/ba01081/com1031/pico-sdk/src/rp2_common/hardware_irq/irq.c.obj
 *fill*         0x10004817        0x1 
 .rodata.__func__.3
                0x10004818        0xc CMakeFiles/out.dir/user/HS400/ba01081/com1031/pico-sdk/src/rp2_common/hardware_irq/irq.c.obj
 .rodata.__func__.4
                0x10004824        0xf CMakeFiles/out.dir/user/HS400/ba01081/com1031/pico-sdk/src/rp2_common/hardware_irq/irq.c.obj
 *fill*         0x10004833        0x1 
 .rodata.__func__.6
                0x10004834       0x1a CMakeFiles/out.dir/user/HS400/ba01081/com1031/pico-sdk/src/rp2_common/hardware_irq/irq.c.obj
 *fill*         0x1000484e        0x2 
 .rodata.str1.4
                0x10004850       0x95 CMakeFiles/out.dir/user/HS400/ba01081/com1031/pico-sdk/src/common/pico_sync/mutex.c.obj
 *fill*         0x100048e5        0x3 
 .rodata.__func__.1
                0x100048e8        0xb CMakeFiles/out.dir/user/HS400/ba01081/com1031/pico-sdk/src/common/pico_sync/mutex.c.obj
 *fill*         0x100048f3        0x1 
 .rodata.__func__.3
                0x100048f4       0x18 CMakeFiles/out.dir/user/HS400/ba01081/com1031/pico-sdk/src/common/pico_sync/mutex.c.obj
 .rodata.get_entry.str1.4
                0x1000490c       0x65 CMakeFiles/out.dir/user/HS400/ba01081/com1031/pico-sdk/src/common/pico_time/time.c.obj
 *fill*         0x10004971        0x3 
 .rodata.update_us_since_boot.str1.4
                0x10004974       0x6b CMakeFiles/out.dir/user/HS400/ba01081/com1031/pico-sdk/src/common/pico_time/time.c.obj
 *fill*         0x100049df        0x1 
 .rodata.ph_get_node.str1.4
                0x100049e0       0x70 CMakeFiles/out.dir/user/HS400/ba01081/com1031/pico-sdk/src/common/pico_time/time.c.obj
 .rodata.ph_add_child_node.str1.4
                0x10004a50       0x2e CMakeFiles/out.dir/user/HS400/ba01081/com1031/pico-sdk/src/common/pico_time/time.c.obj
 *fill*         0x10004a7e        0x2 
 .rodata.ph_insert_node.str1.4
                0x10004a80        0x3 CMakeFiles/out.dir/user/HS400/ba01081/com1031/pico-sdk/src/common/pico_time/time.c.obj
 *fill*         0x10004a83        0x1 
 .rodata.ph_free_node.str1.4
                0x10004a84       0x38 CMakeFiles/out.dir/user/HS400/ba01081/com1031/pico-sdk/src/common/pico_time/time.c.obj
 .rodata.add_alarm_under_lock.str1.4
                0x10004abc       0x28 CMakeFiles/out.dir/user/HS400/ba01081/com1031/pico-sdk/src/common/pico_time/time.c.obj
 .rodata.alarm_pool_alarm_callback.str1.4
                0x10004ae4       0x60 CMakeFiles/out.dir/user/HS400/ba01081/com1031/pico-sdk/src/common/pico_time/time.c.obj
 .rodata.alarm_pool_get_default.str1.4
                0x10004b44       0x21 CMakeFiles/out.dir/user/HS400/ba01081/com1031/pico-sdk/src/common/pico_time/time.c.obj
 *fill*         0x10004b65        0x3 
 .rodata.alarm_pool_cancel_alarm.str1.4
                0x10004b68       0x27 CMakeFiles/out.dir/user/HS400/ba01081/com1031/pico-sdk/src/common/pico_time/time.c.obj
 *fill*         0x10004b8f        0x1 
 .rodata.sleep_until.str1.4
                0x10004b90       0x4d CMakeFiles/out.dir/user/HS400/ba01081/com1031/pico-sdk/src/common/pico_time/time.c.obj
 *fill*         0x10004bdd        0x3 
 .rodata.__func__.1
                0x10004be0       0x18 CMakeFiles/out.dir/user/HS400/ba01081/com1031/pico-sdk/src/common/pico_time/time.c.obj
 .rodata.__func__.3
                0x10004bf8       0x17 CMakeFiles/out.dir/user/HS400/ba01081/com1031/pico-sdk/src/common/pico_time/time.c.obj
 *fill*         0x10004c0f        0x1 
 .rodata.__func__.4
                0x10004c10       0x12 CMakeFiles/out.dir/user/HS400/ba01081/com1031/pico-sdk/src/common/pico_time/time.c.obj
 *fill*         0x10004c22        0x2 
 .rodata.__func__.5
                0x10004c24        0xd CMakeFiles/out.dir/user/HS400/ba01081/com1031/pico-sdk/src/common/pico_time/time.c.obj
 *fill*         0x10004c31        0x3 
 .rodata.__func__.6
                0x10004c34       0x12 CMakeFiles/out.dir/user/HS400/ba01081/com1031/pico-sdk/src/common/pico_time/time.c.obj
 *fill*         0x10004c46        0x2 
 .rodata.__func__.7
                0x10004c48        0xf CMakeFiles/out.dir/user/HS400/ba01081/com1031/pico-sdk/src/common/pico_time/time.c.obj
 *fill*         0x10004c57        0x1 
 .rodata.__func__.8
                0x10004c58        0xc CMakeFiles/out.dir/user/HS400/ba01081/com1031/pico-sdk/src/common/pico_time/time.c.obj
 .rodata.__func__.9
                0x10004c64       0x15 CMakeFiles/out.dir/user/HS400/ba01081/com1031/pico-sdk/src/common/pico_time/time.c.obj
 *fill*         0x10004c79        0x3 
 .rodata.__func__.10
                0x10004c7c       0x15 CMakeFiles/out.dir/user/HS400/ba01081/com1031/pico-sdk/src/common/pico_time/time.c.obj
 *fill*         0x10004c91        0x3 
 .rodata.__func__.11
                0x10004c94       0x1a CMakeFiles/out.dir/user/HS400/ba01081/com1031/pico-sdk/src/common/pico_time/time.c.obj
 *fill*         0x10004cae        0x2 
 .rodata.__func__.12
                0x10004cb0        0xa CMakeFiles/out.dir/user/HS400/ba01081/com1031/pico-sdk/src/common/pico_time/time.c.obj
 .rodata.update_us_since_boot.str1.4
                0x10004cba       0x6b CMakeFiles/out.dir/user/HS400/ba01081/com1031/pico-sdk/src/rp2_common/hardware_timer/timer.c.obj
 *fill*         0x10004cba        0x2 
 .rodata.hardware_alarm_claim.str1.4
                0x10004cbc       0x22 CMakeFiles/out.dir/user/HS400/ba01081/com1031/pico-sdk/src/rp2_common/hardware_timer/timer.c.obj
 *fill*         0x10004cde        0x2 
 .rodata.hardware_alarm_set_target.str1.4
                0x10004ce0       0x6f CMakeFiles/out.dir/user/HS400/ba01081/com1031/pico-sdk/src/rp2_common/hardware_timer/timer.c.obj
 *fill*         0x10004d4f        0x1 
 .rodata.__func__.0
                0x10004d50       0x1a CMakeFiles/out.dir/user/HS400/ba01081/com1031/pico-sdk/src/rp2_common/hardware_timer/timer.c.obj
 *fill*         0x10004d6a        0x2 
 .rodata.__func__.1
                0x10004d6c       0x15 CMakeFiles/out.dir/user/HS400/ba01081/com1031/pico-sdk/src/rp2_common/hardware_timer/timer.c.obj
 .rodata.ph_get_node.str1.4
                0x10004d81       0x70 CMakeFiles/out.dir/user/HS400/ba01081/com1031/pico-sdk/src/common/pico_util/pheap.c.obj
 .rodata.ph_add_child_node.str1.4
                0x10004d81       0x2e CMakeFiles/out.dir/user/HS400/ba01081/com1031/pico-sdk/src/common/pico_util/pheap.c.obj
 *fill*         0x10004d81        0x3 
 .rodata.ph_remove_any_head.str1.4
                0x10004d84       0x98 CMakeFiles/out.dir/user/HS400/ba01081/com1031/pico-sdk/src/common/pico_util/pheap.c.obj
                                 0xac (size before relaxing)
 .rodata.ph_remove_and_free_node.str1.4
                0x10004e1c       0x1e CMakeFiles/out.dir/user/HS400/ba01081/com1031/pico-sdk/src/common/pico_util/pheap.c.obj
                                 0x26 (size before relaxing)
 *fill*         0x10004e3a        0x2 
 .rodata.__func__.0
                0x10004e3c       0x18 CMakeFiles/out.dir/user/HS400/ba01081/com1031/pico-sdk/src/common/pico_util/pheap.c.obj
 .rodata.__func__.1
                0x10004e54       0x13 CMakeFiles/out.dir/user/HS400/ba01081/com1031/pico-sdk/src/common/pico_util/pheap.c.obj
 *fill*         0x10004e67        0x1 
 .rodata.__func__.2
                0x10004e68       0x12 CMakeFiles/out.dir/user/HS400/ba01081/com1031/pico-sdk/src/common/pico_util/pheap.c.obj
 *fill*         0x10004e7a        0x2 
 .rodata.__func__.3
                0x10004e7c        0xc CMakeFiles/out.dir/user/HS400/ba01081/com1031/pico-sdk/src/common/pico_util/pheap.c.obj
 .rodata.clock_configure.str1.4
                0x10004e88       0x61 CMakeFiles/out.dir/user/HS400/ba01081/com1031/pico-sdk/src/rp2_common/hardware_clocks/clocks.c.obj
 *fill*         0x10004ee9        0x3 
 .rodata.__func__.1
                0x10004eec       0x10 CMakeFiles/out.dir/user/HS400/ba01081/com1031/pico-sdk/src/rp2_common/hardware_clocks/clocks.c.obj
 .rodata.pll_init.str1.4
                0x10004efc      0x12c CMakeFiles/out.dir/user/HS400/ba01081/com1031/pico-sdk/src/rp2_common/hardware_pll/pll.c.obj
 .rodata.__func__.0
                0x10005028        0x9 CMakeFiles/out.dir/user/HS400/ba01081/com1031/pico-sdk/src/rp2_common/hardware_pll/pll.c.obj
 *fill*         0x10005031        0x3 
 .rodata.__assert_func.str1.4
                0x10005034       0x3f CMakeFiles/out.dir/user/HS400/ba01081/com1031/pico-sdk/src/rp2_common/pico_runtime/runtime.c.obj
                                 0x43 (size before relaxing)
 *fill*         0x10005073        0x1 
 .rodata.runtime_init.str1.4
                0x10005074       0x6b CMakeFiles/out.dir/user/HS400/ba01081/com1031/pico-sdk/src/rp2_common/pico_runtime/runtime.c.obj
 *fill*         0x100050df        0x1 
 .rodata.panic.str1.4
                0x100050e0       0x12 CMakeFiles/out.dir/user/HS400/ba01081/com1031/pico-sdk/src/rp2_common/pico_runtime/runtime.c.obj
 *fill*         0x100050f2        0x2 
 .rodata.__func__.2
                0x100050f4        0xd CMakeFiles/out.dir/user/HS400/ba01081/com1031/pico-sdk/src/rp2_common/pico_runtime/runtime.c.obj
 *fill*         0x10005101        0x3 
 .rodata._ftoa.str1.4
                0x10005104       0x15 CMakeFiles/out.dir/user/HS400/ba01081/com1031/pico-sdk/src/rp2_common/pico_printf/printf.c.obj
 *fill*         0x10005119        0x3 
 .rodata._vsnprintf
                0x1000511c      0x19c CMakeFiles/out.dir/user/HS400/ba01081/com1031/pico-sdk/src/rp2_common/pico_printf/printf.c.obj
 .rodata.pow10.0
                0x100052b8       0x50 CMakeFiles/out.dir/user/HS400/ba01081/com1031/pico-sdk/src/rp2_common/pico_printf/printf.c.obj
 .rodata.__aeabi_double_init.str1.4
                0x10005308       0xa6 CMakeFiles/out.dir/user/HS400/ba01081/com1031/pico-sdk/src/rp2_common/pico_double/double_init_rom.c.obj
 *fill*         0x100053ae        0x2 
 .rodata.__func__.0
                0x100053b0       0x14 CMakeFiles/out.dir/user/HS400/ba01081/com1031/pico-sdk/src/rp2_common/pico_double/double_init_rom.c.obj
 .rodata.__aeabi_float_init.str1.4
                0x100053c4       0x84 CMakeFiles/out.dir/user/HS400/ba01081/com1031/pico-sdk/src/rp2_common/pico_float/float_init_rom.c.obj
                                 0x88 (size before relaxing)
 .rodata.__func__.0
                0x10005448       0x13 CMakeFiles/out.dir/user/HS400/ba01081/com1031/pico-sdk/src/rp2_common/pico_float/float_init_rom.c.obj
 *fill*         0x1000545b        0x1 
 .rodata.str1.4
                0x1000545c       0x34 CMakeFiles/out.dir/user/HS400/ba01081/com1031/pico-sdk/src/rp2_common/pico_standard_link/binary_info.c.obj
 .rodata.__bi_81
                0x10005490        0xc CMakeFiles/out.dir/user/HS400/ba01081/com1031/pico-sdk/src/rp2_common/pico_standard_link/binary_info.c.obj
 .rodata.__bi_75
                0x1000549c        0xc CMakeFiles/out.dir/user/HS400/ba01081/com1031/pico-sdk/src/rp2_common/pico_standard_link/binary_info.c.obj
 .rodata.__bi_44
                0x100054a8        0xc CMakeFiles/out.dir/user/HS400/ba01081/com1031/pico-sdk/src/rp2_common/pico_standard_link/binary_info.c.obj
 .rodata.update_us_since_boot.str1.4
                0x100054b4       0x6b CMakeFiles/out.dir/user/HS400/ba01081/com1031/pico-sdk/src/rp2_common/pico_stdio/stdio.c.obj
 .rodata.crlf_str.2
                0x100054b4        0x2 CMakeFiles/out.dir/user/HS400/ba01081/com1031/pico-sdk/src/rp2_common/pico_stdio/stdio.c.obj
 *fill*         0x100054b6        0x2 
 .rodata.__func__.3
                0x100054b8       0x15 CMakeFiles/out.dir/user/HS400/ba01081/com1031/pico-sdk/src/rp2_common/pico_stdio/stdio.c.obj
 *fill*         0x100054cd        0x3 
 .rodata.str1.4
                0x100054d0       0x2c CMakeFiles/out.dir/user/HS400/ba01081/com1031/pico-sdk/src/rp2_common/pico_stdio_uart/stdio_uart.c.obj
 .rodata.__bi_33.4
                0x100054fc        0xc CMakeFiles/out.dir/user/HS400/ba01081/com1031/pico-sdk/src/rp2_common/pico_stdio_uart/stdio_uart.c.obj
 .rodata.__bi_34.5
                0x10005508        0x8 CMakeFiles/out.dir/user/HS400/ba01081/com1031/pico-sdk/src/rp2_common/pico_stdio_uart/stdio_uart.c.obj
                0x10005510                        . = ALIGN (0x4)
 *(SORT_BY_ALIGNMENT(SORT_BY_NAME(.flashdata*)))
                0x10005510                        . = ALIGN (0x4)

.ARM.extab
 *(.ARM.extab* .gnu.linkonce.armextab.*)
                0x10005510                        __exidx_start = .

.ARM.exidx
 *(.ARM.exidx* .gnu.linkonce.armexidx.*)
                0x10005510                        __exidx_end = .
                0x10005510                        . = ALIGN (0x4)
                0x10005510                        __binary_info_start = .

.binary_info    0x10005510       0x20
 *(.binary_info.keep.*)
 .binary_info.keep.__bi_ptr81
                0x10005510        0x4 CMakeFiles/out.dir/user/HS400/ba01081/com1031/pico-sdk/src/rp2_common/pico_standard_link/binary_info.c.obj
 .binary_info.keep.__bi_ptr75
                0x10005514        0x4 CMakeFiles/out.dir/user/HS400/ba01081/com1031/pico-sdk/src/rp2_common/pico_standard_link/binary_info.c.obj
 .binary_info.keep.__bi_ptr50
                0x10005518        0x4 CMakeFiles/out.dir/user/HS400/ba01081/com1031/pico-sdk/src/rp2_common/pico_standard_link/binary_info.c.obj
 .binary_info.keep.__bi_ptr44
                0x1000551c        0x4 CMakeFiles/out.dir/user/HS400/ba01081/com1031/pico-sdk/src/rp2_common/pico_standard_link/binary_info.c.obj
 .binary_info.keep.__bi_ptr30
                0x10005520        0x4 CMakeFiles/out.dir/user/HS400/ba01081/com1031/pico-sdk/src/rp2_common/pico_standard_link/binary_info.c.obj
 .binary_info.keep.__bi_ptr22
                0x10005524        0x4 CMakeFiles/out.dir/user/HS400/ba01081/com1031/pico-sdk/src/rp2_common/pico_standard_link/binary_info.c.obj
 *(.binary_info.*)
 .binary_info.__bi_ptr34
                0x10005528        0x4 CMakeFiles/out.dir/user/HS400/ba01081/com1031/pico-sdk/src/rp2_common/pico_stdio_uart/stdio_uart.c.obj
 .binary_info.__bi_ptr33
                0x1000552c        0x4 CMakeFiles/out.dir/user/HS400/ba01081/com1031/pico-sdk/src/rp2_common/pico_stdio_uart/stdio_uart.c.obj
                0x10005530                        __binary_info_end = .

.rel.dyn        0x10005530        0x0
 .rel.iplt      0x10005530        0x0 /user/HS400/ba01081/com1031/arm-toolchain/bin/../lib/gcc/arm-none-eabi/12.3.1/thumb/v6-m/nofp/crtbegin.o
                0x10005530                        . = ALIGN (0x4)

.ram_vector_table
                0x20000000       0xc0
 *(.ram_vector_table)
 .ram_vector_table
                0x20000000       0xc0 CMakeFiles/out.dir/user/HS400/ba01081/com1031/pico-sdk/src/rp2_common/pico_runtime/runtime.c.obj
                0x20000000                ram_vector_table

.data           0x200000c0      0x264 load address 0x10005530
                0x200000c0                        __data_start__ = .
 *(vtable)
 *(.time_critical*)
 .time_critical.mutex_try_enter
                0x200000c0       0x46 CMakeFiles/out.dir/user/HS400/ba01081/com1031/pico-sdk/src/common/pico_sync/mutex.c.obj
                0x200000c0                mutex_try_enter
 *fill*         0x20000106        0x2 
 .time_critical.mutex_enter_block_until
                0x20000108       0x8c CMakeFiles/out.dir/user/HS400/ba01081/com1031/pico-sdk/src/common/pico_sync/mutex.c.obj
                0x20000108                mutex_enter_block_until
 .time_critical.mutex_try_enter_block_until
                0x20000194       0x34 CMakeFiles/out.dir/user/HS400/ba01081/com1031/pico-sdk/src/common/pico_sync/mutex.c.obj
                0x20000194                mutex_try_enter_block_until
 .time_critical.mutex_exit
                0x200001c8       0x4c CMakeFiles/out.dir/user/HS400/ba01081/com1031/pico-sdk/src/common/pico_sync/mutex.c.obj
                0x200001c8                mutex_exit
 *(.text*)
 .text          0x20000214        0x4 /user/HS400/ba01081/com1031/arm-toolchain/bin/../lib/gcc/arm-none-eabi/12.3.1/thumb/v6-m/nofp/libgcc.a(_dvmd_tls.o)
                0x20000214                __aeabi_ldiv0
                0x20000214                __aeabi_idiv0
 .text.__stub   0x20000218       0x20 linker stubs
                0x20000238                        . = ALIGN (0x4)
 *(.rodata*)
                0x20000238                        . = ALIGN (0x4)
 *(.data*)
 .data.BUTTON_BOUNDARY
                0x20000238        0x4 CMakeFiles/out.dir/morse_code.c.obj
                0x20000238                BUTTON_BOUNDARY
 .data.values   0x2000023c       0x1b CMakeFiles/out.dir/morse_code.c.obj
                0x2000023c                values
 .data.striped_spin_lock_num
                0x20000257        0x1 CMakeFiles/out.dir/user/HS400/ba01081/com1031/pico-sdk/src/rp2_common/hardware_sync/sync.c.obj
 .data          0x20000258       0x48 CMakeFiles/out.dir/user/HS400/ba01081/com1031/pico-sdk/src/rp2_common/hardware_irq/irq_handler_chain.S.obj
                0x20000258                irq_handler_chain_slots
                0x20000288                irq_handler_chain_first_slot
                0x20000292                irq_handler_chain_remove_tail
 .data.default_alarm_pool
                0x200002a0       0x18 CMakeFiles/out.dir/user/HS400/ba01081/com1031/pico-sdk/src/common/pico_time/time.c.obj
 .data.default_alarm_pool_heap
                0x200002b8       0x10 CMakeFiles/out.dir/user/HS400/ba01081/com1031/pico-sdk/src/common/pico_time/time.c.obj
 *fill*         0x200002c8        0x8 
 .data.aeabi_bits_funcs
                0x200002d0       0x10 CMakeFiles/out.dir/user/HS400/ba01081/com1031/pico-sdk/src/rp2_common/pico_bit_ops/bit_ops_aeabi.S.obj
                0x200002d0                aeabi_bits_funcs
                0x200002e0                aeabi_bits_funcs_end
 .data.aeabi_mem_funcs
                0x200002e0       0x10 CMakeFiles/out.dir/user/HS400/ba01081/com1031/pico-sdk/src/rp2_common/pico_mem_ops/mem_ops_aeabi.S.obj
                0x200002e0                aeabi_mem_funcs
                0x200002f0                aeabi_mem_funcs_end
 .data.stdio_uart
                0x200002f0       0x18 CMakeFiles/out.dir/user/HS400/ba01081/com1031/pico-sdk/src/rp2_common/pico_stdio_uart/stdio_uart.c.obj
                0x200002f0                stdio_uart
                0x20000308                        . = ALIGN (0x4)
 *(.after_data.*)
                0x20000308                        . = ALIGN (0x4)
                0x20000308                        PROVIDE (__mutex_array_start = .)
 *(SORT_BY_NAME(.mutex_array.*))
 *(.mutex_array)
 .mutex_array   0x20000308        0x8 CMakeFiles/out.dir/user/HS400/ba01081/com1031/pico-sdk/src/rp2_common/pico_stdio/stdio.c.obj
                0x20000310                        PROVIDE (__mutex_array_end = .)
                0x20000310                        . = ALIGN (0x4)
                0x20000310                        PROVIDE (__preinit_array_start = .)
 *(SORT_BY_NAME(.preinit_array.*))
 .preinit_array.00001
                0x20000310        0x4 CMakeFiles/out.dir/user/HS400/ba01081/com1031/pico-sdk/src/rp2_common/pico_mem_ops/mem_ops_aeabi.S.obj
 .preinit_array.00010
                0x20000314        0x4 CMakeFiles/out.dir/user/HS400/ba01081/com1031/pico-sdk/src/rp2_common/pico_bit_ops/bit_ops_aeabi.S.obj
 .preinit_array.00020
                0x20000318        0x4 CMakeFiles/out.dir/user/HS400/ba01081/com1031/pico-sdk/src/rp2_common/pico_double/double_aeabi.S.obj
 .preinit_array.00020
                0x2000031c        0x4 CMakeFiles/out.dir/user/HS400/ba01081/com1031/pico-sdk/src/rp2_common/pico_float/float_aeabi.S.obj
 *(.preinit_array)
                0x20000320                        PROVIDE (__preinit_array_end = .)
                0x20000320                        . = ALIGN (0x4)
                0x20000320                        PROVIDE (__init_array_start = .)
 *(SORT_BY_NAME(.init_array.*))
 *(.init_array)
 .init_array    0x20000320        0x4 /user/HS400/ba01081/com1031/arm-toolchain/bin/../lib/gcc/arm-none-eabi/12.3.1/thumb/v6-m/nofp/crtbegin.o
                0x20000324                        PROVIDE (__init_array_end = .)
                0x20000324                        . = ALIGN (0x4)
                [!provide]                        PROVIDE (__fini_array_start = .)
 *(SORT_BY_NAME(.fini_array.*))
 *(.fini_array)
                [!provide]                        PROVIDE (__fini_array_end = .)
 *(.jcr)
                0x20000324                        . = ALIGN (0x4)
                0x20000324                        __data_end__ = .
                0x10005530                        __etext = LOADADDR (.data)

.tm_clone_table
                0x20000324        0x0 load address 0x10005794
 .tm_clone_table
                0x20000324        0x0 /user/HS400/ba01081/com1031/arm-toolchain/bin/../lib/gcc/arm-none-eabi/12.3.1/thumb/v6-m/nofp/crtbegin.o
 .tm_clone_table
                0x20000324        0x0 /user/HS400/ba01081/com1031/arm-toolchain/bin/../lib/gcc/arm-none-eabi/12.3.1/thumb/v6-m/nofp/crtend.o

.igot.plt       0x20000324        0x0 load address 0x10005794
 .igot.plt      0x20000324        0x0 /user/HS400/ba01081/com1031/arm-toolchain/bin/../lib/gcc/arm-none-eabi/12.3.1/thumb/v6-m/nofp/crtbegin.o

.uninitialized_data
                0x20000324        0x0 load address 0x10005794
                0x20000324                        . = ALIGN (0x4)
 *(.uninitialized_data*)

.scratch_x      0x20040000        0x0 load address 0x10005794
                0x20040000                        __scratch_x_start__ = .
 *(.scratch_x.*)
                0x20040000                        . = ALIGN (0x4)
                0x20040000                        __scratch_x_end__ = .
                0x10005794                        __scratch_x_source__ = LOADADDR (.scratch_x)

.scratch_y      0x20041000        0x0 load address 0x10005794
                0x20041000                        __scratch_y_start__ = .
 *(.scratch_y.*)
                0x20041000                        . = ALIGN (0x4)
                0x20041000                        __scratch_y_end__ = .
                0x10005794                        __scratch_y_source__ = LOADADDR (.scratch_y)

.bss            0x20000328      0x3d8
                0x20000328                        . = ALIGN (0x4)
                0x20000328                        __bss_start__ = .
 *(SORT_BY_ALIGNMENT(SORT_BY_NAME(.bss*)))
 .bss.default_alarm_pool_entries
                0x20000328      0x100 CMakeFiles/out.dir/user/HS400/ba01081/com1031/pico-sdk/src/common/pico_time/time.c.obj
 .bss.alarm_callbacks
                0x20000428       0x10 CMakeFiles/out.dir/user/HS400/ba01081/com1031/pico-sdk/src/rp2_common/hardware_timer/timer.c.obj
 .bss.chars_available_callback
                0x20000438        0x4 CMakeFiles/out.dir/user/HS400/ba01081/com1031/pico-sdk/src/rp2_common/pico_stdio_uart/stdio_uart.c.obj
 .bss.chars_available_param
                0x2000043c        0x4 CMakeFiles/out.dir/user/HS400/ba01081/com1031/pico-sdk/src/rp2_common/pico_stdio_uart/stdio_uart.c.obj
 .bss.configured_freq
                0x20000440       0x28 CMakeFiles/out.dir/user/HS400/ba01081/com1031/pico-sdk/src/rp2_common/hardware_clocks/clocks.c.obj
 .bss.default_alarm_pool_entry_ids_high
                0x20000468       0x10 CMakeFiles/out.dir/user/HS400/ba01081/com1031/pico-sdk/src/common/pico_time/time.c.obj
 .bss.default_alarm_pool_heap_nodes
                0x20000478       0x30 CMakeFiles/out.dir/user/HS400/ba01081/com1031/pico-sdk/src/common/pico_time/time.c.obj
 .bss.drivers   0x200004a8        0x4 CMakeFiles/out.dir/user/HS400/ba01081/com1031/pico-sdk/src/rp2_common/pico_stdio/stdio.c.obj
 .bss.filter    0x200004ac        0x4 CMakeFiles/out.dir/user/HS400/ba01081/com1031/pico-sdk/src/rp2_common/pico_stdio/stdio.c.obj
 .bss.object.0  0x200004b0       0x18 /user/HS400/ba01081/com1031/arm-toolchain/bin/../lib/gcc/arm-none-eabi/12.3.1/thumb/v6-m/nofp/crtbegin.o
 .bss.pools     0x200004c8       0x10 CMakeFiles/out.dir/user/HS400/ba01081/com1031/pico-sdk/src/common/pico_time/time.c.obj
 .bss.pressDuration
                0x200004d8        0x4 CMakeFiles/out.dir/morse_code.c.obj
                0x200004d8                pressDuration
 .bss.sd_table  0x200004dc      0x100 CMakeFiles/out.dir/user/HS400/ba01081/com1031/pico-sdk/src/rp2_common/pico_double/double_init_rom.c.obj
                0x200004dc                sd_table
 .bss.sf_clz_func
                0x200005dc        0x4 CMakeFiles/out.dir/user/HS400/ba01081/com1031/pico-sdk/src/rp2_common/pico_double/double_init_rom.c.obj
                0x200005dc                sf_clz_func
 .bss.sf_table  0x200005e0      0x100 CMakeFiles/out.dir/user/HS400/ba01081/com1031/pico-sdk/src/rp2_common/pico_float/float_init_rom.c.obj
                0x200005e0                sf_table
 .bss.sleep_notifier
                0x200006e0        0x4 CMakeFiles/out.dir/user/HS400/ba01081/com1031/pico-sdk/src/common/pico_time/time.c.obj
 .bss.target_hi
                0x200006e4       0x10 CMakeFiles/out.dir/user/HS400/ba01081/com1031/pico-sdk/src/rp2_common/hardware_timer/timer.c.obj
 .bss.uart_char_to_line_feed
                0x200006f4        0x4 CMakeFiles/out.dir/user/HS400/ba01081/com1031/pico-sdk/src/rp2_common/hardware_uart/uart.c.obj
                0x200006f4                uart_char_to_line_feed
 .bss.uart_instance
                0x200006f8        0x4 CMakeFiles/out.dir/user/HS400/ba01081/com1031/pico-sdk/src/rp2_common/pico_stdio_uart/stdio_uart.c.obj
 .bss.claimed   0x200006fc        0x1 CMakeFiles/out.dir/user/HS400/ba01081/com1031/pico-sdk/src/rp2_common/hardware_timer/timer.c.obj
 .bss.irq_hander_chain_free_slot_head
                0x200006fd        0x1 CMakeFiles/out.dir/user/HS400/ba01081/com1031/pico-sdk/src/rp2_common/hardware_irq/irq.c.obj
 .bss.timer_callbacks_pending
                0x200006fe        0x1 CMakeFiles/out.dir/user/HS400/ba01081/com1031/pico-sdk/src/rp2_common/hardware_timer/timer.c.obj
 *(COMMON)
                0x20000700                        . = ALIGN (0x4)
 *fill*         0x200006ff        0x1 
                0x20000700                        __bss_end__ = .

.heap           0x20000700      0x800
                0x20000700                        __end__ = .
                0x20000700                        end = __end__
 *(.heap*)
 .heap          0x20000700      0x800 CMakeFiles/out.dir/user/HS400/ba01081/com1031/pico-sdk/src/rp2_common/pico_standard_link/crt0.S.obj
                0x20000f00                        __HeapLimit = .

.stack1_dummy
 *(.stack1*)

.stack_dummy    0x20041000      0x800
 *(.stack*)
 .stack         0x20041000      0x800 CMakeFiles/out.dir/user/HS400/ba01081/com1031/pico-sdk/src/rp2_common/pico_standard_link/crt0.S.obj

.flash_end      0x10005794        0x0
                0x10005794                        PROVIDE (__flash_binary_end = .)
                0x20040000                        __StackLimit = (ORIGIN (RAM) + LENGTH (RAM))
                0x20041000                        __StackOneTop = (ORIGIN (SCRATCH_X) + LENGTH (SCRATCH_X))
                0x20042000                        __StackTop = (ORIGIN (SCRATCH_Y) + LENGTH (SCRATCH_Y))
                0x20041000                        __StackOneBottom = (__StackOneTop - SIZEOF (.stack1_dummy))
                0x20041800                        __StackBottom = (__StackTop - SIZEOF (.stack_dummy))
                0x20042000                        PROVIDE (__stack = __StackTop)
                0x00000001                        ASSERT ((__StackLimit >= __HeapLimit), region RAM overflowed)
                0x00000001                        ASSERT (((__binary_info_header_end - __logical_binary_start) <= 0x100), Binary info must be in first 256 bytes of the binary)
LOAD CMakeFiles/out.dir/morse_code.c.obj
LOAD CMakeFiles/out.dir/user/HS400/ba01081/com1031/pico-sdk/src/rp2_common/pico_stdlib/stdlib.c.obj
LOAD CMakeFiles/out.dir/user/HS400/ba01081/com1031/pico-sdk/src/rp2_common/hardware_gpio/gpio.c.obj
LOAD CMakeFiles/out.dir/user/HS400/ba01081/com1031/pico-sdk/src/rp2_common/pico_platform/platform.c.obj
LOAD CMakeFiles/out.dir/user/HS400/ba01081/com1031/pico-sdk/src/rp2_common/hardware_claim/claim.c.obj
LOAD CMakeFiles/out.dir/user/HS400/ba01081/com1031/pico-sdk/src/rp2_common/hardware_sync/sync.c.obj
LOAD CMakeFiles/out.dir/user/HS400/ba01081/com1031/pico-sdk/src/rp2_common/hardware_irq/irq.c.obj
LOAD CMakeFiles/out.dir/user/HS400/ba01081/com1031/pico-sdk/src/rp2_common/hardware_irq/irq_handler_chain.S.obj
LOAD CMakeFiles/out.dir/user/HS400/ba01081/com1031/pico-sdk/src/common/pico_sync/sem.c.obj
LOAD CMakeFiles/out.dir/user/HS400/ba01081/com1031/pico-sdk/src/common/pico_sync/lock_core.c.obj
LOAD CMakeFiles/out.dir/user/HS400/ba01081/com1031/pico-sdk/src/common/pico_sync/mutex.c.obj
LOAD CMakeFiles/out.dir/user/HS400/ba01081/com1031/pico-sdk/src/common/pico_sync/critical_section.c.obj
LOAD CMakeFiles/out.dir/user/HS400/ba01081/com1031/pico-sdk/src/common/pico_time/time.c.obj
LOAD CMakeFiles/out.dir/user/HS400/ba01081/com1031/pico-sdk/src/common/pico_time/timeout_helper.c.obj
LOAD CMakeFiles/out.dir/user/HS400/ba01081/com1031/pico-sdk/src/rp2_common/hardware_timer/timer.c.obj
LOAD CMakeFiles/out.dir/user/HS400/ba01081/com1031/pico-sdk/src/common/pico_util/datetime.c.obj
LOAD CMakeFiles/out.dir/user/HS400/ba01081/com1031/pico-sdk/src/common/pico_util/pheap.c.obj
LOAD CMakeFiles/out.dir/user/HS400/ba01081/com1031/pico-sdk/src/common/pico_util/queue.c.obj
LOAD CMakeFiles/out.dir/user/HS400/ba01081/com1031/pico-sdk/src/rp2_common/hardware_uart/uart.c.obj
LOAD CMakeFiles/out.dir/user/HS400/ba01081/com1031/pico-sdk/src/rp2_common/hardware_clocks/clocks.c.obj
LOAD CMakeFiles/out.dir/user/HS400/ba01081/com1031/pico-sdk/src/rp2_common/hardware_pll/pll.c.obj
LOAD CMakeFiles/out.dir/user/HS400/ba01081/com1031/pico-sdk/src/rp2_common/hardware_vreg/vreg.c.obj
LOAD CMakeFiles/out.dir/user/HS400/ba01081/com1031/pico-sdk/src/rp2_common/hardware_watchdog/watchdog.c.obj
LOAD CMakeFiles/out.dir/user/HS400/ba01081/com1031/pico-sdk/src/rp2_common/hardware_xosc/xosc.c.obj
LOAD CMakeFiles/out.dir/user/HS400/ba01081/com1031/pico-sdk/src/rp2_common/hardware_divider/divider.S.obj
LOAD CMakeFiles/out.dir/user/HS400/ba01081/com1031/pico-sdk/src/rp2_common/pico_runtime/runtime.c.obj
LOAD CMakeFiles/out.dir/user/HS400/ba01081/com1031/pico-sdk/src/rp2_common/pico_printf/printf.c.obj
LOAD CMakeFiles/out.dir/user/HS400/ba01081/com1031/pico-sdk/src/rp2_common/pico_bit_ops/bit_ops_aeabi.S.obj
LOAD CMakeFiles/out.dir/user/HS400/ba01081/com1031/pico-sdk/src/rp2_common/pico_bootrom/bootrom.c.obj
LOAD CMakeFiles/out.dir/user/HS400/ba01081/com1031/pico-sdk/src/rp2_common/pico_divider/divider.S.obj
LOAD CMakeFiles/out.dir/user/HS400/ba01081/com1031/pico-sdk/src/rp2_common/pico_double/double_aeabi.S.obj
LOAD CMakeFiles/out.dir/user/HS400/ba01081/com1031/pico-sdk/src/rp2_common/pico_double/double_init_rom.c.obj
LOAD CMakeFiles/out.dir/user/HS400/ba01081/com1031/pico-sdk/src/rp2_common/pico_double/double_math.c.obj
LOAD CMakeFiles/out.dir/user/HS400/ba01081/com1031/pico-sdk/src/rp2_common/pico_double/double_v1_rom_shim.S.obj
LOAD CMakeFiles/out.dir/user/HS400/ba01081/com1031/pico-sdk/src/rp2_common/pico_int64_ops/pico_int64_ops_aeabi.S.obj
LOAD CMakeFiles/out.dir/user/HS400/ba01081/com1031/pico-sdk/src/rp2_common/pico_float/float_aeabi.S.obj
LOAD CMakeFiles/out.dir/user/HS400/ba01081/com1031/pico-sdk/src/rp2_common/pico_float/float_init_rom.c.obj
LOAD CMakeFiles/out.dir/user/HS400/ba01081/com1031/pico-sdk/src/rp2_common/pico_float/float_math.c.obj
LOAD CMakeFiles/out.dir/user/HS400/ba01081/com1031/pico-sdk/src/rp2_common/pico_float/float_v1_rom_shim.S.obj
LOAD CMakeFiles/out.dir/user/HS400/ba01081/com1031/pico-sdk/src/rp2_common/pico_malloc/pico_malloc.c.obj
LOAD CMakeFiles/out.dir/user/HS400/ba01081/com1031/pico-sdk/src/rp2_common/pico_mem_ops/mem_ops_aeabi.S.obj
LOAD CMakeFiles/out.dir/user/HS400/ba01081/com1031/pico-sdk/src/rp2_common/pico_standard_link/crt0.S.obj
LOAD CMakeFiles/out.dir/user/HS400/ba01081/com1031/pico-sdk/src/rp2_common/pico_standard_link/new_delete.cpp.obj
LOAD CMakeFiles/out.dir/user/HS400/ba01081/com1031/pico-sdk/src/rp2_common/pico_standard_link/binary_info.c.obj
LOAD CMakeFiles/out.dir/user/HS400/ba01081/com1031/pico-sdk/src/rp2_common/pico_stdio/stdio.c.obj
LOAD CMakeFiles/out.dir/user/HS400/ba01081/com1031/pico-sdk/src/rp2_common/pico_stdio_uart/stdio_uart.c.obj
LOAD /tmp/cc8ohawp.o
LOAD /user/HS400/ba01081/com1031/arm-toolchain/bin/../lib/gcc/arm-none-eabi/12.3.1/../../../../arm-none-eabi/lib/thumb/v6-m/nofp/libstdc++.a
LOAD /user/HS400/ba01081/com1031/arm-toolchain/bin/../lib/gcc/arm-none-eabi/12.3.1/../../../../arm-none-eabi/lib/thumb/v6-m/nofp/libm.a
START GROUP
LOAD /user/HS400/ba01081/com1031/arm-toolchain/bin/../lib/gcc/arm-none-eabi/12.3.1/thumb/v6-m/nofp/libgcc.a
LOAD /user/HS400/ba01081/com1031/arm-toolchain/bin/../lib/gcc/arm-none-eabi/12.3.1/../../../../arm-none-eabi/lib/thumb/v6-m/nofp/libg.a
LOAD /user/HS400/ba01081/com1031/arm-toolchain/bin/../lib/gcc/arm-none-eabi/12.3.1/../../../../arm-none-eabi/lib/thumb/v6-m/nofp/libc.a
END GROUP
START GROUP
LOAD /user/HS400/ba01081/com1031/arm-toolchain/bin/../lib/gcc/arm-none-eabi/12.3.1/thumb/v6-m/nofp/libgcc.a
LOAD /user/HS400/ba01081/com1031/arm-toolchain/bin/../lib/gcc/arm-none-eabi/12.3.1/../../../../arm-none-eabi/lib/thumb/v6-m/nofp/libc.a
LOAD /user/HS400/ba01081/com1031/arm-toolchain/bin/../lib/gcc/arm-none-eabi/12.3.1/../../../../arm-none-eabi/lib/thumb/v6-m/nofp/libnosys.a
END GROUP
LOAD /user/HS400/ba01081/com1031/arm-toolchain/bin/../lib/gcc/arm-none-eabi/12.3.1/thumb/v6-m/nofp/crtend.o
LOAD /user/HS400/ba01081/com1031/arm-toolchain/bin/../lib/gcc/arm-none-eabi/12.3.1/thumb/v6-m/nofp/crtn.o
OUTPUT(out.elf elf32-littlearm)
LOAD linker stubs

.ARM.attributes
                0x00000000       0x28
 .ARM.attributes
                0x00000000       0x1e /user/HS400/ba01081/com1031/arm-toolchain/bin/../lib/gcc/arm-none-eabi/12.3.1/thumb/v6-m/nofp/crti.o
 .ARM.attributes
                0x0000001e       0x2c /user/HS400/ba01081/com1031/arm-toolchain/bin/../lib/gcc/arm-none-eabi/12.3.1/thumb/v6-m/nofp/crtbegin.o
 .ARM.attributes
                0x0000004a       0x2c CMakeFiles/out.dir/morse_code.c.obj
 .ARM.attributes
                0x00000076       0x2c CMakeFiles/out.dir/user/HS400/ba01081/com1031/pico-sdk/src/rp2_common/hardware_gpio/gpio.c.obj
 .ARM.attributes
                0x000000a2       0x2c CMakeFiles/out.dir/user/HS400/ba01081/com1031/pico-sdk/src/rp2_common/pico_platform/platform.c.obj
 .ARM.attributes
                0x000000ce       0x2c CMakeFiles/out.dir/user/HS400/ba01081/com1031/pico-sdk/src/rp2_common/hardware_claim/claim.c.obj
 .ARM.attributes
                0x000000fa       0x2c CMakeFiles/out.dir/user/HS400/ba01081/com1031/pico-sdk/src/rp2_common/hardware_sync/sync.c.obj
 .ARM.attributes
                0x00000126       0x2c CMakeFiles/out.dir/user/HS400/ba01081/com1031/pico-sdk/src/rp2_common/hardware_irq/irq.c.obj
 .ARM.attributes
                0x00000152       0x22 CMakeFiles/out.dir/user/HS400/ba01081/com1031/pico-sdk/src/rp2_common/hardware_irq/irq_handler_chain.S.obj
 .ARM.attributes
                0x00000174       0x2c CMakeFiles/out.dir/user/HS400/ba01081/com1031/pico-sdk/src/common/pico_sync/lock_core.c.obj
 .ARM.attributes
                0x000001a0       0x2c CMakeFiles/out.dir/user/HS400/ba01081/com1031/pico-sdk/src/common/pico_sync/mutex.c.obj
 .ARM.attributes
                0x000001cc       0x2c CMakeFiles/out.dir/user/HS400/ba01081/com1031/pico-sdk/src/common/pico_time/time.c.obj
 .ARM.attributes
                0x000001f8       0x2c CMakeFiles/out.dir/user/HS400/ba01081/com1031/pico-sdk/src/rp2_common/hardware_timer/timer.c.obj
 .ARM.attributes
                0x00000224       0x2c CMakeFiles/out.dir/user/HS400/ba01081/com1031/pico-sdk/src/common/pico_util/pheap.c.obj
 .ARM.attributes
                0x00000250       0x2c CMakeFiles/out.dir/user/HS400/ba01081/com1031/pico-sdk/src/rp2_common/hardware_uart/uart.c.obj
 .ARM.attributes
                0x0000027c       0x2c CMakeFiles/out.dir/user/HS400/ba01081/com1031/pico-sdk/src/rp2_common/hardware_clocks/clocks.c.obj
 .ARM.attributes
                0x000002a8       0x2c CMakeFiles/out.dir/user/HS400/ba01081/com1031/pico-sdk/src/rp2_common/hardware_pll/pll.c.obj
 .ARM.attributes
                0x000002d4       0x2c CMakeFiles/out.dir/user/HS400/ba01081/com1031/pico-sdk/src/rp2_common/hardware_watchdog/watchdog.c.obj
 .ARM.attributes
                0x00000300       0x2c CMakeFiles/out.dir/user/HS400/ba01081/com1031/pico-sdk/src/rp2_common/hardware_xosc/xosc.c.obj
 .ARM.attributes
                0x0000032c       0x2c CMakeFiles/out.dir/user/HS400/ba01081/com1031/pico-sdk/src/rp2_common/pico_runtime/runtime.c.obj
 .ARM.attributes
                0x00000358       0x2c CMakeFiles/out.dir/user/HS400/ba01081/com1031/pico-sdk/src/rp2_common/pico_printf/printf.c.obj
 .ARM.attributes
                0x00000384       0x22 CMakeFiles/out.dir/user/HS400/ba01081/com1031/pico-sdk/src/rp2_common/pico_bit_ops/bit_ops_aeabi.S.obj
 .ARM.attributes
                0x000003a6       0x2c CMakeFiles/out.dir/user/HS400/ba01081/com1031/pico-sdk/src/rp2_common/pico_bootrom/bootrom.c.obj
 .ARM.attributes
                0x000003d2       0x22 CMakeFiles/out.dir/user/HS400/ba01081/com1031/pico-sdk/src/rp2_common/pico_divider/divider.S.obj
 .ARM.attributes
                0x000003f4       0x22 CMakeFiles/out.dir/user/HS400/ba01081/com1031/pico-sdk/src/rp2_common/pico_double/double_aeabi.S.obj
 .ARM.attributes
                0x00000416       0x2c CMakeFiles/out.dir/user/HS400/ba01081/com1031/pico-sdk/src/rp2_common/pico_double/double_init_rom.c.obj
 .ARM.attributes
                0x00000442       0x22 CMakeFiles/out.dir/user/HS400/ba01081/com1031/pico-sdk/src/rp2_common/pico_double/double_v1_rom_shim.S.obj
 .ARM.attributes
                0x00000464       0x22 CMakeFiles/out.dir/user/HS400/ba01081/com1031/pico-sdk/src/rp2_common/pico_int64_ops/pico_int64_ops_aeabi.S.obj
 .ARM.attributes
                0x00000486       0x22 CMakeFiles/out.dir/user/HS400/ba01081/com1031/pico-sdk/src/rp2_common/pico_float/float_aeabi.S.obj
 .ARM.attributes
                0x000004a8       0x2c CMakeFiles/out.dir/user/HS400/ba01081/com1031/pico-sdk/src/rp2_common/pico_float/float_init_rom.c.obj
 .ARM.attributes
                0x000004d4       0x22 CMakeFiles/out.dir/user/HS400/ba01081/com1031/pico-sdk/src/rp2_common/pico_float/float_v1_rom_shim.S.obj
 .ARM.attributes
                0x000004f6       0x22 CMakeFiles/out.dir/user/HS400/ba01081/com1031/pico-sdk/src/rp2_common/pico_mem_ops/mem_ops_aeabi.S.obj
 .ARM.attributes
                0x00000518       0x22 CMakeFiles/out.dir/user/HS400/ba01081/com1031/pico-sdk/src/rp2_common/pico_standard_link/crt0.S.obj
 .ARM.attributes
                0x0000053a       0x2c CMakeFiles/out.dir/user/HS400/ba01081/com1031/pico-sdk/src/rp2_common/pico_standard_link/binary_info.c.obj
 .ARM.attributes
                0x00000566       0x2c CMakeFiles/out.dir/user/HS400/ba01081/com1031/pico-sdk/src/rp2_common/pico_stdio/stdio.c.obj
 .ARM.attributes
                0x00000592       0x2c CMakeFiles/out.dir/user/HS400/ba01081/com1031/pico-sdk/src/rp2_common/pico_stdio_uart/stdio_uart.c.obj
 .ARM.attributes
                0x000005be       0x22 /tmp/cc8ohawp.o
 .ARM.attributes
                0x000005e0       0x1e /user/HS400/ba01081/com1031/arm-toolchain/bin/../lib/gcc/arm-none-eabi/12.3.1/thumb/v6-m/nofp/libgcc.a(_dvmd_tls.o)
 .ARM.attributes
                0x000005fe       0x2c /user/HS400/ba01081/com1031/arm-toolchain/bin/../lib/gcc/arm-none-eabi/12.3.1/../../../../arm-none-eabi/lib/thumb/v6-m/nofp/libg.a(libc_a-strlen-stub.o)
 .ARM.attributes
                0x0000062a       0x2c /user/HS400/ba01081/com1031/arm-toolchain/bin/../lib/gcc/arm-none-eabi/12.3.1/thumb/v6-m/nofp/crtend.o

.comment        0x00000000       0x45
 .comment       0x00000000       0x45 CMakeFiles/out.dir/morse_code.c.obj
                                 0x46 (size before relaxing)
 .comment       0x00000045       0x46 CMakeFiles/out.dir/user/HS400/ba01081/com1031/pico-sdk/src/rp2_common/hardware_gpio/gpio.c.obj
 .comment       0x00000045       0x46 CMakeFiles/out.dir/user/HS400/ba01081/com1031/pico-sdk/src/rp2_common/pico_platform/platform.c.obj
 .comment       0x00000045       0x46 CMakeFiles/out.dir/user/HS400/ba01081/com1031/pico-sdk/src/rp2_common/hardware_claim/claim.c.obj
 .comment       0x00000045       0x46 CMakeFiles/out.dir/user/HS400/ba01081/com1031/pico-sdk/src/rp2_common/hardware_sync/sync.c.obj
 .comment       0x00000045       0x46 CMakeFiles/out.dir/user/HS400/ba01081/com1031/pico-sdk/src/rp2_common/hardware_irq/irq.c.obj
 .comment       0x00000045       0x46 CMakeFiles/out.dir/user/HS400/ba01081/com1031/pico-sdk/src/common/pico_sync/lock_core.c.obj
 .comment       0x00000045       0x46 CMakeFiles/out.dir/user/HS400/ba01081/com1031/pico-sdk/src/common/pico_sync/mutex.c.obj
 .comment       0x00000045       0x46 CMakeFiles/out.dir/user/HS400/ba01081/com1031/pico-sdk/src/common/pico_time/time.c.obj
 .comment       0x00000045       0x46 CMakeFiles/out.dir/user/HS400/ba01081/com1031/pico-sdk/src/rp2_common/hardware_timer/timer.c.obj
 .comment       0x00000045       0x46 CMakeFiles/out.dir/user/HS400/ba01081/com1031/pico-sdk/src/common/pico_util/pheap.c.obj
 .comment       0x00000045       0x46 CMakeFiles/out.dir/user/HS400/ba01081/com1031/pico-sdk/src/rp2_common/hardware_uart/uart.c.obj
 .comment       0x00000045       0x46 CMakeFiles/out.dir/user/HS400/ba01081/com1031/pico-sdk/src/rp2_common/hardware_clocks/clocks.c.obj
 .comment       0x00000045       0x46 CMakeFiles/out.dir/user/HS400/ba01081/com1031/pico-sdk/src/rp2_common/hardware_pll/pll.c.obj
 .comment       0x00000045       0x46 CMakeFiles/out.dir/user/HS400/ba01081/com1031/pico-sdk/src/rp2_common/hardware_watchdog/watchdog.c.obj
 .comment       0x00000045       0x46 CMakeFiles/out.dir/user/HS400/ba01081/com1031/pico-sdk/src/rp2_common/hardware_xosc/xosc.c.obj
 .comment       0x00000045       0x46 CMakeFiles/out.dir/user/HS400/ba01081/com1031/pico-sdk/src/rp2_common/pico_runtime/runtime.c.obj
 .comment       0x00000045       0x46 CMakeFiles/out.dir/user/HS400/ba01081/com1031/pico-sdk/src/rp2_common/pico_printf/printf.c.obj
 .comment       0x00000045       0x46 CMakeFiles/out.dir/user/HS400/ba01081/com1031/pico-sdk/src/rp2_common/pico_bootrom/bootrom.c.obj
 .comment       0x00000045       0x46 CMakeFiles/out.dir/user/HS400/ba01081/com1031/pico-sdk/src/rp2_common/pico_double/double_init_rom.c.obj
 .comment       0x00000045       0x46 CMakeFiles/out.dir/user/HS400/ba01081/com1031/pico-sdk/src/rp2_common/pico_float/float_init_rom.c.obj
 .comment       0x00000045       0x46 CMakeFiles/out.dir/user/HS400/ba01081/com1031/pico-sdk/src/rp2_common/pico_standard_link/binary_info.c.obj
 .comment       0x00000045       0x46 CMakeFiles/out.dir/user/HS400/ba01081/com1031/pico-sdk/src/rp2_common/pico_stdio/stdio.c.obj
 .comment       0x00000045       0x46 CMakeFiles/out.dir/user/HS400/ba01081/com1031/pico-sdk/src/rp2_common/pico_stdio_uart/stdio_uart.c.obj

.debug_info     0x00000000    0x147b3
 .debug_info    0x00000000      0x96b CMakeFiles/out.dir/morse_code.c.obj
 .debug_info    0x0000096b     0x17f5 CMakeFiles/out.dir/user/HS400/ba01081/com1031/pico-sdk/src/rp2_common/hardware_gpio/gpio.c.obj
 .debug_info    0x00002160      0x1fb CMakeFiles/out.dir/user/HS400/ba01081/com1031/pico-sdk/src/rp2_common/pico_platform/platform.c.obj
 .debug_info    0x0000235b      0x69a CMakeFiles/out.dir/user/HS400/ba01081/com1031/pico-sdk/src/rp2_common/hardware_claim/claim.c.obj
 .debug_info    0x000029f5      0x5db CMakeFiles/out.dir/user/HS400/ba01081/com1031/pico-sdk/src/rp2_common/hardware_sync/sync.c.obj
 .debug_info    0x00002fd0     0x1c0b CMakeFiles/out.dir/user/HS400/ba01081/com1031/pico-sdk/src/rp2_common/hardware_irq/irq.c.obj
 .debug_info    0x00004bdb      0x1a3 CMakeFiles/out.dir/user/HS400/ba01081/com1031/pico-sdk/src/common/pico_sync/lock_core.c.obj
 .debug_info    0x00004d7e     0x1d25 CMakeFiles/out.dir/user/HS400/ba01081/com1031/pico-sdk/src/common/pico_sync/mutex.c.obj
 .debug_info    0x00006aa3     0x33e9 CMakeFiles/out.dir/user/HS400/ba01081/com1031/pico-sdk/src/common/pico_time/time.c.obj
 .debug_info    0x00009e8c     0x142a CMakeFiles/out.dir/user/HS400/ba01081/com1031/pico-sdk/src/rp2_common/hardware_timer/timer.c.obj
 .debug_info    0x0000b2b6      0xe63 CMakeFiles/out.dir/user/HS400/ba01081/com1031/pico-sdk/src/common/pico_util/pheap.c.obj
 .debug_info    0x0000c119      0xd98 CMakeFiles/out.dir/user/HS400/ba01081/com1031/pico-sdk/src/rp2_common/hardware_uart/uart.c.obj
 .debug_info    0x0000ceb1      0xfe7 CMakeFiles/out.dir/user/HS400/ba01081/com1031/pico-sdk/src/rp2_common/hardware_clocks/clocks.c.obj
 .debug_info    0x0000de98      0x505 CMakeFiles/out.dir/user/HS400/ba01081/com1031/pico-sdk/src/rp2_common/hardware_pll/pll.c.obj
 .debug_info    0x0000e39d      0x4c5 CMakeFiles/out.dir/user/HS400/ba01081/com1031/pico-sdk/src/rp2_common/hardware_watchdog/watchdog.c.obj
 .debug_info    0x0000e862      0x1c7 CMakeFiles/out.dir/user/HS400/ba01081/com1031/pico-sdk/src/rp2_common/hardware_xosc/xosc.c.obj
 .debug_info    0x0000ea29      0xf17 CMakeFiles/out.dir/user/HS400/ba01081/com1031/pico-sdk/src/rp2_common/pico_runtime/runtime.c.obj
 .debug_info    0x0000f940     0x19a2 CMakeFiles/out.dir/user/HS400/ba01081/com1031/pico-sdk/src/rp2_common/pico_printf/printf.c.obj
 .debug_info    0x000112e2       0x23 CMakeFiles/out.dir/user/HS400/ba01081/com1031/pico-sdk/src/rp2_common/pico_bit_ops/bit_ops_aeabi.S.obj
 .debug_info    0x00011305      0x325 CMakeFiles/out.dir/user/HS400/ba01081/com1031/pico-sdk/src/rp2_common/pico_bootrom/bootrom.c.obj
 .debug_info    0x0001162a       0x23 CMakeFiles/out.dir/user/HS400/ba01081/com1031/pico-sdk/src/rp2_common/pico_divider/divider.S.obj
 .debug_info    0x0001164d       0x23 CMakeFiles/out.dir/user/HS400/ba01081/com1031/pico-sdk/src/rp2_common/pico_double/double_aeabi.S.obj
 .debug_info    0x00011670      0x33b CMakeFiles/out.dir/user/HS400/ba01081/com1031/pico-sdk/src/rp2_common/pico_double/double_init_rom.c.obj
 .debug_info    0x000119ab       0x23 CMakeFiles/out.dir/user/HS400/ba01081/com1031/pico-sdk/src/rp2_common/pico_double/double_v1_rom_shim.S.obj
 .debug_info    0x000119ce       0x24 CMakeFiles/out.dir/user/HS400/ba01081/com1031/pico-sdk/src/rp2_common/pico_int64_ops/pico_int64_ops_aeabi.S.obj
 .debug_info    0x000119f2       0x23 CMakeFiles/out.dir/user/HS400/ba01081/com1031/pico-sdk/src/rp2_common/pico_float/float_aeabi.S.obj
 .debug_info    0x00011a15      0x34f CMakeFiles/out.dir/user/HS400/ba01081/com1031/pico-sdk/src/rp2_common/pico_float/float_init_rom.c.obj
 .debug_info    0x00011d64       0x23 CMakeFiles/out.dir/user/HS400/ba01081/com1031/pico-sdk/src/rp2_common/pico_float/float_v1_rom_shim.S.obj
 .debug_info    0x00011d87       0x23 CMakeFiles/out.dir/user/HS400/ba01081/com1031/pico-sdk/src/rp2_common/pico_mem_ops/mem_ops_aeabi.S.obj
 .debug_info    0x00011daa       0x23 CMakeFiles/out.dir/user/HS400/ba01081/com1031/pico-sdk/src/rp2_common/pico_standard_link/crt0.S.obj
 .debug_info    0x00011dcd      0x28e CMakeFiles/out.dir/user/HS400/ba01081/com1031/pico-sdk/src/rp2_common/pico_standard_link/binary_info.c.obj
 .debug_info    0x0001205b     0x1725 CMakeFiles/out.dir/user/HS400/ba01081/com1031/pico-sdk/src/rp2_common/pico_stdio/stdio.c.obj
 .debug_info    0x00013780     0x1033 CMakeFiles/out.dir/user/HS400/ba01081/com1031/pico-sdk/src/rp2_common/pico_stdio_uart/stdio_uart.c.obj

.debug_abbrev   0x00000000     0x4732
 .debug_abbrev  0x00000000      0x33a CMakeFiles/out.dir/morse_code.c.obj
 .debug_abbrev  0x0000033a      0x3a6 CMakeFiles/out.dir/user/HS400/ba01081/com1031/pico-sdk/src/rp2_common/hardware_gpio/gpio.c.obj
 .debug_abbrev  0x000006e0       0xf8 CMakeFiles/out.dir/user/HS400/ba01081/com1031/pico-sdk/src/rp2_common/pico_platform/platform.c.obj
 .debug_abbrev  0x000007d8      0x2ce CMakeFiles/out.dir/user/HS400/ba01081/com1031/pico-sdk/src/rp2_common/hardware_claim/claim.c.obj
 .debug_abbrev  0x00000aa6      0x249 CMakeFiles/out.dir/user/HS400/ba01081/com1031/pico-sdk/src/rp2_common/hardware_sync/sync.c.obj
 .debug_abbrev  0x00000cef      0x500 CMakeFiles/out.dir/user/HS400/ba01081/com1031/pico-sdk/src/rp2_common/hardware_irq/irq.c.obj
 .debug_abbrev  0x000011ef      0x116 CMakeFiles/out.dir/user/HS400/ba01081/com1031/pico-sdk/src/common/pico_sync/lock_core.c.obj
 .debug_abbrev  0x00001305      0x3e8 CMakeFiles/out.dir/user/HS400/ba01081/com1031/pico-sdk/src/common/pico_sync/mutex.c.obj
 .debug_abbrev  0x000016ed      0x5c3 CMakeFiles/out.dir/user/HS400/ba01081/com1031/pico-sdk/src/common/pico_time/time.c.obj
 .debug_abbrev  0x00001cb0      0x3d5 CMakeFiles/out.dir/user/HS400/ba01081/com1031/pico-sdk/src/rp2_common/hardware_timer/timer.c.obj
 .debug_abbrev  0x00002085      0x290 CMakeFiles/out.dir/user/HS400/ba01081/com1031/pico-sdk/src/common/pico_util/pheap.c.obj
 .debug_abbrev  0x00002315      0x349 CMakeFiles/out.dir/user/HS400/ba01081/com1031/pico-sdk/src/rp2_common/hardware_uart/uart.c.obj
 .debug_abbrev  0x0000265e      0x434 CMakeFiles/out.dir/user/HS400/ba01081/com1031/pico-sdk/src/rp2_common/hardware_clocks/clocks.c.obj
 .debug_abbrev  0x00002a92      0x1e7 CMakeFiles/out.dir/user/HS400/ba01081/com1031/pico-sdk/src/rp2_common/hardware_pll/pll.c.obj
 .debug_abbrev  0x00002c79      0x1a8 CMakeFiles/out.dir/user/HS400/ba01081/com1031/pico-sdk/src/rp2_common/hardware_watchdog/watchdog.c.obj
 .debug_abbrev  0x00002e21      0x10c CMakeFiles/out.dir/user/HS400/ba01081/com1031/pico-sdk/src/rp2_common/hardware_xosc/xosc.c.obj
 .debug_abbrev  0x00002f2d      0x530 CMakeFiles/out.dir/user/HS400/ba01081/com1031/pico-sdk/src/rp2_common/pico_runtime/runtime.c.obj
 .debug_abbrev  0x0000345d      0x38a CMakeFiles/out.dir/user/HS400/ba01081/com1031/pico-sdk/src/rp2_common/pico_printf/printf.c.obj
 .debug_abbrev  0x000037e7       0x12 CMakeFiles/out.dir/user/HS400/ba01081/com1031/pico-sdk/src/rp2_common/pico_bit_ops/bit_ops_aeabi.S.obj
 .debug_abbrev  0x000037f9      0x167 CMakeFiles/out.dir/user/HS400/ba01081/com1031/pico-sdk/src/rp2_common/pico_bootrom/bootrom.c.obj
 .debug_abbrev  0x00003960       0x12 CMakeFiles/out.dir/user/HS400/ba01081/com1031/pico-sdk/src/rp2_common/pico_divider/divider.S.obj
 .debug_abbrev  0x00003972       0x12 CMakeFiles/out.dir/user/HS400/ba01081/com1031/pico-sdk/src/rp2_common/pico_double/double_aeabi.S.obj
 .debug_abbrev  0x00003984      0x1c3 CMakeFiles/out.dir/user/HS400/ba01081/com1031/pico-sdk/src/rp2_common/pico_double/double_init_rom.c.obj
 .debug_abbrev  0x00003b47       0x12 CMakeFiles/out.dir/user/HS400/ba01081/com1031/pico-sdk/src/rp2_common/pico_double/double_v1_rom_shim.S.obj
 .debug_abbrev  0x00003b59       0x14 CMakeFiles/out.dir/user/HS400/ba01081/com1031/pico-sdk/src/rp2_common/pico_int64_ops/pico_int64_ops_aeabi.S.obj
 .debug_abbrev  0x00003b6d       0x12 CMakeFiles/out.dir/user/HS400/ba01081/com1031/pico-sdk/src/rp2_common/pico_float/float_aeabi.S.obj
 .debug_abbrev  0x00003b7f      0x1c6 CMakeFiles/out.dir/user/HS400/ba01081/com1031/pico-sdk/src/rp2_common/pico_float/float_init_rom.c.obj
 .debug_abbrev  0x00003d45       0x12 CMakeFiles/out.dir/user/HS400/ba01081/com1031/pico-sdk/src/rp2_common/pico_float/float_v1_rom_shim.S.obj
 .debug_abbrev  0x00003d57       0x12 CMakeFiles/out.dir/user/HS400/ba01081/com1031/pico-sdk/src/rp2_common/pico_mem_ops/mem_ops_aeabi.S.obj
 .debug_abbrev  0x00003d69       0x12 CMakeFiles/out.dir/user/HS400/ba01081/com1031/pico-sdk/src/rp2_common/pico_standard_link/crt0.S.obj
 .debug_abbrev  0x00003d7b       0xb8 CMakeFiles/out.dir/user/HS400/ba01081/com1031/pico-sdk/src/rp2_common/pico_standard_link/binary_info.c.obj
 .debug_abbrev  0x00003e33      0x47a CMakeFiles/out.dir/user/HS400/ba01081/com1031/pico-sdk/src/rp2_common/pico_stdio/stdio.c.obj
 .debug_abbrev  0x000042ad      0x485 CMakeFiles/out.dir/user/HS400/ba01081/com1031/pico-sdk/src/rp2_common/pico_stdio_uart/stdio_uart.c.obj

.debug_loclists
                0x00000000     0x7c2d
 .debug_loclists
                0x00000000      0x1b5 CMakeFiles/out.dir/morse_code.c.obj
 .debug_loclists
                0x000001b5      0x9c2 CMakeFiles/out.dir/user/HS400/ba01081/com1031/pico-sdk/src/rp2_common/hardware_gpio/gpio.c.obj
 .debug_loclists
                0x00000b77       0x9f CMakeFiles/out.dir/user/HS400/ba01081/com1031/pico-sdk/src/rp2_common/pico_platform/platform.c.obj
 .debug_loclists