Archive member included to satisfy reference by file (symbol)

/user/HS400/ba01081/com1031/arm-toolchain/bin/../lib/gcc/arm-none-eabi/12.3.1/thumb/v6-m/nofp/libgcc.a(_dvmd_tls.o)
                              CMakeFiles/out.dir/user/HS400/ba01081/com1031/pico-sdk/src/rp2_common/pico_divider/divider.S.obj (__aeabi_idiv0)
/user/HS400/ba01081/com1031/arm-toolchain/bin/../lib/gcc/arm-none-eabi/12.3.1/../../../../arm-none-eabi/lib/thumb/v6-m/nofp/libg.a(libc_a-malloc.o)
                              CMakeFiles/out.dir/user/HS400/ba01081/com1031/pico-sdk/src/rp2_common/pico_malloc/pico_malloc.c.obj (malloc)
/user/HS400/ba01081/com1031/arm-toolchain/bin/../lib/gcc/arm-none-eabi/12.3.1/../../../../arm-none-eabi/lib/thumb/v6-m/nofp/libg.a(libc_a-mallocr.o)
                              /user/HS400/ba01081/com1031/arm-toolchain/bin/../lib/gcc/arm-none-eabi/12.3.1/../../../../arm-none-eabi/lib/thumb/v6-m/nofp/libg.a(libc_a-malloc.o) (_malloc_r)
/user/HS400/ba01081/com1031/arm-toolchain/bin/../lib/gcc/arm-none-eabi/12.3.1/../../../../arm-none-eabi/lib/thumb/v6-m/nofp/libg.a(libc_a-init.o)
                              /user/HS400/ba01081/com1031/arm-toolchain/bin/../lib/gcc/arm-none-eabi/12.3.1/../../../../arm-none-eabi/lib/thumb/v6-m/nofp/crt0.o (__libc_init_array)
/user/HS400/ba01081/com1031/arm-toolchain/bin/../lib/gcc/arm-none-eabi/12.3.1/../../../../arm-none-eabi/lib/thumb/v6-m/nofp/libg.a(libc_a-sysconf.o)
                              /user/HS400/ba01081/com1031/arm-toolchain/bin/../lib/gcc/arm-none-eabi/12.3.1/../../../../arm-none-eabi/lib/thumb/v6-m/nofp/libg.a(libc_a-mallocr.o) (sysconf)
/user/HS400/ba01081/com1031/arm-toolchain/bin/../lib/gcc/arm-none-eabi/12.3.1/../../../../arm-none-eabi/lib/thumb/v6-m/nofp/libg.a(libc_a-mlock.o)
                              /user/HS400/ba01081/com1031/arm-toolchain/bin/../lib/gcc/arm-none-eabi/12.3.1/../../../../arm-none-eabi/lib/thumb/v6-m/nofp/libg.a(libc_a-mallocr.o) (__malloc_lock)
/user/HS400/ba01081/com1031/arm-toolchain/bin/../lib/gcc/arm-none-eabi/12.3.1/../../../../arm-none-eabi/lib/thumb/v6-m/nofp/libg.a(libc_a-calloc.o)
                              CMakeFiles/out.dir/user/HS400/ba01081/com1031/pico-sdk/src/rp2_common/pico_malloc/pico_malloc.c.obj (calloc)
/user/HS400/ba01081/com1031/arm-toolchain/bin/../lib/gcc/arm-none-eabi/12.3.1/../../../../arm-none-eabi/lib/thumb/v6-m/nofp/libg.a(libc_a-callocr.o)
                              /user/HS400/ba01081/com1031/arm-toolchain/bin/../lib/gcc/arm-none-eabi/12.3.1/../../../../arm-none-eabi/lib/thumb/v6-m/nofp/libg.a(libc_a-calloc.o) (_calloc_r)
/user/HS400/ba01081/com1031/arm-toolchain/bin/../lib/gcc/arm-none-eabi/12.3.1/../../../../arm-none-eabi/lib/thumb/v6-m/nofp/libg.a(libc_a-realloc.o)
                              CMakeFiles/out.dir/user/HS400/ba01081/com1031/pico-sdk/src/rp2_common/pico_malloc/pico_malloc.c.obj (realloc)
/user/HS400/ba01081/com1031/arm-toolchain/bin/../lib/gcc/arm-none-eabi/12.3.1/../../../../arm-none-eabi/lib/thumb/v6-m/nofp/libg.a(libc_a-impure.o)
                              /user/HS400/ba01081/com1031/arm-toolchain/bin/../lib/gcc/arm-none-eabi/12.3.1/../../../../arm-none-eabi/lib/thumb/v6-m/nofp/libg.a(libc_a-malloc.o) (_impure_ptr)
/user/HS400/ba01081/com1031/arm-toolchain/bin/../lib/gcc/arm-none-eabi/12.3.1/../../../../arm-none-eabi/lib/thumb/v6-m/nofp/libg.a(libc_a-findfp.o)
                              /user/HS400/ba01081/com1031/arm-toolchain/bin/../lib/gcc/arm-none-eabi/12.3.1/../../../../arm-none-eabi/lib/thumb/v6-m/nofp/libg.a(libc_a-impure.o) (__sf)
/user/HS400/ba01081/com1031/arm-toolchain/bin/../lib/gcc/arm-none-eabi/12.3.1/../../../../arm-none-eabi/lib/thumb/v6-m/nofp/libg.a(libc_a-strlen-stub.o)
                              CMakeFiles/out.dir/user/HS400/ba01081/com1031/pico-sdk/src/rp2_common/pico_stdio/stdio.c.obj (strlen)
/user/HS400/ba01081/com1031/arm-toolchain/bin/../lib/gcc/arm-none-eabi/12.3.1/../../../../arm-none-eabi/lib/thumb/v6-m/nofp/libg.a(libc_a-reallocr.o)
                              /user/HS400/ba01081/com1031/arm-toolchain/bin/../lib/gcc/arm-none-eabi/12.3.1/../../../../arm-none-eabi/lib/thumb/v6-m/nofp/libg.a(libc_a-realloc.o) (_realloc_r)
/user/HS400/ba01081/com1031/arm-toolchain/bin/../lib/gcc/arm-none-eabi/12.3.1/../../../../arm-none-eabi/lib/thumb/v6-m/nofp/libg.a(libc_a-freer.o)
                              /user/HS400/ba01081/com1031/arm-toolchain/bin/../lib/gcc/arm-none-eabi/12.3.1/../../../../arm-none-eabi/lib/thumb/v6-m/nofp/libg.a(libc_a-malloc.o) (_free_r)
/user/HS400/ba01081/com1031/arm-toolchain/bin/../lib/gcc/arm-none-eabi/12.3.1/../../../../arm-none-eabi/lib/thumb/v6-m/nofp/libg.a(libc_a-stdio.o)
                              /user/HS400/ba01081/com1031/arm-toolchain/bin/../lib/gcc/arm-none-eabi/12.3.1/../../../../arm-none-eabi/lib/thumb/v6-m/nofp/libg.a(libc_a-findfp.o) (__sread)
/user/HS400/ba01081/com1031/arm-toolchain/bin/../lib/gcc/arm-none-eabi/12.3.1/../../../../arm-none-eabi/lib/thumb/v6-m/nofp/libg.a(libc_a-sbrkr.o)
[...]
Memory Configuration

Name             Origin             Length             Attributes
FLASH            0x10000000         0x00200000         xr
RAM              0x20000000         0x00040000         xrw
SCRATCH_X        0x20040000         0x00001000         xrw
SCRATCH_Y        0x20041000         0x00001000         xrw
*default*        0x00000000         0xffffffff

Linker script and memory map

LOAD /user/HS400/ba01081/com1031/arm-toolchain/bin/../lib/gcc/arm-none-eabi/12.3.1/thumb/v6-m/nofp/crti.o
LOAD /user/HS400/ba01081/com1031/arm-toolchain/bin/../lib/gcc/arm-none-eabi/12.3.1/thumb/v6-m/nofp/crtbegin.o
LOAD /user/HS400/ba01081/com1031/arm-toolchain/bin/../lib/gcc/arm-none-eabi/12.3.1/../../../../arm-none-eabi/lib/thumb/v6-m/nofp/crt0.o

.flash_begin    0x10000000        0x0
                0x10000000                        __flash_binary_start = .

.boot2          0x10000000      0x100
                0x10000000                        __boot2_start__ = .
 *(.boot2)
 .boot2         0x10000000      0x100 /tmp/cc3r9Un6.o
                0x10000100                        __boot2_end__ = .
                0x00000001                        ASSERT (((__boot2_end__ - __boot2_start__) == 0x100), ERROR: Pico second stage bootloader must be 256 bytes in size)

.text           0x10000100     0x4538
                0x10000100                        __logical_binary_start = .
 *(.vectors)
 .vectors       0x10000100       0xd4 CMakeFiles/out.dir/user/HS400/ba01081/com1031/pico-sdk/src/rp2_common/pico_standard_link/crt0.S.obj
                0x10000100                __vectors
                0x10000100                __VECTOR_TABLE
                0x100001c0                isr_invalid
                0x100001c0                __default_isrs_start
                0x100001c2                isr_nmi
                0x100001c4                isr_hardfault
                0x100001c6                isr_svcall
                0x100001c8                isr_pendsv
                0x100001ca                isr_systick
                0x100001cc                isr_irq30
                0x100001cc                __unhandled_user_irq
                0x100001cc                isr_irq13
                0x100001cc                isr_irq27
                0x100001cc                isr_irq31
                0x100001cc                isr_irq5
                0x100001cc                isr_irq11
                0x100001cc                isr_irq23
                0x100001cc                isr_irq18
                0x100001cc                isr_irq28
                0x100001cc                isr_irq19
                0x100001cc                isr_irq0
                0x100001cc                isr_irq6
                0x100001cc                isr_irq22
                0x100001cc                isr_irq17
                0x100001cc                isr_irq14
                0x100001cc                isr_irq2
                0x100001cc                isr_irq10
                0x100001cc                isr_irq8
                0x100001cc                isr_irq24
                0x100001cc                isr_irq1
                0x100001cc                isr_irq7
                0x100001cc                isr_irq21
                0x100001cc                isr_irq20
                0x100001cc                isr_irq15
                0x100001cc                isr_irq25
                0x100001cc                isr_irq4
                0x100001cc                isr_irq16
                0x100001cc                isr_irq29
                0x100001cc                isr_irq26
                0x100001cc                __default_isrs_end
                0x100001cc                isr_irq3
                0x100001cc                isr_irq12
                0x100001cc                isr_irq9
                0x100001d2                unhandled_user_irq_num_in_r0
 *(.binary_info_header)
 .binary_info_header
                0x100001d4       0x14 CMakeFiles/out.dir/user/HS400/ba01081/com1031/pico-sdk/src/rp2_common/pico_standard_link/crt0.S.obj
                0x100001e8                        __binary_info_header_end = .
 *(.reset)
 .reset         0x100001e8       0xa0 CMakeFiles/out.dir/user/HS400/ba01081/com1031/pico-sdk/src/rp2_common/pico_standard_link/crt0.S.obj
                0x100001e8                _entry_point
 .reset         0x10000288       0x24 CMakeFiles/out.dir/user/HS400/ba01081/com1031/pico-sdk/src/rp2_common/pico_standard_link/binary_info.c.obj
 *(.init)
 .init          0x100002ac        0x4 /user/HS400/ba01081/com1031/arm-toolchain/bin/../lib/gcc/arm-none-eabi/12.3.1/thumb/v6-m/nofp/crti.o
                0x100002ac                _init
 *(EXCLUDE_FILE(*libm.a: *libc.a:*lib_a-mem*.o *libgcc.a:) .text*)
 .text.register_tm_clones
                0x100002b0       0x28 /user/HS400/ba01081/com1031/arm-toolchain/bin/../lib/gcc/arm-none-eabi/12.3.1/thumb/v6-m/nofp/crtbegin.o
 .text.frame_dummy
                0x100002d8       0x24 /user/HS400/ba01081/com1031/arm-toolchain/bin/../lib/gcc/arm-none-eabi/12.3.1/thumb/v6-m/nofp/crtbegin.o
 .text.seven_segment_show
                0x100002fc       0x40 CMakeFiles/out.dir/morse_code.c.obj
                0x100002fc                seven_segment_show
 .text.seven_segment_init
                0x1000033c       0x38 CMakeFiles/out.dir/morse_code.c.obj
                0x1000033c                seven_segment_init
 .text.seven_segment_off
                0x10000374       0x20 CMakeFiles/out.dir/morse_code.c.obj
                0x10000374                seven_segment_off
 .text.checkButton
                0x10000394       0x30 CMakeFiles/out.dir/morse_code.c.obj
                0x10000394                checkButton
 .text.main     0x100003c4       0x5c CMakeFiles/out.dir/morse_code.c.obj
                0x100003c4                main
 .text.gpio_set_function
                0x10000420       0x30 CMakeFiles/out.dir/user/HS400/ba01081/com1031/pico-sdk/src/rp2_common/hardware_gpio/gpio.c.obj
                0x10000420                gpio_set_function
 .text.gpio_set_pulls
                0x10000450       0x34 CMakeFiles/out.dir/user/HS400/ba01081/com1031/pico-sdk/src/rp2_common/hardware_gpio/gpio.c.obj
                0x10000450                gpio_set_pulls
 .text.gpio_init
                0x10000484       0x16 CMakeFiles/out.dir/user/HS400/ba01081/com1031/pico-sdk/src/rp2_common/hardware_gpio/gpio.c.obj
                0x10000484                gpio_init
 *fill*         0x1000049a        0x2 
 .text.running_on_fpga
                0x1000049c       0x14 CMakeFiles/out.dir/user/HS400/ba01081/com1031/pico-sdk/src/rp2_common/pico_platform/platform.c.obj
                0x1000049c                running_on_fpga
 .text.hw_claim_lock
                0x100004b0       0x18 CMakeFiles/out.dir/user/HS400/ba01081/com1031/pico-sdk/src/rp2_common/hardware_claim/claim.c.obj
                0x100004b0                hw_claim_lock
 .text.hw_claim_unlock
                0x100004c8       0x14 CMakeFiles/out.dir/user/HS400/ba01081/com1031/pico-sdk/src/rp2_common/hardware_claim/claim.c.obj
                0x100004c8                hw_claim_unlock
 .text.hw_claim_or_assert
                0x100004dc       0x32 CMakeFiles/out.dir/user/HS400/ba01081/com1031/pico-sdk/src/rp2_common/hardware_claim/claim.c.obj
                0x100004dc                hw_claim_or_assert
 *fill*         0x1000050e        0x2 
 .text.spin_locks_reset
                0x10000510       0x20 CMakeFiles/out.dir/user/HS400/ba01081/com1031/pico-sdk/src/rp2_common/hardware_sync/sync.c.obj
                0x10000510                spin_locks_reset
 .text.next_striped_spin_lock_num
                0x10000530       0x1c CMakeFiles/out.dir/user/HS400/ba01081/com1031/pico-sdk/src/rp2_common/hardware_sync/sync.c.obj
                0x10000530                next_striped_spin_lock_num
 .text.set_raw_irq_handler_and_unlock
                0x1000054c       0x28 CMakeFiles/out.dir/user/HS400/ba01081/com1031/pico-sdk/src/rp2_common/hardware_irq/irq.c.obj
 .text.resolve_branch
                0x10000574       0x30 CMakeFiles/out.dir/user/HS400/ba01081/com1031/pico-sdk/src/rp2_common/hardware_irq/irq.c.obj
 .text.make_branch
                0x100005a4       0x48 CMakeFiles/out.dir/user/HS400/ba01081/com1031/pico-sdk/src/rp2_common/hardware_irq/irq.c.obj
 .text.insert_branch_and_link
                0x100005ec       0x40 CMakeFiles/out.dir/user/HS400/ba01081/com1031/pico-sdk/src/rp2_common/hardware_irq/irq.c.obj
 .text.irq_is_enabled
                0x1000062c       0x18 CMakeFiles/out.dir/user/HS400/ba01081/com1031/pico-sdk/src/rp2_common/hardware_irq/irq.c.obj
                0x1000062c                irq_is_enabled
 .text.irq_set_mask_enabled
                0x10000644       0x20 CMakeFiles/out.dir/user/HS400/ba01081/com1031/pico-sdk/src/rp2_common/hardware_irq/irq.c.obj
                0x10000644                irq_set_mask_enabled
 .text.irq_set_enabled
                0x10000664        0xe CMakeFiles/out.dir/user/HS400/ba01081/com1031/pico-sdk/src/rp2_common/hardware_irq/irq.c.obj
                0x10000664                irq_set_enabled
 *fill*         0x10000672        0x2 
 .text.irq_get_vtable_handler
                0x10000674       0x10 CMakeFiles/out.dir/user/HS400/ba01081/com1031/pico-sdk/src/rp2_common/hardware_irq/irq.c.obj
                0x10000674                irq_get_vtable_handler
 .text.irq_set_exclusive_handler
                0x10000684       0x54 CMakeFiles/out.dir/user/HS400/ba01081/com1031/pico-sdk/src/rp2_common/hardware_irq/irq.c.obj
                0x10000684                irq_set_exclusive_handler
 .text.irq_remove_handler
                0x100006d8      0x188 CMakeFiles/out.dir/user/HS400/ba01081/com1031/pico-sdk/src/rp2_common/hardware_irq/irq.c.obj
                0x100006d8                irq_remove_handler
 .text.irq_add_tail_to_free_list
                0x10000860       0xf0 CMakeFiles/out.dir/user/HS400/ba01081/com1031/pico-sdk/src/rp2_common/hardware_irq/irq.c.obj
                0x10000860                irq_add_tail_to_free_list
 .text.irq_init_priorities
                0x10000950       0x1c CMakeFiles/out.dir/user/HS400/ba01081/com1031/pico-sdk/src/rp2_common/hardware_irq/irq.c.obj
                0x10000950                irq_init_priorities
 .text.lock_init
                0x1000096c       0x10 CMakeFiles/out.dir/user/HS400/ba01081/com1031/pico-sdk/src/common/pico_sync/lock_core.c.obj
                0x1000096c                lock_init
 .text.mutex_init
                0x1000097c       0x1a CMakeFiles/out.dir/user/HS400/ba01081/com1031/pico-sdk/src/common/pico_sync/mutex.c.obj
                0x1000097c                mutex_init
 .text.recursive_mutex_init
                0x10000996       0x1e CMakeFiles/out.dir/user/HS400/ba01081/com1031/pico-sdk/src/common/pico_sync/mutex.c.obj
                0x10000996                recursive_mutex_init
 .text.time_reached
                0x100009b4       0x28 CMakeFiles/out.dir/user/HS400/ba01081/com1031/pico-sdk/src/common/pico_time/time.c.obj
 .text.get_entry
                0x100009dc       0x38 CMakeFiles/out.dir/user/HS400/ba01081/com1031/pico-sdk/src/common/pico_time/time.c.obj
 .text.timer_pool_entry_comparator
                0x10000a14       0x2e CMakeFiles/out.dir/user/HS400/ba01081/com1031/pico-sdk/src/common/pico_time/time.c.obj
                0x10000a14                timer_pool_entry_comparator
 *fill*         0x10000a42        0x2 
 .text.update_us_since_boot
                0x10000a44       0x24 CMakeFiles/out.dir/user/HS400/ba01081/com1031/pico-sdk/src/common/pico_time/time.c.obj
 .text.delayed_by_us
                0x10000a68       0x34 CMakeFiles/out.dir/user/HS400/ba01081/com1031/pico-sdk/src/common/pico_time/time.c.obj
 .text.ph_get_node
                0x10000a9c       0x30 CMakeFiles/out.dir/user/HS400/ba01081/com1031/pico-sdk/src/common/pico_time/time.c.obj
 .text.ph_contains_node
                0x10000acc       0x1e CMakeFiles/out.dir/user/HS400/ba01081/com1031/pico-sdk/src/common/pico_time/time.c.obj
 .text.ph_new_node
                0x10000aea       0x28 CMakeFiles/out.dir/user/HS400/ba01081/com1031/pico-sdk/src/common/pico_time/time.c.obj
 *fill*         0x10000b12        0x2 
 .text.ph_add_child_node
                0x10000b14       0x6c CMakeFiles/out.dir/user/HS400/ba01081/com1031/pico-sdk/src/common/pico_time/time.c.obj
 .text.ph_merge_nodes
                0x10000b80       0x3e CMakeFiles/out.dir/user/HS400/ba01081/com1031/pico-sdk/src/common/pico_time/time.c.obj
 *fill*         0x10000bbe        0x2 
 .text.ph_insert_node
                0x10000bc0       0x3c CMakeFiles/out.dir/user/HS400/ba01081/com1031/pico-sdk/src/common/pico_time/time.c.obj
 .text.ph_free_node
                0x10000bfc       0x5c CMakeFiles/out.dir/user/HS400/ba01081/com1031/pico-sdk/src/common/pico_time/time.c.obj
 .text.get_entry_id_high
                0x10000c58       0x30 CMakeFiles/out.dir/user/HS400/ba01081/com1031/pico-sdk/src/common/pico_time/time.c.obj
 .text.alarm_pool_post_alloc_init
                0x10000c88       0x40 CMakeFiles/out.dir/user/HS400/ba01081/com1031/pico-sdk/src/common/pico_time/time.c.obj
 .text.sleep_until_callback
                0x10000cc8       0x30 CMakeFiles/out.dir/user/HS400/ba01081/com1031/pico-sdk/src/common/pico_time/time.c.obj
 .text.get_absolute_time
                0x10000cf8       0x22 CMakeFiles/out.dir/user/HS400/ba01081/com1031/pico-sdk/src/common/pico_time/time.c.obj
 .text.make_timeout_time_us
                0x10000d1a       0x24 CMakeFiles/out.dir/user/HS400/ba01081/com1031/pico-sdk/src/common/pico_time/time.c.obj
 *fill*         0x10000d3e        0x2 
 .text.add_alarm_under_lock
                0x10000d40       0x94 CMakeFiles/out.dir/user/HS400/ba01081/com1031/pico-sdk/src/common/pico_time/time.c.obj
 .text.alarm_pool_alarm_callback
                0x10000dd4      0x210 CMakeFiles/out.dir/user/HS400/ba01081/com1031/pico-sdk/src/common/pico_time/time.c.obj
 .text.alarm_pool_init_default
                0x10000fe4       0x40 CMakeFiles/out.dir/user/HS400/ba01081/com1031/pico-sdk/src/common/pico_time/time.c.obj
                0x10000fe4                alarm_pool_init_default
 .text.alarm_pool_get_default
                0x10001024       0x2c CMakeFiles/out.dir/user/HS400/ba01081/com1031/pico-sdk/src/common/pico_time/time.c.obj
                0x10001024                alarm_pool_get_default
 .text.alarm_pool_add_alarm_at
                0x10001050      0x10e CMakeFiles/out.dir/user/HS400/ba01081/com1031/pico-sdk/src/common/pico_time/time.c.obj
                0x10001050                alarm_pool_add_alarm_at
 .text.add_alarm_at
                0x1000115e       0x2e CMakeFiles/out.dir/user/HS400/ba01081/com1031/pico-sdk/src/common/pico_time/time.c.obj
 .text.alarm_pool_cancel_alarm
                0x1000118c       0xa8 CMakeFiles/out.dir/user/HS400/ba01081/com1031/pico-sdk/src/common/pico_time/time.c.obj
                0x1000118c                alarm_pool_cancel_alarm
 .text.cancel_alarm
                0x10001234       0x10 CMakeFiles/out.dir/user/HS400/ba01081/com1031/pico-sdk/src/common/pico_time/time.c.obj
 .text.sleep_until
                0x10001244       0xb0 CMakeFiles/out.dir/user/HS400/ba01081/com1031/pico-sdk/src/common/pico_time/time.c.obj
                0x10001244                sleep_until
 .text.sleep_us
                0x100012f4       0x1a CMakeFiles/out.dir/user/HS400/ba01081/com1031/pico-sdk/src/common/pico_time/time.c.obj
                0x100012f4                sleep_us
 .text.sleep_ms
                0x1000130e       0x14 CMakeFiles/out.dir/user/HS400/ba01081/com1031/pico-sdk/src/common/pico_time/time.c.obj
                0x1000130e                sleep_ms
 *fill*         0x10001322        0x2 
 .text.best_effort_wfe_or_timeout
                0x10001324       0x44 CMakeFiles/out.dir/user/HS400/ba01081/com1031/pico-sdk/src/common/pico_time/time.c.obj
                0x10001324                best_effort_wfe_or_timeout
 .text.update_us_since_boot
                0x10001368       0x24 CMakeFiles/out.dir/user/HS400/ba01081/com1031/pico-sdk/src/rp2_common/hardware_timer/timer.c.obj
 .text.hardware_alarm_irq_handler
                0x1000138c       0x8c CMakeFiles/out.dir/user/HS400/ba01081/com1031/pico-sdk/src/rp2_common/hardware_timer/timer.c.obj
 .text.hardware_alarm_claim
                0x10001418       0x18 CMakeFiles/out.dir/user/HS400/ba01081/com1031/pico-sdk/src/rp2_common/hardware_timer/timer.c.obj
                0x10001418                hardware_alarm_claim
 .text.time_us_64
                0x10001430       0x18 CMakeFiles/out.dir/user/HS400/ba01081/com1031/pico-sdk/src/rp2_common/hardware_timer/timer.c.obj
                0x10001430                time_us_64
 .text.busy_wait_until
                0x10001448       0x28 CMakeFiles/out.dir/user/HS400/ba01081/com1031/pico-sdk/src/rp2_common/hardware_timer/timer.c.obj
                0x10001448                busy_wait_until
 .text.busy_wait_us
                0x10001470       0x3a CMakeFiles/out.dir/user/HS400/ba01081/com1031/pico-sdk/src/rp2_common/hardware_timer/timer.c.obj
                0x10001470                busy_wait_us
 *fill*         0x100014aa        0x2 
 .text.hardware_alarm_set_callback
                0x100014ac       0x90 CMakeFiles/out.dir/user/HS400/ba01081/com1031/pico-sdk/src/rp2_common/hardware_timer/timer.c.obj
                0x100014ac                hardware_alarm_set_callback
 .text.hardware_alarm_set_target
                0x1000153c       0xe8 CMakeFiles/out.dir/user/HS400/ba01081/com1031/pico-sdk/src/rp2_common/hardware_timer/timer.c.obj
                0x1000153c                hardware_alarm_set_target
 .text.hardware_alarm_cancel
                0x10001624       0x40 CMakeFiles/out.dir/user/HS400/ba01081/com1031/pico-sdk/src/rp2_common/hardware_timer/timer.c.obj
                0x10001624                hardware_alarm_cancel
 .text.ph_get_node
                0x10001664       0x30 CMakeFiles/out.dir/user/HS400/ba01081/com1031/pico-sdk/src/common/pico_util/pheap.c.obj
 .text.ph_add_child_node
                0x10001694       0x6c CMakeFiles/out.dir/user/HS400/ba01081/com1031/pico-sdk/src/common/pico_util/pheap.c.obj
 .text.ph_merge_nodes
                0x10001700       0x3e CMakeFiles/out.dir/user/HS400/ba01081/com1031/pico-sdk/src/common/pico_util/pheap.c.obj
 .text.ph_clear
                0x1000173e       0x34 CMakeFiles/out.dir/user/HS400/ba01081/com1031/pico-sdk/src/common/pico_util/pheap.c.obj
                0x1000173e                ph_clear
 .text.ph_post_alloc_init
                0x10001772        0xe CMakeFiles/out.dir/user/HS400/ba01081/com1031/pico-sdk/src/common/pico_util/pheap.c.obj
                0x10001772                ph_post_alloc_init
 .text.ph_merge_two_pass
                0x10001780       0x5c CMakeFiles/out.dir/user/HS400/ba01081/com1031/pico-sdk/src/common/pico_util/pheap.c.obj
                0x10001780                ph_merge_two_pass
 .text.ph_remove_any_head
                0x100017dc       0xc0 CMakeFiles/out.dir/user/HS400/ba01081/com1031/pico-sdk/src/common/pico_util/pheap.c.obj
 .text.ph_remove_head
                0x1000189c       0x14 CMakeFiles/out.dir/user/HS400/ba01081/com1031/pico-sdk/src/common/pico_util/pheap.c.obj
                0x1000189c                ph_remove_head
 .text.ph_remove_and_free_node
                0x100018b0       0xa0 CMakeFiles/out.dir/user/HS400/ba01081/com1031/pico-sdk/src/common/pico_util/pheap.c.obj
                0x100018b0                ph_remove_and_free_node
 .text.uart_disable_before_lcr_write
                0x10001950       0x48 CMakeFiles/out.dir/user/HS400/ba01081/com1031/pico-sdk/src/rp2_common/hardware_uart/uart.c.obj
 .text.uart_write_lcr_bits_masked
                0x10001998       0x22 CMakeFiles/out.dir/user/HS400/ba01081/com1031/pico-sdk/src/rp2_common/hardware_uart/uart.c.obj
 *fill*         0x100019ba        0x2 
 .text.uart_set_baudrate
                0x100019bc       0x5c CMakeFiles/out.dir/user/HS400/ba01081/com1031/pico-sdk/src/rp2_common/hardware_uart/uart.c.obj
                0x100019bc                uart_set_baudrate
 .text.uart_set_format
                0x10001a18       0x2c CMakeFiles/out.dir/user/HS400/ba01081/com1031/pico-sdk/src/rp2_common/hardware_uart/uart.c.obj
                0x10001a18                uart_set_format
 .text.uart_set_translate_crlf
                0x10001a44       0x28 CMakeFiles/out.dir/user/HS400/ba01081/com1031/pico-sdk/src/rp2_common/hardware_uart/uart.c.obj
                0x10001a44                uart_set_translate_crlf
 .text.uart_init
                0x10001a6c       0x80 CMakeFiles/out.dir/user/HS400/ba01081/com1031/pico-sdk/src/rp2_common/hardware_uart/uart.c.obj
                0x10001a6c                uart_init
 .text.clock_configure
                0x10001aec      0x108 CMakeFiles/out.dir/user/HS400/ba01081/com1031/pico-sdk/src/rp2_common/hardware_clocks/clocks.c.obj
                0x10001aec                clock_configure
 .text.clocks_init
                0x10001bf4      0x100 CMakeFiles/out.dir/user/HS400/ba01081/com1031/pico-sdk/src/rp2_common/hardware_clocks/clocks.c.obj
                0x10001bf4                clocks_init
 .text.clock_get_hz
                0x10001cf4        0xc CMakeFiles/out.dir/user/HS400/ba01081/com1031/pico-sdk/src/rp2_common/hardware_clocks/clocks.c.obj
                0x10001cf4                clock_get_hz
 .text.pll_init
                0x10001d00      0x120 CMakeFiles/out.dir/user/HS400/ba01081/com1031/pico-sdk/src/rp2_common/hardware_pll/pll.c.obj
                0x10001d00                pll_init
 .text.watchdog_start_tick
                0x10001e20       0x10 CMakeFiles/out.dir/user/HS400/ba01081/com1031/pico-sdk/src/rp2_common/hardware_watchdog/watchdog.c.obj
                0x10001e20                watchdog_start_tick
 .text.xosc_init
                0x10001e30       0x28 CMakeFiles/out.dir/user/HS400/ba01081/com1031/pico-sdk/src/rp2_common/hardware_xosc/xosc.c.obj
                0x10001e30                xosc_init
 .text._exit    0x10001e58        0x4 CMakeFiles/out.dir/user/HS400/ba01081/com1031/pico-sdk/src/rp2_common/pico_runtime/runtime.c.obj
                0x10001e58                _exit
 .text.exit     0x10001e5c        0x6 CMakeFiles/out.dir/user/HS400/ba01081/com1031/pico-sdk/src/rp2_common/pico_runtime/runtime.c.obj
                0x10001e5c                exit
 *fill*         0x10001e62        0x2 
 .text.__assert_func
                0x10001e64       0x38 CMakeFiles/out.dir/user/HS400/ba01081/com1031/pico-sdk/src/rp2_common/pico_runtime/runtime.c.obj
                0x10001e64                __assert_func
 .text.runtime_init
                0x10001e9c       0xf8 CMakeFiles/out.dir/user/HS400/ba01081/com1031/pico-sdk/src/rp2_common/pico_runtime/runtime.c.obj
                0x10001e9c                runtime_init
 .text.panic    0x10001f94       0x30 CMakeFiles/out.dir/user/HS400/ba01081/com1031/pico-sdk/src/rp2_common/pico_runtime/runtime.c.obj
                0x10001f94                panic
 .text._out_null
                0x10001fc4        0x2 CMakeFiles/out.dir/user/HS400/ba01081/com1031/pico-sdk/src/rp2_common/pico_printf/printf.c.obj
 .text._out_fct
                0x10001fc6        0xe CMakeFiles/out.dir/user/HS400/ba01081/com1031/pico-sdk/src/rp2_common/pico_printf/printf.c.obj
 .text._atoi    0x10001fd4       0x24 CMakeFiles/out.dir/user/HS400/ba01081/com1031/pico-sdk/src/rp2_common/pico_printf/printf.c.obj
 .text._out_rev
                0x10001ff8       0xae CMakeFiles/out.dir/user/HS400/ba01081/com1031/pico-sdk/src/rp2_common/pico_printf/printf.c.obj
 .text._ntoa_format
                0x100020a6      0x110 CMakeFiles/out.dir/user/HS400/ba01081/com1031/pico-sdk/src/rp2_common/pico_printf/printf.c.obj
 .text._ntoa_long
                0x100021b6       0xbc CMakeFiles/out.dir/user/HS400/ba01081/com1031/pico-sdk/src/rp2_common/pico_printf/printf.c.obj
 .text._ntoa_long_long
                0x10002272      0x10e CMakeFiles/out.dir/user/HS400/ba01081/com1031/pico-sdk/src/rp2_common/pico_printf/printf.c.obj
 .text._etoa    0x10002380      0x420 CMakeFiles/out.dir/user/HS400/ba01081/com1031/pico-sdk/src/rp2_common/pico_printf/printf.c.obj
 .text._ftoa    0x100027a0      0x354 CMakeFiles/out.dir/user/HS400/ba01081/com1031/pico-sdk/src/rp2_common/pico_printf/printf.c.obj
 .text._vsnprintf
                0x10002af4      0x65c CMakeFiles/out.dir/user/HS400/ba01081/com1031/pico-sdk/src/rp2_common/pico_printf/printf.c.obj
 .text.vfctprintf
                0x10003150       0x20 CMakeFiles/out.dir/user/HS400/ba01081/com1031/pico-sdk/src/rp2_common/pico_printf/printf.c.obj
                0x10003150                vfctprintf
 .text          0x10003170       0x10 CMakeFiles/out.dir/user/HS400/ba01081/com1031/pico-sdk/src/rp2_common/pico_bit_ops/bit_ops_aeabi.S.obj
 .text.rom_func_lookup
                0x10003180       0x10 CMakeFiles/out.dir/user/HS400/ba01081/com1031/pico-sdk/src/rp2_common/pico_bootrom/bootrom.c.obj
                0x10003180                rom_func_lookup
 .text.rom_data_lookup
                0x10003190       0x10 CMakeFiles/out.dir/user/HS400/ba01081/com1031/pico-sdk/src/rp2_common/pico_bootrom/bootrom.c.obj
                0x10003190                rom_data_lookup
 .text.rom_funcs_lookup
                0x100031a0       0x36 CMakeFiles/out.dir/user/HS400/ba01081/com1031/pico-sdk/src/rp2_common/pico_bootrom/bootrom.c.obj
                0x100031a0                rom_funcs_lookup
 *fill*         0x100031d6        0x2 
 .text.__wrap___aeabi_idiv
                0x100031d8       0x50 CMakeFiles/out.dir/user/HS400/ba01081/com1031/pico-sdk/src/rp2_common/pico_divider/divider.S.obj
                0x100031d8                __wrap___aeabi_idivmod
                0x100031d8                divmod_s32s32
                0x100031d8                div_s32s32
                0x100031d8                __wrap___aeabi_idiv
                0x100031e0                divmod_s32s32_unsafe
                0x1000320c                divmod_s32s32_savestate
 .text.__wrap___aeabi_uidiv
                0x10003228       0x4c CMakeFiles/out.dir/user/HS400/ba01081/com1031/pico-sdk/src/rp2_common/pico_divider/divider.S.obj
                0x10003228                __wrap___aeabi_uidiv
                0x10003228                __wrap___aeabi_uidivmod
                0x10003228                div_u32u32
                0x10003228                divmod_u32u32
                0x10003230                divmod_u32u32_unsafe
                0x10003258                divmod_u32u32_savestate
 .text.__wrap___aeabi_ldiv
                0x10003274      0x424 CMakeFiles/out.dir/user/HS400/ba01081/com1031/pico-sdk/src/rp2_common/pico_divider/divider.S.obj
                0x10003274                div_s64s64
                0x10003274                divmod_s64s64
                0x10003274                __wrap___aeabi_ldivmod
                0x100032a4                div_u64u64
                0x100032a4                divmod_u64u64
                0x100032a4                __wrap___aeabi_uldivmod
                0x100032b4                divmod_u64u64_savestate
                0x100032d4                divmod_s64s64_unsafe
                0x1000335c                divmod_u64u64_unsafe
 .text.__wrap___aeabi_darithmetic
                0x10003698       0x80 CMakeFiles/out.dir/user/HS400/ba01081/com1031/pico-sdk/src/rp2_common/pico_double/double_aeabi.S.obj
                0x10003698                __wrap___aeabi_drsub
                0x1000369e                __wrap___aeabi_dsub
                0x100036b0                __wrap___aeabi_dadd
                0x100036c2                __wrap___aeabi_ddiv
                0x100036fe                __wrap___aeabi_dmul
 .text.__wrap___aeabi_cdcmple
                0x10003718       0x6c CMakeFiles/out.dir/user/HS400/ba01081/com1031/pico-sdk/src/rp2_common/pico_double/double_aeabi.S.obj
                0x10003718                __wrap___aeabi_cdrcmple
                0x10003728                __wrap___aeabi_cdcmple
                0x10003728                __wrap___aeabi_cdcmpeq
 .text.__wrap___aeabi_dcmplt
                0x10003784        0xc CMakeFiles/out.dir/user/HS400/ba01081/com1031/pico-sdk/src/rp2_common/pico_double/double_aeabi.S.obj
                0x10003784                __wrap___aeabi_dcmplt
 .text.__wrap___aeabi_dcmple
                0x10003790       0x10 CMakeFiles/out.dir/user/HS400/ba01081/com1031/pico-sdk/src/rp2_common/pico_double/double_aeabi.S.obj
                0x10003790                __wrap___aeabi_dcmple
 .text.__wrap___aeabi_dcmpge
                0x100037a0       0x10 CMakeFiles/out.dir/user/HS400/ba01081/com1031/pico-sdk/src/rp2_common/pico_double/double_aeabi.S.obj
                0x100037a0                __wrap___aeabi_dcmpge
 .text.__wrap___aeabi_dcmpgt
                0x100037b0        0xa CMakeFiles/out.dir/user/HS400/ba01081/com1031/pico-sdk/src/rp2_common/pico_double/double_aeabi.S.obj
                0x100037b0                __wrap___aeabi_dcmpgt
 .text.__wrap___aeabi_dcmpun
                0x100037ba       0x1c CMakeFiles/out.dir/user/HS400/ba01081/com1031/pico-sdk/src/rp2_common/pico_double/double_aeabi.S.obj
                0x100037ba                __wrap___aeabi_dcmpun
 *fill*         0x100037d6        0x2 
 .text.__wrap___aeabi_i2d
                0x100037d8       0x38 CMakeFiles/out.dir/user/HS400/ba01081/com1031/pico-sdk/src/rp2_common/pico_double/double_aeabi.S.obj
                0x100037d8                __wrap___aeabi_ui2d
                0x100037e0                __wrap___aeabi_i2d
 .text.__wrap___aeabi_d2iz
                0x10003810       0x48 CMakeFiles/out.dir/user/HS400/ba01081/com1031/pico-sdk/src/rp2_common/pico_double/double_aeabi.S.obj
                0x10003810                __wrap___aeabi_d2iz
                0x10003810                double2int_z
 .text.__wrap___aeabi_d2uiz
                0x10003858       0x18 CMakeFiles/out.dir/user/HS400/ba01081/com1031/pico-sdk/src/rp2_common/pico_double/double_aeabi.S.obj
                0x10003858                double2uint
                0x10003858                __wrap___aeabi_d2uiz
 .text.__aeabi_double_init
                0x10003870       0xcc CMakeFiles/out.dir/user/HS400/ba01081/com1031/pico-sdk/src/rp2_common/pico_double/double_init_rom.c.obj
                0x10003870                __aeabi_double_init
 .text.double_table_shim_on_use_helper
                0x1000393c       0x34 CMakeFiles/out.dir/user/HS400/ba01081/com1031/pico-sdk/src/rp2_common/pico_double/double_v1_rom_shim.S.obj
                0x1000393c                double_table_shim_on_use_helper
 .text.__wrap___aeabi_dsub
                0x10003970       0x10 CMakeFiles/out.dir/user/HS400/ba01081/com1031/pico-sdk/src/rp2_common/pico_double/double_v1_rom_shim.S.obj
                0x10003970                drsub_shim
                0x10003976                dsub_shim
 .text.dadd_shim
                0x10003980      0x15c CMakeFiles/out.dir/user/HS400/ba01081/com1031/pico-sdk/src/rp2_common/pico_double/double_v1_rom_shim.S.obj
                0x10003980                dadd_shim
 .text.dmul_shim
                0x10003adc      0x15c CMakeFiles/out.dir/user/HS400/ba01081/com1031/pico-sdk/src/rp2_common/pico_double/double_v1_rom_shim.S.obj
                0x10003adc                dmul_shim
 .text.ddiv_shim
                0x10003c38      0x1b0 CMakeFiles/out.dir/user/HS400/ba01081/com1031/pico-sdk/src/rp2_common/pico_double/double_v1_rom_shim.S.obj
                0x10003c38                ddiv_shim
 .text.double2uint_shim
                0x10003de8        0xe CMakeFiles/out.dir/user/HS400/ba01081/com1031/pico-sdk/src/rp2_common/pico_double/double_v1_rom_shim.S.obj
                0x10003de8                double2uint_shim
                0x10003dea                double2ufix_shim
 *fill*         0x10003df6        0x2 
 .text.double2uint64_shim
                0x10003df8       0x70 CMakeFiles/out.dir/user/HS400/ba01081/com1031/pico-sdk/src/rp2_common/pico_double/double_v1_rom_shim.S.obj
                0x10003df8                double2uint64_shim
                0x10003dfa                double2ufix64_shim
                0x10003e1a                d2fix_a
 .text.dunpacks
                0x10003e68       0x3c CMakeFiles/out.dir/user/HS400/ba01081/com1031/pico-sdk/src/rp2_common/pico_double/double_v1_rom_shim.S.obj
                0x10003e68                dunpacks
 .text.__aeabi_lmul
                0x10003ea4       0x32 CMakeFiles/out.dir/user/HS400/ba01081/com1031/pico-sdk/src/rp2_common/pico_int64_ops/pico_int64_ops_aeabi.S.obj
                0x10003ea4                __wrap___aeabi_lmul
 *fill*         0x10003ed6        0x2 
 .text.__aeabi_float_init
                0x10003ed8       0xfc CMakeFiles/out.dir/user/HS400/ba01081/com1031/pico-sdk/src/rp2_common/pico_float/float_init_rom.c.obj
                0x10003ed8                __aeabi_float_init
 .text.float_table_shim_on_use_helper
                0x10003fd4       0x34 CMakeFiles/out.dir/user/HS400/ba01081/com1031/pico-sdk/src/rp2_common/pico_float/float_v1_rom_shim.S.obj
                0x10003fd4                float_table_shim_on_use_helper
 .text          0x10004008       0x10 CMakeFiles/out.dir/user/HS400/ba01081/com1031/pico-sdk/src/rp2_common/pico_mem_ops/mem_ops_aeabi.S.obj
                0x10004008                __aeabi_mem_init
 .text.memcpy   0x10004018        0xc CMakeFiles/out.dir/user/HS400/ba01081/com1031/pico-sdk/src/rp2_common/pico_mem_ops/mem_ops_aeabi.S.obj
                0x10004018                __wrap___aeabi_memcpy
                0x10004018                __wrap_memcpy
 .text.stdio_out_chars_no_crlf
                0x10004024        0xe CMakeFiles/out.dir/user/HS400/ba01081/com1031/pico-sdk/src/rp2_common/pico_stdio/stdio.c.obj
 *fill*         0x10004032        0x2 
 .text.stdio_out_chars_crlf
                0x10004034       0x80 CMakeFiles/out.dir/user/HS400/ba01081/com1031/pico-sdk/src/rp2_common/pico_stdio/stdio.c.obj
 .text.stdio_stack_buffer_flush
                0x100040b4       0x44 CMakeFiles/out.dir/user/HS400/ba01081/com1031/pico-sdk/src/rp2_common/pico_stdio/stdio.c.obj
 .text.stdio_buffered_printer
                0x100040f8       0x20 CMakeFiles/out.dir/user/HS400/ba01081/com1031/pico-sdk/src/rp2_common/pico_stdio/stdio.c.obj
 .text.update_us_since_boot
                0x10004118       0x24 CMakeFiles/out.dir/user/HS400/ba01081/com1031/pico-sdk/src/rp2_common/pico_stdio/stdio.c.obj
 .text.get_absolute_time
                0x1000413c       0x22 CMakeFiles/out.dir/user/HS400/ba01081/com1031/pico-sdk/src/rp2_common/pico_stdio/stdio.c.obj
 *fill*         0x1000415e        0x2 
 .text.delayed_by_ms
                0x10004160       0x44 CMakeFiles/out.dir/user/HS400/ba01081/com1031/pico-sdk/src/rp2_common/pico_stdio/stdio.c.obj
 .text.make_timeout_time_ms
                0x100041a4       0x20 CMakeFiles/out.dir/user/HS400/ba01081/com1031/pico-sdk/src/rp2_common/pico_stdio/stdio.c.obj
 .text.stdout_serialize_begin
                0x100041c4       0x20 CMakeFiles/out.dir/user/HS400/ba01081/com1031/pico-sdk/src/rp2_common/pico_stdio/stdio.c.obj
                0x100041c4                stdout_serialize_begin
 .text.stdout_serialize_end
                0x100041e4       0x10 CMakeFiles/out.dir/user/HS400/ba01081/com1031/pico-sdk/src/rp2_common/pico_stdio/stdio.c.obj
                0x100041e4                stdout_serialize_end
 .text.stdio_put_string
                0x100041f4       0x98 CMakeFiles/out.dir/user/HS400/ba01081/com1031/pico-sdk/src/rp2_common/pico_stdio/stdio.c.obj
 .text.__wrap_putchar
                0x1000428c       0x1c CMakeFiles/out.dir/user/HS400/ba01081/com1031/pico-sdk/src/rp2_common/pico_stdio/stdio.c.obj
                0x1000428c                __wrap_putchar
 .text.stdio_set_driver_enabled
                0x100042a8       0x2c CMakeFiles/out.dir/user/HS400/ba01081/com1031/pico-sdk/src/rp2_common/pico_stdio/stdio.c.obj
                0x100042a8                stdio_set_driver_enabled
 .text.stdio_flush
                0x100042d4       0x20 CMakeFiles/out.dir/user/HS400/ba01081/com1031/pico-sdk/src/rp2_common/pico_stdio/stdio.c.obj
                0x100042d4                stdio_flush
 .text.__wrap_puts
                0x100042f4       0x1e CMakeFiles/out.dir/user/HS400/ba01081/com1031/pico-sdk/src/rp2_common/pico_stdio/stdio.c.obj
                0x100042f4                __wrap_puts
 *fill*         0x10004312        0x2 
 .text.__wrap_vprintf
                0x10004314       0x40 CMakeFiles/out.dir/user/HS400/ba01081/com1031/pico-sdk/src/rp2_common/pico_stdio/stdio.c.obj
                0x10004314                __wrap_vprintf
 .text.__wrap_printf
                0x10004354       0x18 CMakeFiles/out.dir/user/HS400/ba01081/com1031/pico-sdk/src/rp2_common/pico_stdio/stdio.c.obj
                0x10004354                __wrap_printf
 .text.stdio_init_all
                0x1000436c        0xa CMakeFiles/out.dir/user/HS400/ba01081/com1031/pico-sdk/src/rp2_common/pico_stdio/stdio.c.obj
                0x1000436c                stdio_init_all
 *fill*         0x10004376        0x2 
 .text.uart_putc
                0x10004378       0x60 CMakeFiles/out.dir/user/HS400/ba01081/com1031/pico-sdk/src/rp2_common/pico_stdio_uart/stdio_uart.c.obj
 .text.uart_getc
                0x100043d8       0x24 CMakeFiles/out.dir/user/HS400/ba01081/com1031/pico-sdk/src/rp2_common/pico_stdio_uart/stdio_uart.c.obj
 .text.stdio_uart_out_chars
                0x100043fc       0x20 CMakeFiles/out.dir/user/HS400/ba01081/com1031/pico-sdk/src/rp2_common/pico_stdio_uart/stdio_uart.c.obj
 .text.stdio_uart_in_chars
                0x1000441c       0x5c CMakeFiles/out.dir/user/HS400/ba01081/com1031/pico-sdk/src/rp2_common/pico_stdio_uart/stdio_uart.c.obj
                0x1000441c                stdio_uart_in_chars
 .text.on_uart_rx
                0x10004478       0x28 CMakeFiles/out.dir/user/HS400/ba01081/com1031/pico-sdk/src/rp2_common/pico_stdio_uart/stdio_uart.c.obj
 .text.stdio_uart_set_chars_available_callback
                0x100044a0       0x8c CMakeFiles/out.dir/user/HS400/ba01081/com1031/pico-sdk/src/rp2_common/pico_stdio_uart/stdio_uart.c.obj
 .text.stdio_uart_init_full
                0x1000452c       0x44 CMakeFiles/out.dir/user/HS400/ba01081/com1031/pico-sdk/src/rp2_common/pico_stdio_uart/stdio_uart.c.obj
                0x1000452c                stdio_uart_init_full
 .text.stdio_uart_init
                0x10004570       0x28 CMakeFiles/out.dir/user/HS400/ba01081/com1031/pico-sdk/src/rp2_common/pico_stdio_uart/stdio_uart.c.obj
                0x10004570                stdio_uart_init
 .text.strlen   0x10004598       0x5c /user/HS400/ba01081/com1031/arm-toolchain/bin/../lib/gcc/arm-none-eabi/12.3.1/../../../../arm-none-eabi/lib/thumb/v6-m/nofp/libg.a(libc_a-strlen-stub.o)
                0x10004598                strlen
 *(.fini)
 .fini          0x100045f4        0x4 /user/HS400/ba01081/com1031/arm-toolchain/bin/../lib/gcc/arm-none-eabi/12.3.1/thumb/v6-m/nofp/crti.o
                0x100045f4                _fini
 .fini.__stub   0x100045f8       0x40 linker stubs
 *crtbegin.o(.ctors)
 *crtbegin?.o(.ctors)
 *(EXCLUDE_FILE(*crtend.o *crtend?.o) .ctors)
 *(SORT_BY_NAME(.ctors.*))
 *(.ctors)
 *crtbegin.o(.dtors)
 *crtbegin?.o(.dtors)
 *(EXCLUDE_FILE(*crtend.o *crtend?.o) .dtors)
 *(SORT_BY_NAME(.dtors.*))
 *(.dtors)
 *(.eh_frame*)
 .eh_frame      0x10004638        0x0 /user/HS400/ba01081/com1031/arm-toolchain/bin/../lib/gcc/arm-none-eabi/12.3.1/thumb/v6-m/nofp/crtbegin.o
                0x10004638                        . = ALIGN (0x4)

.glue_7         0x10004638        0x0
 .glue_7        0x10004638        0x0 linker stubs

.glue_7t        0x10004638        0x0
 .glue_7t       0x10004638        0x0 linker stubs

.vfp11_veneer   0x10004638        0x0
 .vfp11_veneer  0x10004638        0x0 linker stubs

.v4_bx          0x10004638        0x0
 .v4_bx         0x10004638        0x0 linker stubs

.iplt           0x10004638        0x0
 .iplt          0x10004638        0x0 /user/HS400/ba01081/com1031/arm-toolchain/bin/../lib/gcc/arm-none-eabi/12.3.1/thumb/v6-m/nofp/crtbegin.o

.rodata         0x10004638      0xed0
 *(EXCLUDE_FILE(*libm.a: *libc.a:*lib_a-mem*.o *libgcc.a:) .rodata*)
 .rodata.seven_segment_init.str1.4
                0x10004638       0x23 CMakeFiles/out.dir/morse_code.c.obj
 *fill*         0x1000465b        0x1 
 .rodata.ALL_SEGMENTS
                0x1000465c       0x1c CMakeFiles/out.dir/morse_code.c.obj
 .rodata.resolve_branch.str1.4
                0x10004678       0x5f CMakeFiles/out.dir/user/HS400/ba01081/com1031/pico-sdk/src/rp2_common/hardware_irq/irq.c.obj
 *fill*         0x100046d7        0x1 
 .rodata.make_branch.str1.4
                0x100046d8       0x30 CMakeFiles/out.dir/user/HS400/ba01081/com1031/pico-sdk/src/rp2_common/hardware_irq/irq.c.obj
 .rodata.insert_branch_and_link.str1.4
                0x10004708       0x10 CMakeFiles/out.dir/user/HS400/ba01081/com1031/pico-sdk/src/rp2_common/hardware_irq/irq.c.obj
 .rodata.irq_set_exclusive_handler.str1.4
                0x10004718       0x36 CMakeFiles/out.dir/user/HS400/ba01081/com1031/pico-sdk/src/rp2_common/hardware_irq/irq.c.obj
 *fill*         0x1000474e        0x2 
 .rodata.irq_remove_handler.str1.4
                0x10004750       0x3a CMakeFiles/out.dir/user/HS400/ba01081/com1031/pico-sdk/src/rp2_common/hardware_irq/irq.c.obj
 *fill*         0x1000478a        0x2 
 .rodata.irq_add_tail_to_free_list.str1.4
                0x1000478c       0x3a CMakeFiles/out.dir/user/HS400/ba01081/com1031/pico-sdk/src/rp2_common/hardware_irq/irq.c.obj
 *fill*         0x100047c6        0x2 
 .rodata.__func__.0
                0x100047c8       0x1a CMakeFiles/out.dir/user/HS400/ba01081/com1031/pico-sdk/src/rp2_common/hardware_irq/irq.c.obj
 *fill*         0x100047e2        0x2 
 .rodata.__func__.1
                0x100047e4       0x17 CMakeFiles/out.dir/user/HS400/ba01081/com1031/pico-sdk/src/rp2_common/hardware_irq/irq.c.obj
 *fill*         0x100047fb        0x1 
 .rodata.__func__.2
                0x100047fc       0x13 CMakeFiles/out.dir/user/HS400/ba01081/com1031/pico-sdk/src/rp2_common/hardware_irq/irq.c.obj
 *fill*         0x1000480f        0x1 
 .rodata.__func__.3
                0x10004810        0xc CMakeFiles/out.dir/user/HS400/ba01081/com1031/pico-sdk/src/rp2_common/hardware_irq/irq.c.obj
 .rodata.__func__.4
                0x1000481c        0xf CMakeFiles/out.dir/user/HS400/ba01081/com1031/pico-sdk/src/rp2_common/hardware_irq/irq.c.obj
 *fill*         0x1000482b        0x1 
 .rodata.__func__.6
                0x1000482c       0x1a CMakeFiles/out.dir/user/HS400/ba01081/com1031/pico-sdk/src/rp2_common/hardware_irq/irq.c.obj
 *fill*         0x10004846        0x2 
 .rodata.str1.4
                0x10004848       0x95 CMakeFiles/out.dir/user/HS400/ba01081/com1031/pico-sdk/src/common/pico_sync/mutex.c.obj
 *fill*         0x100048dd        0x3 
 .rodata.__func__.1
                0x100048e0        0xb CMakeFiles/out.dir/user/HS400/ba01081/com1031/pico-sdk/src/common/pico_sync/mutex.c.obj
 *fill*         0x100048eb        0x1 
 .rodata.__func__.3
                0x100048ec       0x18 CMakeFiles/out.dir/user/HS400/ba01081/com1031/pico-sdk/src/common/pico_sync/mutex.c.obj
 .rodata.get_entry.str1.4
                0x10004904       0x65 CMakeFiles/out.dir/user/HS400/ba01081/com1031/pico-sdk/src/common/pico_time/time.c.obj
 *fill*         0x10004969        0x3 
 .rodata.update_us_since_boot.str1.4
                0x1000496c       0x6b CMakeFiles/out.dir/user/HS400/ba01081/com1031/pico-sdk/src/common/pico_time/time.c.obj
 *fill*         0x100049d7        0x1 
 .rodata.ph_get_node.str1.4
                0x100049d8       0x70 CMakeFiles/out.dir/user/HS400/ba01081/com1031/pico-sdk/src/common/pico_time/time.c.obj
 .rodata.ph_add_child_node.str1.4
                0x10004a48       0x2e CMakeFiles/out.dir/user/HS400/ba01081/com1031/pico-sdk/src/common/pico_time/time.c.obj
 *fill*         0x10004a76        0x2 
 .rodata.ph_insert_node.str1.4
                0x10004a78        0x3 CMakeFiles/out.dir/user/HS400/ba01081/com1031/pico-sdk/src/common/pico_time/time.c.obj
 *fill*         0x10004a7b        0x1 
 .rodata.ph_free_node.str1.4
                0x10004a7c       0x38 CMakeFiles/out.dir/user/HS400/ba01081/com1031/pico-sdk/src/common/pico_time/time.c.obj
 .rodata.add_alarm_under_lock.str1.4
                0x10004ab4       0x28 CMakeFiles/out.dir/user/HS400/ba01081/com1031/pico-sdk/src/common/pico_time/time.c.obj
 .rodata.alarm_pool_alarm_callback.str1.4
                0x10004adc       0x60 CMakeFiles/out.dir/user/HS400/ba01081/com1031/pico-sdk/src/common/pico_time/time.c.obj
 .rodata.alarm_pool_get_default.str1.4
                0x10004b3c       0x21 CMakeFiles/out.dir/user/HS400/ba01081/com1031/pico-sdk/src/common/pico_time/time.c.obj
 *fill*         0x10004b5d        0x3 
 .rodata.alarm_pool_cancel_alarm.str1.4
                0x10004b60       0x27 CMakeFiles/out.dir/user/HS400/ba01081/com1031/pico-sdk/src/common/pico_time/time.c.obj
 *fill*         0x10004b87        0x1 
 .rodata.sleep_until.str1.4
                0x10004b88       0x4d CMakeFiles/out.dir/user/HS400/ba01081/com1031/pico-sdk/src/common/pico_time/time.c.obj
 *fill*         0x10004bd5        0x3 
 .rodata.__func__.1
                0x10004bd8       0x18 CMakeFiles/out.dir/user/HS400/ba01081/com1031/pico-sdk/src/common/pico_time/time.c.obj
 .rodata.__func__.3
                0x10004bf0       0x17 CMakeFiles/out.dir/user/HS400/ba01081/com1031/pico-sdk/src/common/pico_time/time.c.obj
 *fill*         0x10004c07        0x1 
 .rodata.__func__.4
                0x10004c08       0x12 CMakeFiles/out.dir/user/HS400/ba01081/com1031/pico-sdk/src/common/pico_time/time.c.obj
 *fill*         0x10004c1a        0x2 
 .rodata.__func__.5
                0x10004c1c        0xd CMakeFiles/out.dir/user/HS400/ba01081/com1031/pico-sdk/src/common/pico_time/time.c.obj
 *fill*         0x10004c29        0x3 
 .rodata.__func__.6
                0x10004c2c       0x12 CMakeFiles/out.dir/user/HS400/ba01081/com1031/pico-sdk/src/common/pico_time/time.c.obj
 *fill*         0x10004c3e        0x2 
 .rodata.__func__.7
                0x10004c40        0xf CMakeFiles/out.dir/user/HS400/ba01081/com1031/pico-sdk/src/common/pico_time/time.c.obj
 *fill*         0x10004c4f        0x1 
 .rodata.__func__.8
                0x10004c50        0xc CMakeFiles/out.dir/user/HS400/ba01081/com1031/pico-sdk/src/common/pico_time/time.c.obj
 .rodata.__func__.9
                0x10004c5c       0x15 CMakeFiles/out.dir/user/HS400/ba01081/com1031/pico-sdk/src/common/pico_time/time.c.obj
 *fill*         0x10004c71        0x3 
 .rodata.__func__.10
                0x10004c74       0x15 CMakeFiles/out.dir/user/HS400/ba01081/com1031/pico-sdk/src/common/pico_time/time.c.obj
 *fill*         0x10004c89        0x3 
 .rodata.__func__.11
                0x10004c8c       0x1a CMakeFiles/out.dir/user/HS400/ba01081/com1031/pico-sdk/src/common/pico_time/time.c.obj
 *fill*         0x10004ca6        0x2 
 .rodata.__func__.12
                0x10004ca8        0xa CMakeFiles/out.dir/user/HS400/ba01081/com1031/pico-sdk/src/common/pico_time/time.c.obj
 .rodata.update_us_since_boot.str1.4
                0x10004cb2       0x6b CMakeFiles/out.dir/user/HS400/ba01081/com1031/pico-sdk/src/rp2_common/hardware_timer/timer.c.obj
 *fill*         0x10004cb2        0x2 
 .rodata.hardware_alarm_claim.str1.4
                0x10004cb4       0x22 CMakeFiles/out.dir/user/HS400/ba01081/com1031/pico-sdk/src/rp2_common/hardware_timer/timer.c.obj
 *fill*         0x10004cd6        0x2 
 .rodata.hardware_alarm_set_target.str1.4
                0x10004cd8       0x6f CMakeFiles/out.dir/user/HS400/ba01081/com1031/pico-sdk/src/rp2_common/hardware_timer/timer.c.obj
 *fill*         0x10004d47        0x1 
 .rodata.__func__.0
                0x10004d48       0x1a CMakeFiles/out.dir/user/HS400/ba01081/com1031/pico-sdk/src/rp2_common/hardware_timer/timer.c.obj
 *fill*         0x10004d62        0x2 
 .rodata.__func__.1
                0x10004d64       0x15 CMakeFiles/out.dir/user/HS400/ba01081/com1031/pico-sdk/src/rp2_common/hardware_timer/timer.c.obj
 .rodata.ph_get_node.str1.4
                0x10004d79       0x70 CMakeFiles/out.dir/user/HS400/ba01081/com1031/pico-sdk/src/common/pico_util/pheap.c.obj
 .rodata.ph_add_child_node.str1.4
                0x10004d79       0x2e CMakeFiles/out.dir/user/HS400/ba01081/com1031/pico-sdk/src/common/pico_util/pheap.c.obj
 *fill*         0x10004d79        0x3 
 .rodata.ph_remove_any_head.str1.4
                0x10004d7c       0x98 CMakeFiles/out.dir/user/HS400/ba01081/com1031/pico-sdk/src/common/pico_util/pheap.c.obj
                                 0xac (size before relaxing)
 .rodata.ph_remove_and_free_node.str1.4
                0x10004e14       0x1e CMakeFiles/out.dir/user/HS400/ba01081/com1031/pico-sdk/src/common/pico_util/pheap.c.obj
                                 0x26 (size before relaxing)
 *fill*         0x10004e32        0x2 
 .rodata.__func__.0
                0x10004e34       0x18 CMakeFiles/out.dir/user/HS400/ba01081/com1031/pico-sdk/src/common/pico_util/pheap.c.obj
 .rodata.__func__.1
                0x10004e4c       0x13 CMakeFiles/out.dir/user/HS400/ba01081/com1031/pico-sdk/src/common/pico_util/pheap.c.obj
 *fill*         0x10004e5f        0x1 
 .rodata.__func__.2
                0x10004e60       0x12 CMakeFiles/out.dir/user/HS400/ba01081/com1031/pico-sdk/src/common/pico_util/pheap.c.obj
 *fill*         0x10004e72        0x2 
 .rodata.__func__.3
                0x10004e74        0xc CMakeFiles/out.dir/user/HS400/ba01081/com1031/pico-sdk/src/common/pico_util/pheap.c.obj
 .rodata.clock_configure.str1.4
                0x10004e80       0x61 CMakeFiles/out.dir/user/HS400/ba01081/com1031/pico-sdk/src/rp2_common/hardware_clocks/clocks.c.obj
 *fill*         0x10004ee1        0x3 
 .rodata.__func__.1
                0x10004ee4       0x10 CMakeFiles/out.dir/user/HS400/ba01081/com1031/pico-sdk/src/rp2_common/hardware_clocks/clocks.c.obj
 .rodata.pll_init.str1.4
                0x10004ef4      0x12c CMakeFiles/out.dir/user/HS400/ba01081/com1031/pico-sdk/src/rp2_common/hardware_pll/pll.c.obj
 .rodata.__func__.0
                0x10005020        0x9 CMakeFiles/out.dir/user/HS400/ba01081/com1031/pico-sdk/src/rp2_common/hardware_pll/pll.c.obj
 *fill*         0x10005029        0x3 
 .rodata.__assert_func.str1.4
                0x1000502c       0x3f CMakeFiles/out.dir/user/HS400/ba01081/com1031/pico-sdk/src/rp2_common/pico_runtime/runtime.c.obj
                                 0x43 (size before relaxing)
 *fill*         0x1000506b        0x1 
 .rodata.runtime_init.str1.4
                0x1000506c       0x6b CMakeFiles/out.dir/user/HS400/ba01081/com1031/pico-sdk/src/rp2_common/pico_runtime/runtime.c.obj
 *fill*         0x100050d7        0x1 
 .rodata.panic.str1.4
                0x100050d8       0x12 CMakeFiles/out.dir/user/HS400/ba01081/com1031/pico-sdk/src/rp2_common/pico_runtime/runtime.c.obj
 *fill*         0x100050ea        0x2 
 .rodata.__func__.2
                0x100050ec        0xd CMakeFiles/out.dir/user/HS400/ba01081/com1031/pico-sdk/src/rp2_common/pico_runtime/runtime.c.obj
 *fill*         0x100050f9        0x3 
 .rodata._ftoa.str1.4
                0x100050fc       0x15 CMakeFiles/out.dir/user/HS400/ba01081/com1031/pico-sdk/src/rp2_common/pico_printf/printf.c.obj
 *fill*         0x10005111        0x3 
 .rodata._vsnprintf
                0x10005114      0x19c CMakeFiles/out.dir/user/HS400/ba01081/com1031/pico-sdk/src/rp2_common/pico_printf/printf.c.obj
 .rodata.pow10.0
                0x100052b0       0x50 CMakeFiles/out.dir/user/HS400/ba01081/com1031/pico-sdk/src/rp2_common/pico_printf/printf.c.obj
 .rodata.__aeabi_double_init.str1.4
                0x10005300       0xa6 CMakeFiles/out.dir/user/HS400/ba01081/com1031/pico-sdk/src/rp2_common/pico_double/double_init_rom.c.obj
 *fill*         0x100053a6        0x2 
 .rodata.__func__.0
                0x100053a8       0x14 CMakeFiles/out.dir/user/HS400/ba01081/com1031/pico-sdk/src/rp2_common/pico_double/double_init_rom.c.obj
 .rodata.__aeabi_float_init.str1.4
                0x100053bc       0x84 CMakeFiles/out.dir/user/HS400/ba01081/com1031/pico-sdk/src/rp2_common/pico_float/float_init_rom.c.obj
                                 0x88 (size before relaxing)
 .rodata.__func__.0
                0x10005440       0x13 CMakeFiles/out.dir/user/HS400/ba01081/com1031/pico-sdk/src/rp2_common/pico_float/float_init_rom.c.obj
 *fill*         0x10005453        0x1 
 .rodata.str1.4
                0x10005454       0x34 CMakeFiles/out.dir/user/HS400/ba01081/com1031/pico-sdk/src/rp2_common/pico_standard_link/binary_info.c.obj
 .rodata.__bi_81
                0x10005488        0xc CMakeFiles/out.dir/user/HS400/ba01081/com1031/pico-sdk/src/rp2_common/pico_standard_link/binary_info.c.obj
 .rodata.__bi_75
                0x10005494        0xc CMakeFiles/out.dir/user/HS400/ba01081/com1031/pico-sdk/src/rp2_common/pico_standard_link/binary_info.c.obj
 .rodata.__bi_44
                0x100054a0        0xc CMakeFiles/out.dir/user/HS400/ba01081/com1031/pico-sdk/src/rp2_common/pico_standard_link/binary_info.c.obj
 .rodata.update_us_since_boot.str1.4
                0x100054ac       0x6b CMakeFiles/out.dir/user/HS400/ba01081/com1031/pico-sdk/src/rp2_common/pico_stdio/stdio.c.obj
 .rodata.crlf_str.2
                0x100054ac        0x2 CMakeFiles/out.dir/user/HS400/ba01081/com1031/pico-sdk/src/rp2_common/pico_stdio/stdio.c.obj
 *fill*         0x100054ae        0x2 
 .rodata.__func__.3
                0x100054b0       0x15 CMakeFiles/out.dir/user/HS400/ba01081/com1031/pico-sdk/src/rp2_common/pico_stdio/stdio.c.obj
 *fill*         0x100054c5        0x3 
 .rodata.str1.4
                0x100054c8       0x2c CMakeFiles/out.dir/user/HS400/ba01081/com1031/pico-sdk/src/rp2_common/pico_stdio_uart/stdio_uart.c.obj
 .rodata.__bi_33.4
                0x100054f4        0xc CMakeFiles/out.dir/user/HS400/ba01081/com1031/pico-sdk/src/rp2_common/pico_stdio_uart/stdio_uart.c.obj
 .rodata.__bi_34.5
                0x10005500        0x8 CMakeFiles/out.dir/user/HS400/ba01081/com1031/pico-sdk/src/rp2_common/pico_stdio_uart/stdio_uart.c.obj
                0x10005508                        . = ALIGN (0x4)
 *(SORT_BY_ALIGNMENT(SORT_BY_NAME(.flashdata*)))
                0x10005508                        . = ALIGN (0x4)

.ARM.extab
 *(.ARM.extab* .gnu.linkonce.armextab.*)
                0x10005508                        __exidx_start = .

.ARM.exidx
 *(.ARM.exidx* .gnu.linkonce.armexidx.*)
                0x10005508                        __exidx_end = .
                0x10005508                        . = ALIGN (0x4)
                0x10005508                        __binary_info_start = .

.binary_info    0x10005508       0x20
 *(.binary_info.keep.*)
 .binary_info.keep.__bi_ptr81
                0x10005508        0x4 CMakeFiles/out.dir/user/HS400/ba01081/com1031/pico-sdk/src/rp2_common/pico_standard_link/binary_info.c.obj
 .binary_info.keep.__bi_ptr75
                0x1000550c        0x4 CMakeFiles/out.dir/user/HS400/ba01081/com1031/pico-sdk/src/rp2_common/pico_standard_link/binary_info.c.obj
 .binary_info.keep.__bi_ptr50
                0x10005510        0x4 CMakeFiles/out.dir/user/HS400/ba01081/com1031/pico-sdk/src/rp2_common/pico_standard_link/binary_info.c.obj
 .binary_info.keep.__bi_ptr44
                0x10005514        0x4 CMakeFiles/out.dir/user/HS400/ba01081/com1031/pico-sdk/src/rp2_common/pico_standard_link/binary_info.c.obj
 .binary_info.keep.__bi_ptr30
                0x10005518        0x4 CMakeFiles/out.dir/user/HS400/ba01081/com1031/pico-sdk/src/rp2_common/pico_standard_link/binary_info.c.obj
 .binary_info.keep.__bi_ptr22
                0x1000551c        0x4 CMakeFiles/out.dir/user/HS400/ba01081/com1031/pico-sdk/src/rp2_common/pico_standard_link/binary_info.c.obj
 *(.binary_info.*)
 .binary_info.__bi_ptr34
                0x10005520        0x4 CMakeFiles/out.dir/user/HS400/ba01081/com1031/pico-sdk/src/rp2_common/pico_stdio_uart/stdio_uart.c.obj
 .binary_info.__bi_ptr33
                0x10005524        0x4 CMakeFiles/out.dir/user/HS400/ba01081/com1031/pico-sdk/src/rp2_common/pico_stdio_uart/stdio_uart.c.obj
                0x10005528                        __binary_info_end = .

.rel.dyn        0x10005528        0x0
 .rel.iplt      0x10005528        0x0 /user/HS400/ba01081/com1031/arm-toolchain/bin/../lib/gcc/arm-none-eabi/12.3.1/thumb/v6-m/nofp/crtbegin.o
                0x10005528                        . = ALIGN (0x4)

.ram_vector_table
                0x20000000       0xc0
 *(.ram_vector_table)
 .ram_vector_table
                0x20000000       0xc0 CMakeFiles/out.dir/user/HS400/ba01081/com1031/pico-sdk/src/rp2_common/pico_runtime/runtime.c.obj
                0x20000000                ram_vector_table

.data           0x200000c0      0x264 load address 0x10005528
                0x200000c0                        __data_start__ = .
 *(vtable)
 *(.time_critical*)
 .time_critical.mutex_try_enter
                0x200000c0       0x46 CMakeFiles/out.dir/user/HS400/ba01081/com1031/pico-sdk/src/common/pico_sync/mutex.c.obj
                0x200000c0                mutex_try_enter
 *fill*         0x20000106        0x2 
 .time_critical.mutex_enter_block_until
                0x20000108       0x8c CMakeFiles/out.dir/user/HS400/ba01081/com1031/pico-sdk/src/common/pico_sync/mutex.c.obj
                0x20000108                mutex_enter_block_until
 .time_critical.mutex_try_enter_block_until
                0x20000194       0x34 CMakeFiles/out.dir/user/HS400/ba01081/com1031/pico-sdk/src/common/pico_sync/mutex.c.obj
                0x20000194                mutex_try_enter_block_until
 .time_critical.mutex_exit
                0x200001c8       0x4c CMakeFiles/out.dir/user/HS400/ba01081/com1031/pico-sdk/src/common/pico_sync/mutex.c.obj
                0x200001c8                mutex_exit
 *(.text*)
 .text          0x20000214        0x4 /user/HS400/ba01081/com1031/arm-toolchain/bin/../lib/gcc/arm-none-eabi/12.3.1/thumb/v6-m/nofp/libgcc.a(_dvmd_tls.o)
                0x20000214                __aeabi_ldiv0
                0x20000214                __aeabi_idiv0
 .text.__stub   0x20000218       0x20 linker stubs
                0x20000238                        . = ALIGN (0x4)
 *(.rodata*)
                0x20000238                        . = ALIGN (0x4)
 *(.data*)
 .data.BUTTON_BOUNDARY
                0x20000238        0x4 CMakeFiles/out.dir/morse_code.c.obj
                0x20000238                BUTTON_BOUNDARY
 .data.values   0x2000023c       0x1b CMakeFiles/out.dir/morse_code.c.obj
                0x2000023c                values
 .data.striped_spin_lock_num
                0x20000257        0x1 CMakeFiles/out.dir/user/HS400/ba01081/com1031/pico-sdk/src/rp2_common/hardware_sync/sync.c.obj
 .data          0x20000258       0x48 CMakeFiles/out.dir/user/HS400/ba01081/com1031/pico-sdk/src/rp2_common/hardware_irq/irq_handler_chain.S.obj
                0x20000258                irq_handler_chain_slots
                0x20000288                irq_handler_chain_first_slot
                0x20000292                irq_handler_chain_remove_tail
 .data.default_alarm_pool
                0x200002a0       0x18 CMakeFiles/out.dir/user/HS400/ba01081/com1031/pico-sdk/src/common/pico_time/time.c.obj
 .data.default_alarm_pool_heap
                0x200002b8       0x10 CMakeFiles/out.dir/user/HS400/ba01081/com1031/pico-sdk/src/common/pico_time/time.c.obj
 *fill*         0x200002c8        0x8 
 .data.aeabi_bits_funcs
                0x200002d0       0x10 CMakeFiles/out.dir/user/HS400/ba01081/com1031/pico-sdk/src/rp2_common/pico_bit_ops/bit_ops_aeabi.S.obj
                0x200002d0                aeabi_bits_funcs
                0x200002e0                aeabi_bits_funcs_end
 .data.aeabi_mem_funcs
                0x200002e0       0x10 CMakeFiles/out.dir/user/HS400/ba01081/com1031/pico-sdk/src/rp2_common/pico_mem_ops/mem_ops_aeabi.S.obj
                0x200002e0                aeabi_mem_funcs
                0x200002f0                aeabi_mem_funcs_end
 .data.stdio_uart
                0x200002f0       0x18 CMakeFiles/out.dir/user/HS400/ba01081/com1031/pico-sdk/src/rp2_common/pico_stdio_uart/stdio_uart.c.obj
                0x200002f0                stdio_uart
                0x20000308                        . = ALIGN (0x4)
 *(.after_data.*)
                0x20000308                        . = ALIGN (0x4)
                0x20000308                        PROVIDE (__mutex_array_start = .)
 *(SORT_BY_NAME(.mutex_array.*))
 *(.mutex_array)
 .mutex_array   0x20000308        0x8 CMakeFiles/out.dir/user/HS400/ba01081/com1031/pico-sdk/src/rp2_common/pico_stdio/stdio.c.obj
                0x20000310                        PROVIDE (__mutex_array_end = .)
                0x20000310                        . = ALIGN (0x4)
                0x20000310                        PROVIDE (__preinit_array_start = .)
 *(SORT_BY_NAME(.preinit_array.*))
 .preinit_array.00001
                0x20000310        0x4 CMakeFiles/out.dir/user/HS400/ba01081/com1031/pico-sdk/src/rp2_common/pico_mem_ops/mem_ops_aeabi.S.obj
 .preinit_array.00010
                0x20000314        0x4 CMakeFiles/out.dir/user/HS400/ba01081/com1031/pico-sdk/src/rp2_common/pico_bit_ops/bit_ops_aeabi.S.obj
 .preinit_array.00020
                0x20000318        0x4 CMakeFiles/out.dir/user/HS400/ba01081/com1031/pico-sdk/src/rp2_common/pico_double/double_aeabi.S.obj
 .preinit_array.00020
                0x2000031c        0x4 CMakeFiles/out.dir/user/HS400/ba01081/com1031/pico-sdk/src/rp2_common/pico_float/float_aeabi.S.obj
 *(.preinit_array)
                0x20000320                        PROVIDE (__preinit_array_end = .)
                0x20000320                        . = ALIGN (0x4)
                0x20000320                        PROVIDE (__init_array_start = .)
 *(SORT_BY_NAME(.init_array.*))
 *(.init_array)
 .init_array    0x20000320        0x4 /user/HS400/ba01081/com1031/arm-toolchain/bin/../lib/gcc/arm-none-eabi/12.3.1/thumb/v6-m/nofp/crtbegin.o
                0x20000324                        PROVIDE (__init_array_end = .)
                0x20000324                        . = ALIGN (0x4)
                [!provide]                        PROVIDE (__fini_array_start = .)
 *(SORT_BY_NAME(.fini_array.*))
 *(.fini_array)
                [!provide]                        PROVIDE (__fini_array_end = .)
 *(.jcr)
                0x20000324                        . = ALIGN (0x4)
                0x20000324                        __data_end__ = .
                0x10005528                        __etext = LOADADDR (.data)

.tm_clone_table
                0x20000324        0x0 load address 0x1000578c
 .tm_clone_table
                0x20000324        0x0 /user/HS400/ba01081/com1031/arm-toolchain/bin/../lib/gcc/arm-none-eabi/12.3.1/thumb/v6-m/nofp/crtbegin.o
 .tm_clone_table
                0x20000324        0x0 /user/HS400/ba01081/com1031/arm-toolchain/bin/../lib/gcc/arm-none-eabi/12.3.1/thumb/v6-m/nofp/crtend.o

.igot.plt       0x20000324        0x0 load address 0x1000578c
 .igot.plt      0x20000324        0x0 /user/HS400/ba01081/com1031/arm-toolchain/bin/../lib/gcc/arm-none-eabi/12.3.1/thumb/v6-m/nofp/crtbegin.o

.uninitialized_data
                0x20000324        0x0 load address 0x1000578c
                0x20000324                        . = ALIGN (0x4)
 *(.uninitialized_data*)

.scratch_x      0x20040000        0x0 load address 0x1000578c
                0x20040000                        __scratch_x_start__ = .
 *(.scratch_x.*)
                0x20040000                        . = ALIGN (0x4)
                0x20040000                        __scratch_x_end__ = .
                0x1000578c                        __scratch_x_source__ = LOADADDR (.scratch_x)

.scratch_y      0x20041000        0x0 load address 0x1000578c
                0x20041000                        __scratch_y_start__ = .
 *(.scratch_y.*)
                0x20041000                        . = ALIGN (0x4)
                0x20041000                        __scratch_y_end__ = .
                0x1000578c                        __scratch_y_source__ = LOADADDR (.scratch_y)

.bss            0x20000328      0x3d8
                0x20000328                        . = ALIGN (0x4)
                0x20000328                        __bss_start__ = .
 *(SORT_BY_ALIGNMENT(SORT_BY_NAME(.bss*)))
 .bss.default_alarm_pool_entries
                0x20000328      0x100 CMakeFiles/out.dir/user/HS400/ba01081/com1031/pico-sdk/src/common/pico_time/time.c.obj
 .bss.alarm_callbacks
                0x20000428       0x10 CMakeFiles/out.dir/user/HS400/ba01081/com1031/pico-sdk/src/rp2_common/hardware_timer/timer.c.obj
 .bss.chars_available_callback
                0x20000438        0x4 CMakeFiles/out.dir/user/HS400/ba01081/com1031/pico-sdk/src/rp2_common/pico_stdio_uart/stdio_uart.c.obj
 .bss.chars_available_param
                0x2000043c        0x4 CMakeFiles/out.dir/user/HS400/ba01081/com1031/pico-sdk/src/rp2_common/pico_stdio_uart/stdio_uart.c.obj
 .bss.configured_freq
                0x20000440       0x28 CMakeFiles/out.dir/user/HS400/ba01081/com1031/pico-sdk/src/rp2_common/hardware_clocks/clocks.c.obj
 .bss.default_alarm_pool_entry_ids_high
                0x20000468       0x10 CMakeFiles/out.dir/user/HS400/ba01081/com1031/pico-sdk/src/common/pico_time/time.c.obj
 .bss.default_alarm_pool_heap_nodes
                0x20000478       0x30 CMakeFiles/out.dir/user/HS400/ba01081/com1031/pico-sdk/src/common/pico_time/time.c.obj
 .bss.drivers   0x200004a8        0x4 CMakeFiles/out.dir/user/HS400/ba01081/com1031/pico-sdk/src/rp2_common/pico_stdio/stdio.c.obj
 .bss.filter    0x200004ac        0x4 CMakeFiles/out.dir/user/HS400/ba01081/com1031/pico-sdk/src/rp2_common/pico_stdio/stdio.c.obj
 .bss.object.0  0x200004b0       0x18 /user/HS400/ba01081/com1031/arm-toolchain/bin/../lib/gcc/arm-none-eabi/12.3.1/thumb/v6-m/nofp/crtbegin.o
 .bss.pools     0x200004c8       0x10 CMakeFiles/out.dir/user/HS400/ba01081/com1031/pico-sdk/src/common/pico_time/time.c.obj
 .bss.pressDuration
                0x200004d8        0x4 CMakeFiles/out.dir/morse_code.c.obj
                0x200004d8                pressDuration
 .bss.sd_table  0x200004dc      0x100 CMakeFiles/out.dir/user/HS400/ba01081/com1031/pico-sdk/src/rp2_common/pico_double/double_init_rom.c.obj
                0x200004dc                sd_table
 .bss.sf_clz_func
                0x200005dc        0x4 CMakeFiles/out.dir/user/HS400/ba01081/com1031/pico-sdk/src/rp2_common/pico_double/double_init_rom.c.obj
                0x200005dc                sf_clz_func
 .bss.sf_table  0x200005e0      0x100 CMakeFiles/out.dir/user/HS400/ba01081/com1031/pico-sdk/src/rp2_common/pico_float/float_init_rom.c.obj
                0x200005e0                sf_table
 .bss.sleep_notifier
                0x200006e0        0x4 CMakeFiles/out.dir/user/HS400/ba01081/com1031/pico-sdk/src/common/pico_time/time.c.obj
 .bss.target_hi
                0x200006e4       0x10 CMakeFiles/out.dir/user/HS400/ba01081/com1031/pico-sdk/src/rp2_common/hardware_timer/timer.c.obj
 .bss.uart_char_to_line_feed
                0x200006f4        0x4 CMakeFiles/out.dir/user/HS400/ba01081/com1031/pico-sdk/src/rp2_common/hardware_uart/uart.c.obj
                0x200006f4                uart_char_to_line_feed
 .bss.uart_instance
                0x200006f8        0x4 CMakeFiles/out.dir/user/HS400/ba01081/com1031/pico-sdk/src/rp2_common/pico_stdio_uart/stdio_uart.c.obj
 .bss.claimed   0x200006fc        0x1 CMakeFiles/out.dir/user/HS400/ba01081/com1031/pico-sdk/src/rp2_common/hardware_timer/timer.c.obj
 .bss.irq_hander_chain_free_slot_head
                0x200006fd        0x1 CMakeFiles/out.dir/user/HS400/ba01081/com1031/pico-sdk/src/rp2_common/hardware_irq/irq.c.obj
 .bss.timer_callbacks_pending
                0x200006fe        0x1 CMakeFiles/out.dir/user/HS400/ba01081/com1031/pico-sdk/src/rp2_common/hardware_timer/timer.c.obj
 *(COMMON)
                0x20000700                        . = ALIGN (0x4)
 *fill*         0x200006ff        0x1 
                0x20000700                        __bss_end__ = .

.heap           0x20000700      0x800
                0x20000700                        __end__ = .
                0x20000700                        end = __end__
 *(.heap*)
 .heap          0x20000700      0x800 CMakeFiles/out.dir/user/HS400/ba01081/com1031/pico-sdk/src/rp2_common/pico_standard_link/crt0.S.obj
                0x20000f00                        __HeapLimit = .

.stack1_dummy
 *(.stack1*)

.stack_dummy    0x20041000      0x800
 *(.stack*)
 .stack         0x20041000      0x800 CMakeFiles/out.dir/user/HS400/ba01081/com1031/pico-sdk/src/rp2_common/pico_standard_link/crt0.S.obj

.flash_end      0x1000578c        0x0
                0x1000578c                        PROVIDE (__flash_binary_end = .)
                0x20040000                        __StackLimit = (ORIGIN (RAM) + LENGTH (RAM))
                0x20041000                        __StackOneTop = (ORIGIN (SCRATCH_X) + LENGTH (SCRATCH_X))
                0x20042000                        __StackTop = (ORIGIN (SCRATCH_Y) + LENGTH (SCRATCH_Y))
                0x20041000                        __StackOneBottom = (__StackOneTop - SIZEOF (.stack1_dummy))
                0x20041800                        __StackBottom = (__StackTop - SIZEOF (.stack_dummy))
                0x20042000                        PROVIDE (__stack = __StackTop)
                0x00000001                        ASSERT ((__StackLimit >= __HeapLimit), region RAM overflowed)
                0x00000001                        ASSERT (((__binary_info_header_end - __logical_binary_start) <= 0x100), Binary info must be in first 256 bytes of the binary)
LOAD CMakeFiles/out.dir/morse_code.c.obj
LOAD CMakeFiles/out.dir/user/HS400/ba01081/com1031/pico-sdk/src/rp2_common/pico_stdlib/stdlib.c.obj
LOAD CMakeFiles/out.dir/user/HS400/ba01081/com1031/pico-sdk/src/rp2_common/hardware_gpio/gpio.c.obj
LOAD CMakeFiles/out.dir/user/HS400/ba01081/com1031/pico-sdk/src/rp2_common/pico_platform/platform.c.obj
LOAD CMakeFiles/out.dir/user/HS400/ba01081/com1031/pico-sdk/src/rp2_common/hardware_claim/claim.c.obj
LOAD CMakeFiles/out.dir/user/HS400/ba01081/com1031/pico-sdk/src/rp2_common/hardware_sync/sync.c.obj
LOAD CMakeFiles/out.dir/user/HS400/ba01081/com1031/pico-sdk/src/rp2_common/hardware_irq/irq.c.obj
LOAD CMakeFiles/out.dir/user/HS400/ba01081/com1031/pico-sdk/src/rp2_common/hardware_irq/irq_handler_chain.S.obj
LOAD CMakeFiles/out.dir/user/HS400/ba01081/com1031/pico-sdk/src/common/pico_sync/sem.c.obj
LOAD CMakeFiles/out.dir/user/HS400/ba01081/com1031/pico-sdk/src/common/pico_sync/lock_core.c.obj
LOAD CMakeFiles/out.dir/user/HS400/ba01081/com1031/pico-sdk/src/common/pico_sync/mutex.c.obj
LOAD CMakeFiles/out.dir/user/HS400/ba01081/com1031/pico-sdk/src/common/pico_sync/critical_section.c.obj
LOAD CMakeFiles/out.dir/user/HS400/ba01081/com1031/pico-sdk/src/common/pico_time/time.c.obj
LOAD CMakeFiles/out.dir/user/HS400/ba01081/com1031/pico-sdk/src/common/pico_time/timeout_helper.c.obj
LOAD CMakeFiles/out.dir/user/HS400/ba01081/com1031/pico-sdk/src/rp2_common/hardware_timer/timer.c.obj
LOAD CMakeFiles/out.dir/user/HS400/ba01081/com1031/pico-sdk/src/common/pico_util/datetime.c.obj
LOAD CMakeFiles/out.dir/user/HS400/ba01081/com1031/pico-sdk/src/common/pico_util/pheap.c.obj
LOAD CMakeFiles/out.dir/user/HS400/ba01081/com1031/pico-sdk/src/common/pico_util/queue.c.obj
LOAD CMakeFiles/out.dir/user/HS400/ba01081/com1031/pico-sdk/src/rp2_common/hardware_uart/uart.c.obj
LOAD CMakeFiles/out.dir/user/HS400/ba01081/com1031/pico-sdk/src/rp2_common/hardware_clocks/clocks.c.obj
LOAD CMakeFiles/out.dir/user/HS400/ba01081/com1031/pico-sdk/src/rp2_common/hardware_pll/pll.c.obj
LOAD CMakeFiles/out.dir/user/HS400/ba01081/com1031/pico-sdk/src/rp2_common/hardware_vreg/vreg.c.obj
LOAD CMakeFiles/out.dir/user/HS400/ba01081/com1031/pico-sdk/src/rp2_common/hardware_watchdog/watchdog.c.obj
LOAD CMakeFiles/out.dir/user/HS400/ba01081/com1031/pico-sdk/src/rp2_common/hardware_xosc/xosc.c.obj
LOAD CMakeFiles/out.dir/user/HS400/ba01081/com1031/pico-sdk/src/rp2_common/hardware_divider/divider.S.obj
LOAD CMakeFiles/out.dir/user/HS400/ba01081/com1031/pico-sdk/src/rp2_common/pico_runtime/runtime.c.obj
LOAD CMakeFiles/out.dir/user/HS400/ba01081/com1031/pico-sdk/src/rp2_common/pico_printf/printf.c.obj
LOAD CMakeFiles/out.dir/user/HS400/ba01081/com1031/pico-sdk/src/rp2_common/pico_bit_ops/bit_ops_aeabi.S.obj
LOAD CMakeFiles/out.dir/user/HS400/ba01081/com1031/pico-sdk/src/rp2_common/pico_bootrom/bootrom.c.obj
LOAD CMakeFiles/out.dir/user/HS400/ba01081/com1031/pico-sdk/src/rp2_common/pico_divider/divider.S.obj
LOAD CMakeFiles/out.dir/user/HS400/ba01081/com1031/pico-sdk/src/rp2_common/pico_double/double_aeabi.S.obj
LOAD CMakeFiles/out.dir/user/HS400/ba01081/com1031/pico-sdk/src/rp2_common/pico_double/double_init_rom.c.obj
LOAD CMakeFiles/out.dir/user/HS400/ba01081/com1031/pico-sdk/src/rp2_common/pico_double/double_math.c.obj
LOAD CMakeFiles/out.dir/user/HS400/ba01081/com1031/pico-sdk/src/rp2_common/pico_double/double_v1_rom_shim.S.obj
LOAD CMakeFiles/out.dir/user/HS400/ba01081/com1031/pico-sdk/src/rp2_common/pico_int64_ops/pico_int64_ops_aeabi.S.obj
LOAD CMakeFiles/out.dir/user/HS400/ba01081/com1031/pico-sdk/src/rp2_common/pico_float/float_aeabi.S.obj
LOAD CMakeFiles/out.dir/user/HS400/ba01081/com1031/pico-sdk/src/rp2_common/pico_float/float_init_rom.c.obj
LOAD CMakeFiles/out.dir/user/HS400/ba01081/com1031/pico-sdk/src/rp2_common/pico_float/float_math.c.obj
LOAD CMakeFiles/out.dir/user/HS400/ba01081/com1031/pico-sdk/src/rp2_common/pico_float/float_v1_rom_shim.S.obj
LOAD CMakeFiles/out.dir/user/HS400/ba01081/com1031/pico-sdk/src/rp2_common/pico_malloc/pico_malloc.c.obj
LOAD CMakeFiles/out.dir/user/HS400/ba01081/com1031/pico-sdk/src/rp2_common/pico_mem_ops/mem_ops_aeabi.S.obj
LOAD CMakeFiles/out.dir/user/HS400/ba01081/com1031/pico-sdk/src/rp2_common/pico_standard_link/crt0.S.obj
LOAD CMakeFiles/out.dir/user/HS400/ba01081/com1031/pico-sdk/src/rp2_common/pico_standard_link/new_delete.cpp.obj
LOAD CMakeFiles/out.dir/user/HS400/ba01081/com1031/pico-sdk/src/rp2_common/pico_standard_link/binary_info.c.obj
LOAD CMakeFiles/out.dir/user/HS400/ba01081/com1031/pico-sdk/src/rp2_common/pico_stdio/stdio.c.obj
LOAD CMakeFiles/out.dir/user/HS400/ba01081/com1031/pico-sdk/src/rp2_common/pico_stdio_uart/stdio_uart.c.obj
LOAD /tmp/cc3r9Un6.o
LOAD /user/HS400/ba01081/com1031/arm-toolchain/bin/../lib/gcc/arm-none-eabi/12.3.1/../../../../arm-none-eabi/lib/thumb/v6-m/nofp/libstdc++.a
LOAD /user/HS400/ba01081/com1031/arm-toolchain/bin/../lib/gcc/arm-none-eabi/12.3.1/../../../../arm-none-eabi/lib/thumb/v6-m/nofp/libm.a
START GROUP
LOAD /user/HS400/ba01081/com1031/arm-toolchain/bin/../lib/gcc/arm-none-eabi/12.3.1/thumb/v6-m/nofp/libgcc.a
LOAD /user/HS400/ba01081/com1031/arm-toolchain/bin/../lib/gcc/arm-none-eabi/12.3.1/../../../../arm-none-eabi/lib/thumb/v6-m/nofp/libg.a
LOAD /user/HS400/ba01081/com1031/arm-toolchain/bin/../lib/gcc/arm-none-eabi/12.3.1/../../../../arm-none-eabi/lib/thumb/v6-m/nofp/libc.a
END GROUP
START GROUP
LOAD /user/HS400/ba01081/com1031/arm-toolchain/bin/../lib/gcc/arm-none-eabi/12.3.1/thumb/v6-m/nofp/libgcc.a
LOAD /user/HS400/ba01081/com1031/arm-toolchain/bin/../lib/gcc/arm-none-eabi/12.3.1/../../../../arm-none-eabi/lib/thumb/v6-m/nofp/libc.a
LOAD /user/HS400/ba01081/com1031/arm-toolchain/bin/../lib/gcc/arm-none-eabi/12.3.1/../../../../arm-none-eabi/lib/thumb/v6-m/nofp/libnosys.a
END GROUP
LOAD /user/HS400/ba01081/com1031/arm-toolchain/bin/../lib/gcc/arm-none-eabi/12.3.1/thumb/v6-m/nofp/crtend.o
LOAD /user/HS400/ba01081/com1031/arm-toolchain/bin/../lib/gcc/arm-none-eabi/12.3.1/thumb/v6-m/nofp/crtn.o
OUTPUT(out.elf elf32-littlearm)
LOAD linker stubs

.ARM.attributes
                0x00000000       0x28
 .ARM.attributes
                0x00000000       0x1e /user/HS400/ba01081/com1031/arm-toolchain/bin/../lib/gcc/arm-none-eabi/12.3.1/thumb/v6-m/nofp/crti.o
 .ARM.attributes
                0x0000001e       0x2c /user/HS400/ba01081/com1031/arm-toolchain/bin/../lib/gcc/arm-none-eabi/12.3.1/thumb/v6-m/nofp/crtbegin.o
 .ARM.attributes
                0x0000004a       0x2c CMakeFiles/out.dir/morse_code.c.obj
 .ARM.attributes
                0x00000076       0x2c CMakeFiles/out.dir/user/HS400/ba01081/com1031/pico-sdk/src/rp2_common/hardware_gpio/gpio.c.obj
 .ARM.attributes
                0x000000a2       0x2c CMakeFiles/out.dir/user/HS400/ba01081/com1031/pico-sdk/src/rp2_common/pico_platform/platform.c.obj
 .ARM.attributes
                0x000000ce       0x2c CMakeFiles/out.dir/user/HS400/ba01081/com1031/pico-sdk/src/rp2_common/hardware_claim/claim.c.obj
 .ARM.attributes
                0x000000fa       0x2c CMakeFiles/out.dir/user/HS400/ba01081/com1031/pico-sdk/src/rp2_common/hardware_sync/sync.c.obj
 .ARM.attributes
                0x00000126       0x2c CMakeFiles/out.dir/user/HS400/ba01081/com1031/pico-sdk/src/rp2_common/hardware_irq/irq.c.obj
 .ARM.attributes
                0x00000152       0x22 CMakeFiles/out.dir/user/HS400/ba01081/com1031/pico-sdk/src/rp2_common/hardware_irq/irq_handler_chain.S.obj
 .ARM.attributes
                0x00000174       0x2c CMakeFiles/out.dir/user/HS400/ba01081/com1031/pico-sdk/src/common/pico_sync/lock_core.c.obj
 .ARM.attributes
                0x000001a0       0x2c CMakeFiles/out.dir/user/HS400/ba01081/com1031/pico-sdk/src/common/pico_sync/mutex.c.obj
 .ARM.attributes
                0x000001cc       0x2c CMakeFiles/out.dir/user/HS400/ba01081/com1031/pico-sdk/src/common/pico_time/time.c.obj
 .ARM.attributes
                0x000001f8       0x2c CMakeFiles/out.dir/user/HS400/ba01081/com1031/pico-sdk/src/rp2_common/hardware_timer/timer.c.obj
 .ARM.attributes
                0x00000224       0x2c CMakeFiles/out.dir/user/HS400/ba01081/com1031/pico-sdk/src/common/pico_util/pheap.c.obj
 .ARM.attributes
                0x00000250       0x2c CMakeFiles/out.dir/user/HS400/ba01081/com1031/pico-sdk/src/rp2_common/hardware_uart/uart.c.obj
 .ARM.attributes
                0x0000027c       0x2c CMakeFiles/out.dir/user/HS400/ba01081/com1031/pico-sdk/src/rp2_common/hardware_clocks/clocks.c.obj
 .ARM.attributes
                0x000002a8       0x2c CMakeFiles/out.dir/user/HS400/ba01081/com1031/pico-sdk/src/rp2_common/hardware_pll/pll.c.obj
 .ARM.attributes
                0x000002d4       0x2c CMakeFiles/out.dir/user/HS400/ba01081/com1031/pico-sdk/src/rp2_common/hardware_watchdog/watchdog.c.obj
 .ARM.attributes
                0x00000300       0x2c CMakeFiles/out.dir/user/HS400/ba01081/com1031/pico-sdk/src/rp2_common/hardware_xosc/xosc.c.obj
 .ARM.attributes
                0x0000032c       0x2c CMakeFiles/out.dir/user/HS400/ba01081/com1031/pico-sdk/src/rp2_common/pico_runtime/runtime.c.obj
 .ARM.attributes
                0x00000358       0x2c CMakeFiles/out.dir/user/HS400/ba01081/com1031/pico-sdk/src/rp2_common/pico_printf/printf.c.obj
 .ARM.attributes
                0x00000384       0x22 CMakeFiles/out.dir/user/HS400/ba01081/com1031/pico-sdk/src/rp2_common/pico_bit_ops/bit_ops_aeabi.S.obj
 .ARM.attributes
                0x000003a6       0x2c CMakeFiles/out.dir/user/HS400/ba01081/com1031/pico-sdk/src/rp2_common/pico_bootrom/bootrom.c.obj
 .ARM.attributes
                0x000003d2       0x22 CMakeFiles/out.dir/user/HS400/ba01081/com1031/pico-sdk/src/rp2_common/pico_divider/divider.S.obj
 .ARM.attributes
                0x000003f4       0x22 CMakeFiles/out.dir/user/HS400/ba01081/com1031/pico-sdk/src/rp2_common/pico_double/double_aeabi.S.obj
 .ARM.attributes
                0x00000416       0x2c CMakeFiles/out.dir/user/HS400/ba01081/com1031/pico-sdk/src/rp2_common/pico_double/double_init_rom.c.obj
 .ARM.attributes
                0x00000442       0x22 CMakeFiles/out.dir/user/HS400/ba01081/com1031/pico-sdk/src/rp2_common/pico_double/double_v1_rom_shim.S.obj
 .ARM.attributes
                0x00000464       0x22 CMakeFiles/out.dir/user/HS400/ba01081/com1031/pico-sdk/src/rp2_common/pico_int64_ops/pico_int64_ops_aeabi.S.obj
 .ARM.attributes
                0x00000486       0x22 CMakeFiles/out.dir/user/HS400/ba01081/com1031/pico-sdk/src/rp2_common/pico_float/float_aeabi.S.obj
 .ARM.attributes
                0x000004a8       0x2c CMakeFiles/out.dir/user/HS400/ba01081/com1031/pico-sdk/src/rp2_common/pico_float/float_init_rom.c.obj
 .ARM.attributes
                0x000004d4       0x22 CMakeFiles/out.dir/user/HS400/ba01081/com1031/pico-sdk/src/rp2_common/pico_float/float_v1_rom_shim.S.obj
 .ARM.attributes
                0x000004f6       0x22 CMakeFiles/out.dir/user/HS400/ba01081/com1031/pico-sdk/src/rp2_common/pico_mem_ops/mem_ops_aeabi.S.obj
 .ARM.attributes
                0x00000518       0x22 CMakeFiles/out.dir/user/HS400/ba01081/com1031/pico-sdk/src/rp2_common/pico_standard_link/crt0.S.obj
 .ARM.attributes
                0x0000053a       0x2c CMakeFiles/out.dir/user/HS400/ba01081/com1031/pico-sdk/src/rp2_common/pico_standard_link/binary_info.c.obj
 .ARM.attributes
                0x00000566       0x2c CMakeFiles/out.dir/user/HS400/ba01081/com1031/pico-sdk/src/rp2_common/pico_stdio/stdio.c.obj
 .ARM.attributes
                0x00000592       0x2c CMakeFiles/out.dir/user/HS400/ba01081/com1031/pico-sdk/src/rp2_common/pico_stdio_uart/stdio_uart.c.obj
 .ARM.attributes
                0x000005be       0x22 /tmp/cc3r9Un6.o
 .ARM.attributes
                0x000005e0       0x1e /user/HS400/ba01081/com1031/arm-toolchain/bin/../lib/gcc/arm-none-eabi/12.3.1/thumb/v6-m/nofp/libgcc.a(_dvmd_tls.o)
 .ARM.attributes
                0x000005fe       0x2c /user/HS400/ba01081/com1031/arm-toolchain/bin/../lib/gcc/arm-none-eabi/12.3.1/../../../../arm-none-eabi/lib/thumb/v6-m/nofp/libg.a(libc_a-strlen-stub.o)
 .ARM.attributes
                0x0000062a       0x2c /user/HS400/ba01081/com1031/arm-toolchain/bin/../lib/gcc/arm-none-eabi/12.3.1/thumb/v6-m/nofp/crtend.o

.comment        0x00000000       0x45
 .comment       0x00000000       0x45 CMakeFiles/out.dir/morse_code.c.obj
                                 0x46 (size before relaxing)
 .comment       0x00000045       0x46 CMakeFiles/out.dir/user/HS400/ba01081/com1031/pico-sdk/src/rp2_common/hardware_gpio/gpio.c.obj
 .comment       0x00000045       0x46 CMakeFiles/out.dir/user/HS400/ba01081/com1031/pico-sdk/src/rp2_common/pico_platform/platform.c.obj
 .comment       0x00000045       0x46 CMakeFiles/out.dir/user/HS400/ba01081/com1031/pico-sdk/src/rp2_common/hardware_claim/claim.c.obj
 .comment       0x00000045       0x46 CMakeFiles/out.dir/user/HS400/ba01081/com1031/pico-sdk/src/rp2_common/hardware_sync/sync.c.obj
 .comment       0x00000045       0x46 CMakeFiles/out.dir/user/HS400/ba01081/com1031/pico-sdk/src/rp2_common/hardware_irq/irq.c.obj
 .comment       0x00000045       0x46 CMakeFiles/out.dir/user/HS400/ba01081/com1031/pico-sdk/src/common/pico_sync/lock_core.c.obj
 .comment       0x00000045       0x46 CMakeFiles/out.dir/user/HS400/ba01081/com1031/pico-sdk/src/common/pico_sync/mutex.c.obj
 .comment       0x00000045       0x46 CMakeFiles/out.dir/user/HS400/ba01081/com1031/pico-sdk/src/common/pico_time/time.c.obj
 .comment       0x00000045       0x46 CMakeFiles/out.dir/user/HS400/ba01081/com1031/pico-sdk/src/rp2_common/hardware_timer/timer.c.obj
 .comment       0x00000045       0x46 CMakeFiles/out.dir/user/HS400/ba01081/com1031/pico-sdk/src/common/pico_util/pheap.c.obj
 .comment       0x00000045       0x46 CMakeFiles/out.dir/user/HS400/ba01081/com1031/pico-sdk/src/rp2_common/hardware_uart/uart.c.obj
 .comment       0x00000045       0x46 CMakeFiles/out.dir/user/HS400/ba01081/com1031/pico-sdk/src/rp2_common/hardware_clocks/clocks.c.obj
 .comment       0x00000045       0x46 CMakeFiles/out.dir/user/HS400/ba01081/com1031/pico-sdk/src/rp2_common/hardware_pll/pll.c.obj
 .comment       0x00000045       0x46 CMakeFiles/out.dir/user/HS400/ba01081/com1031/pico-sdk/src/rp2_common/hardware_watchdog/watchdog.c.obj
 .comment       0x00000045       0x46 CMakeFiles/out.dir/user/HS400/ba01081/com1031/pico-sdk/src/rp2_common/hardware_xosc/xosc.c.obj
 .comment       0x00000045       0x46 CMakeFiles/out.dir/user/HS400/ba01081/com1031/pico-sdk/src/rp2_common/pico_runtime/runtime.c.obj
 .comment       0x00000045       0x46 CMakeFiles/out.dir/user/HS400/ba01081/com1031/pico-sdk/src/rp2_common/pico_printf/printf.c.obj
 .comment       0x00000045       0x46 CMakeFiles/out.dir/user/HS400/ba01081/com1031/pico-sdk/src/rp2_common/pico_bootrom/bootrom.c.obj
 .comment       0x00000045       0x46 CMakeFiles/out.dir/user/HS400/ba01081/com1031/pico-sdk/src/rp2_common/pico_double/double_init_rom.c.obj
 .comment       0x00000045       0x46 CMakeFiles/out.dir/user/HS400/ba01081/com1031/pico-sdk/src/rp2_common/pico_float/float_init_rom.c.obj
 .comment       0x00000045       0x46 CMakeFiles/out.dir/user/HS400/ba01081/com1031/pico-sdk/src/rp2_common/pico_standard_link/binary_info.c.obj
 .comment       0x00000045       0x46 CMakeFiles/out.dir/user/HS400/ba01081/com1031/pico-sdk/src/rp2_common/pico_stdio/stdio.c.obj
 .comment       0x00000045       0x46 CMakeFiles/out.dir/user/HS400/ba01081/com1031/pico-sdk/src/rp2_common/pico_stdio_uart/stdio_uart.c.obj

.debug_info     0x00000000    0x1477c
 .debug_info    0x00000000      0x934 CMakeFiles/out.dir/morse_code.c.obj
 .debug_info    0x00000934     0x17f5 CMakeFiles/out.dir/user/HS400/ba01081/com1031/pico-sdk/src/rp2_common/hardware_gpio/gpio.c.obj
 .debug_info    0x00002129      0x1fb CMakeFiles/out.dir/user/HS400/ba01081/com1031/pico-sdk/src/rp2_common/pico_platform/platform.c.obj
 .debug_info    0x00002324      0x69a CMakeFiles/out.dir/user/HS400/ba01081/com1031/pico-sdk/src/rp2_common/hardware_claim/claim.c.obj
 .debug_info    0x000029be      0x5db CMakeFiles/out.dir/user/HS400/ba01081/com1031/pico-sdk/src/rp2_common/hardware_sync/sync.c.obj
 .debug_info    0x00002f99     0x1c0b CMakeFiles/out.dir/user/HS400/ba01081/com1031/pico-sdk/src/rp2_common/hardware_irq/irq.c.obj
 .debug_info    0x00004ba4      0x1a3 CMakeFiles/out.dir/user/HS400/ba01081/com1031/pico-sdk/src/common/pico_sync/lock_core.c.obj
 .debug_info    0x00004d47     0x1d25 CMakeFiles/out.dir/user/HS400/ba01081/com1031/pico-sdk/src/common/pico_sync/mutex.c.obj
 .debug_info    0x00006a6c     0x33e9 CMakeFiles/out.dir/user/HS400/ba01081/com1031/pico-sdk/src/common/pico_time/time.c.obj
 .debug_info    0x00009e55     0x142a CMakeFiles/out.dir/user/HS400/ba01081/com1031/pico-sdk/src/rp2_common/hardware_timer/timer.c.obj
 .debug_info    0x0000b27f      0xe63 CMakeFiles/out.dir/user/HS400/ba01081/com1031/pico-sdk/src/common/pico_util/pheap.c.obj
 .debug_info    0x0000c0e2      0xd98 CMakeFiles/out.dir/user/HS400/ba01081/com1031/pico-sdk/src/rp2_common/hardware_uart/uart.c.obj
 .debug_info    0x0000ce7a      0xfe7 CMakeFiles/out.dir/user/HS400/ba01081/com1031/pico-sdk/src/rp2_common/hardware_clocks/clocks.c.obj
 .debug_info    0x0000de61      0x505 CMakeFiles/out.dir/user/HS400/ba01081/com1031/pico-sdk/src/rp2_common/hardware_pll/pll.c.obj
 .debug_info    0x0000e366      0x4c5 CMakeFiles/out.dir/user/HS400/ba01081/com1031/pico-sdk/src/rp2_common/hardware_watchdog/watchdog.c.obj
 .debug_info    0x0000e82b      0x1c7 CMakeFiles/out.dir/user/HS400/ba01081/com1031/pico-sdk/src/rp2_common/hardware_xosc/xosc.c.obj
 .debug_info    0x0000e9f2      0xf17 CMakeFiles/out.dir/user/HS400/ba01081/com1031/pico-sdk/src/rp2_common/pico_runtime/runtime.c.obj
 .debug_info    0x0000f909     0x19a2 CMakeFiles/out.dir/user/HS400/ba01081/com1031/pico-sdk/src/rp2_common/pico_printf/printf.c.obj
 .debug_info    0x000112ab       0x23 CMakeFiles/out.dir/user/HS400/ba01081/com1031/pico-sdk/src/rp2_common/pico_bit_ops/bit_ops_aeabi.S.obj
 .debug_info    0x000112ce      0x325 CMakeFiles/out.dir/user/HS400/ba01081/com1031/pico-sdk/src/rp2_common/pico_bootrom/bootrom.c.obj
 .debug_info    0x000115f3       0x23 CMakeFiles/out.dir/user/HS400/ba01081/com1031/pico-sdk/src/rp2_common/pico_divider/divider.S.obj
 .debug_info    0x00011616       0x23 CMakeFiles/out.dir/user/HS400/ba01081/com1031/pico-sdk/src/rp2_common/pico_double/double_aeabi.S.obj
 .debug_info    0x00011639      0x33b CMakeFiles/out.dir/user/HS400/ba01081/com1031/pico-sdk/src/rp2_common/pico_double/double_init_rom.c.obj
 .debug_info    0x00011974       0x23 CMakeFiles/out.dir/user/HS400/ba01081/com1031/pico-sdk/src/rp2_common/pico_double/double_v1_rom_shim.S.obj
 .debug_info    0x00011997       0x24 CMakeFiles/out.dir/user/HS400/ba01081/com1031/pico-sdk/src/rp2_common/pico_int64_ops/pico_int64_ops_aeabi.S.obj
 .debug_info    0x000119bb       0x23 CMakeFiles/out.dir/user/HS400/ba01081/com1031/pico-sdk/src/rp2_common/pico_float/float_aeabi.S.obj
 .debug_info    0x000119de      0x34f CMakeFiles/out.dir/user/HS400/ba01081/com1031/pico-sdk/src/rp2_common/pico_float/float_init_rom.c.obj
 .debug_info    0x00011d2d       0x23 CMakeFiles/out.dir/user/HS400/ba01081/com1031/pico-sdk/src/rp2_common/pico_float/float_v1_rom_shim.S.obj
 .debug_info    0x00011d50       0x23 CMakeFiles/out.dir/user/HS400/ba01081/com1031/pico-sdk/src/rp2_common/pico_mem_ops/mem_ops_aeabi.S.obj
 .debug_info    0x00011d73       0x23 CMakeFiles/out.dir/user/HS400/ba01081/com1031/pico-sdk/src/rp2_common/pico_standard_link/crt0.S.obj
 .debug_info    0x00011d96      0x28e CMakeFiles/out.dir/user/HS400/ba01081/com1031/pico-sdk/src/rp2_common/pico_standard_link/binary_info.c.obj
 .debug_info    0x00012024     0x1725 CMakeFiles/out.dir/user/HS400/ba01081/com1031/pico-sdk/src/rp2_common/pico_stdio/stdio.c.obj
 .debug_info    0x00013749     0x1033 CMakeFiles/out.dir/user/HS400/ba01081/com1031/pico-sdk/src/rp2_common/pico_stdio_uart/stdio_uart.c.obj

.debug_abbrev   0x00000000     0x46fa
 .debug_abbrev  0x00000000      0x302 CMakeFiles/out.dir/morse_code.c.obj
 .debug_abbrev  0x00000302      0x3a6 CMakeFiles/out.dir/user/HS400/ba01081/com1031/pico-sdk/src/rp2_common/hardware_gpio/gpio.c.obj
 .debug_abbrev  0x000006a8       0xf8 CMakeFiles/out.dir/user/HS400/ba01081/com1031/pico-sdk/src/rp2_common/pico_platform/platform.c.obj
 .debug_abbrev  0x000007a0      0x2ce CMakeFiles/out.dir/user/HS400/ba01081/com1031/pico-sdk/src/rp2_common/hardware_claim/claim.c.obj
 .debug_abbrev  0x00000a6e      0x249 CMakeFiles/out.dir/user/HS400/ba01081/com1031/pico-sdk/src/rp2_common/hardware_sync/sync.c.obj
 .debug_abbrev  0x00000cb7      0x500 CMakeFiles/out.dir/user/HS400/ba01081/com1031/pico-sdk/src/rp2_common/hardware_irq/irq.c.obj
 .debug_abbrev  0x000011b7      0x116 CMakeFiles/out.dir/user/HS400/ba01081/com1031/pico-sdk/src/common/pico_sync/lock_core.c.obj
 .debug_abbrev  0x000012cd      0x3e8 CMakeFiles/out.dir/user/HS400/ba01081/com1031/pico-sdk/src/common/pico_sync/mutex.c.obj
 .debug_abbrev  0x000016b5      0x5c3 CMakeFiles/out.dir/user/HS400/ba01081/com1031/pico-sdk/src/common/pico_time/time.c.obj
 .debug_abbrev  0x00001c78      0x3d5 CMakeFiles/out.dir/user/HS400/ba01081/com1031/pico-sdk/src/rp2_common/hardware_timer/timer.c.obj
 .debug_abbrev  0x0000204d      0x290 CMakeFiles/out.dir/user/HS400/ba01081/com1031/pico-sdk/src/common/pico_util/pheap.c.obj
 .debug_abbrev  0x000022dd      0x349 CMakeFiles/out.dir/user/HS400/ba01081/com1031/pico-sdk/src/rp2_common/hardware_uart/uart.c.obj
 .debug_abbrev  0x00002626      0x434 CMakeFiles/out.dir/user/HS400/ba01081/com1031/pico-sdk/src/rp2_common/hardware_clocks/clocks.c.obj
 .debug_abbrev  0x00002a5a      0x1e7 CMakeFiles/out.dir/user/HS400/ba01081/com1031/pico-sdk/src/rp2_common/hardware_pll/pll.c.obj
 .debug_abbrev  0x00002c41      0x1a8 CMakeFiles/out.dir/user/HS400/ba01081/com1031/pico-sdk/src/rp2_common/hardware_watchdog/watchdog.c.obj
 .debug_abbrev  0x00002de9      0x10c CMakeFiles/out.dir/user/HS400/ba01081/com1031/pico-sdk/src/rp2_common/hardware_xosc/xosc.c.obj
 .debug_abbrev  0x00002ef5      0x530 CMakeFiles/out.dir/user/HS400/ba01081/com1031/pico-sdk/src/rp2_common/pico_runtime/runtime.c.obj
 .debug_abbrev  0x00003425      0x38a CMakeFiles/out.dir/user/HS400/ba01081/com1031/pico-sdk/src/rp2_common/pico_printf/printf.c.obj
 .debug_abbrev  0x000037af       0x12 CMakeFiles/out.dir/user/HS400/ba01081/com1031/pico-sdk/src/rp2_common/pico_bit_ops/bit_ops_aeabi.S.obj
 .debug_abbrev  0x000037c1      0x167 CMakeFiles/out.dir/user/HS400/ba01081/com1031/pico-sdk/src/rp2_common/pico_bootrom/bootrom.c.obj
 .debug_abbrev  0x00003928       0x12 CMakeFiles/out.dir/user/HS400/ba01081/com1031/pico-sdk/src/rp2_common/pico_divider/divider.S.obj
 .debug_abbrev  0x0000393a       0x12 CMakeFiles/out.dir/user/HS400/ba01081/com1031/pico-sdk/src/rp2_common/pico_double/double_aeabi.S.obj
 .debug_abbrev  0x0000394c      0x1c3 CMakeFiles/out.dir/user/HS400/ba01081/com1031/pico-sdk/src/rp2_common/pico_double/double_init_rom.c.obj
 .debug_abbrev  0x00003b0f       0x12 CMakeFiles/out.dir/user/HS400/ba01081/com1031/pico-sdk/src/rp2_common/pico_double/double_v1_rom_shim.S.obj
 .debug_abbrev  0x00003b21       0x14 CMakeFiles/out.dir/user/HS400/ba01081/com1031/pico-sdk/src/rp2_common/pico_int64_ops/pico_int64_ops_aeabi.S.obj
 .debug_abbrev  0x00003b35       0x12 CMakeFiles/out.dir/user/HS400/ba01081/com1031/pico-sdk/src/rp2_common/pico_float/float_aeabi.S.obj
 .debug_abbrev  0x00003b47      0x1c6 CMakeFiles/out.dir/user/HS400/ba01081/com1031/pico-sdk/src/rp2_common/pico_float/float_init_rom.c.obj
 .debug_abbrev  0x00003d0d       0x12 CMakeFiles/out.dir/user/HS400/ba01081/com1031/pico-sdk/src/rp2_common/pico_float/float_v1_rom_shim.S.obj
 .debug_abbrev  0x00003d1f       0x12 CMakeFiles/out.dir/user/HS400/ba01081/com1031/pico-sdk/src/rp2_common/pico_mem_ops/mem_ops_aeabi.S.obj
 .debug_abbrev  0x00003d31       0x12 CMakeFiles/out.dir/user/HS400/ba01081/com1031/pico-sdk/src/rp2_common/pico_standard_link/crt0.S.obj
 .debug_abbrev  0x00003d43       0xb8 CMakeFiles/out.dir/user/HS400/ba01081/com1031/pico-sdk/src/rp2_common/pico_standard_link/binary_info.c.obj
 .debug_abbrev  0x00003dfb      0x47a CMakeFiles/out.dir/user/HS400/ba01081/com1031/pico-sdk/src/rp2_common/pico_stdio/stdio.c.obj
 .debug_abbrev  0x00004275      0x485 CMakeFiles/out.dir/user/HS400/ba01081/com1031/pico-sdk/src/rp2_common/pico_stdio_uart/stdio_uart.c.obj

.debug_loclists
                0x00000000     0x7c2d
 .debug_loclists
                0x00000000      0x1b5 CMakeFiles/out.dir/morse_code.c.obj
 .debug_loclists
                0x000001b5      0x9c2 CMakeFiles/out.dir/user/HS400/ba01081/com1031/pico-sdk/src/rp2_common/hardware_gpio/gpio.c.obj
 .debug_loclists
                0x00000b77       0x9f CMakeFiles/out.dir/user/HS400/ba01081/com1031/pico-sdk/src/rp2_common/pico_platform/platform.c.obj
 .debug_loclists